[    0.000000] microcode: microcode updated early to revision 0x20, date = 2016-03-16
[    0.000000] Linux version 4.6.4-1-ARCH (builduser@tobias) (gcc version 6.1.1 20160707 (GCC) ) #1 SMP PREEMPT Mon Jul 11 19:12:32 CEST 2016
[    0.000000] Command line: initrd=\intel-ucode.img initrd=\initramfs-linux.img root=PARTUUID=22d511b2-774e-4a5f-9cdc-6258f45f802c rw nouveau.nofbaccel=1
[    0.000000] x86/fpu: xstate_offset[2]:  576, xstate_sizes[2]:  256
[    0.000000] x86/fpu: Supporting XSAVE feature 0x001: 'x87 floating point registers'
[    0.000000] x86/fpu: Supporting XSAVE feature 0x002: 'SSE registers'
[    0.000000] x86/fpu: Supporting XSAVE feature 0x004: 'AVX registers'
[    0.000000] x86/fpu: Enabled xstate features 0x7, context size is 832 bytes, using 'standard' format.
[    0.000000] x86/fpu: Using 'eager' FPU context switches.
[    0.000000] e820: BIOS-provided physical RAM map:
[    0.000000] BIOS-e820: [mem 0x0000000000000000-0x0000000000057fff] usable
[    0.000000] BIOS-e820: [mem 0x0000000000058000-0x0000000000058fff] reserved
[    0.000000] BIOS-e820: [mem 0x0000000000059000-0x000000000009efff] usable
[    0.000000] BIOS-e820: [mem 0x000000000009f000-0x000000000009ffff] reserved
[    0.000000] BIOS-e820: [mem 0x0000000000100000-0x00000000a87c4fff] usable
[    0.000000] BIOS-e820: [mem 0x00000000a87c5000-0x00000000a87cbfff] ACPI NVS
[    0.000000] BIOS-e820: [mem 0x00000000a87cc000-0x00000000a8c2efff] usable
[    0.000000] BIOS-e820: [mem 0x00000000a8c2f000-0x00000000a908dfff] reserved
[    0.000000] BIOS-e820: [mem 0x00000000a908e000-0x00000000c8ab3fff] usable
[    0.000000] BIOS-e820: [mem 0x00000000c8ab4000-0x00000000c8b1dfff] reserved
[    0.000000] BIOS-e820: [mem 0x00000000c8b1e000-0x00000000c8b3bfff] ACPI data
[    0.000000] BIOS-e820: [mem 0x00000000c8b3c000-0x00000000c905ffff] ACPI NVS
[    0.000000] BIOS-e820: [mem 0x00000000c9060000-0x00000000c9ffefff] reserved
[    0.000000] BIOS-e820: [mem 0x00000000c9fff000-0x00000000c9ffffff] usable
[    0.000000] BIOS-e820: [mem 0x00000000cb000000-0x00000000cf1fffff] reserved
[    0.000000] BIOS-e820: [mem 0x00000000f8000000-0x00000000fbffffff] reserved
[    0.000000] BIOS-e820: [mem 0x00000000fec00000-0x00000000fec00fff] reserved
[    0.000000] BIOS-e820: [mem 0x00000000fed00000-0x00000000fed03fff] reserved
[    0.000000] BIOS-e820: [mem 0x00000000fed1c000-0x00000000fed1ffff] reserved
[    0.000000] BIOS-e820: [mem 0x00000000fee00000-0x00000000fee00fff] reserved
[    0.000000] BIOS-e820: [mem 0x00000000ff000000-0x00000000ffffffff] reserved
[    0.000000] BIOS-e820: [mem 0x0000000100000000-0x000000022fdfffff] usable
[    0.000000] NX (Execute Disable) protection: active
[    0.000000] e820: update [mem 0xa7928018-0xa7949c57] usable ==> usable
[    0.000000] e820: update [mem 0xa7917018-0xa7927057] usable ==> usable
[    0.000000] e820: update [mem 0xa7905018-0xa7916057] usable ==> usable
[    0.000000] extended physical RAM map:
[    0.000000] reserve setup_data: [mem 0x0000000000000000-0x0000000000057fff] usable
[    0.000000] reserve setup_data: [mem 0x0000000000058000-0x0000000000058fff] reserved
[    0.000000] reserve setup_data: [mem 0x0000000000059000-0x000000000009efff] usable
[    0.000000] reserve setup_data: [mem 0x000000000009f000-0x000000000009ffff] reserved
[    0.000000] reserve setup_data: [mem 0x0000000000100000-0x00000000a7905017] usable
[    0.000000] reserve setup_data: [mem 0x00000000a7905018-0x00000000a7916057] usable
[    0.000000] reserve setup_data: [mem 0x00000000a7916058-0x00000000a7917017] usable
[    0.000000] reserve setup_data: [mem 0x00000000a7917018-0x00000000a7927057] usable
[    0.000000] reserve setup_data: [mem 0x00000000a7927058-0x00000000a7928017] usable
[    0.000000] reserve setup_data: [mem 0x00000000a7928018-0x00000000a7949c57] usable
[    0.000000] reserve setup_data: [mem 0x00000000a7949c58-0x00000000a87c4fff] usable
[    0.000000] reserve setup_data: [mem 0x00000000a87c5000-0x00000000a87cbfff] ACPI NVS
[    0.000000] reserve setup_data: [mem 0x00000000a87cc000-0x00000000a8c2efff] usable
[    0.000000] reserve setup_data: [mem 0x00000000a8c2f000-0x00000000a908dfff] reserved
[    0.000000] reserve setup_data: [mem 0x00000000a908e000-0x00000000c8ab3fff] usable
[    0.000000] reserve setup_data: [mem 0x00000000c8ab4000-0x00000000c8b1dfff] reserved
[    0.000000] reserve setup_data: [mem 0x00000000c8b1e000-0x00000000c8b3bfff] ACPI data
[    0.000000] reserve setup_data: [mem 0x00000000c8b3c000-0x00000000c905ffff] ACPI NVS
[    0.000000] reserve setup_data: [mem 0x00000000c9060000-0x00000000c9ffefff] reserved
[    0.000000] reserve setup_data: [mem 0x00000000c9fff000-0x00000000c9ffffff] usable
[    0.000000] reserve setup_data: [mem 0x00000000cb000000-0x00000000cf1fffff] reserved
[    0.000000] reserve setup_data: [mem 0x00000000f8000000-0x00000000fbffffff] reserved
[    0.000000] reserve setup_data: [mem 0x00000000fec00000-0x00000000fec00fff] reserved
[    0.000000] reserve setup_data: [mem 0x00000000fed00000-0x00000000fed03fff] reserved
[    0.000000] reserve setup_data: [mem 0x00000000fed1c000-0x00000000fed1ffff] reserved
[    0.000000] reserve setup_data: [mem 0x00000000fee00000-0x00000000fee00fff] reserved
[    0.000000] reserve setup_data: [mem 0x00000000ff000000-0x00000000ffffffff] reserved
[    0.000000] reserve setup_data: [mem 0x0000000100000000-0x000000022fdfffff] usable
[    0.000000] efi: EFI v2.31 by American Megatrends
[    0.000000] efi:  ESRT=0xc9f56898  ACPI 2.0=0xc8b24000  ACPI=0xc8b24000  SMBIOS=0xf04d0  MPS=0xfd5b0 
[    0.000000] esrt: Reserving ESRT space from 0x00000000c9f56898 to 0x00000000c9f568d0.
[    0.000000] SMBIOS 2.8 present.
[    0.000000] DMI: ASUS All Series/Z97I-PLUS, BIOS 2703 12/07/2015
[    0.000000] e820: update [mem 0x00000000-0x00000fff] usable ==> reserved
[    0.000000] e820: remove [mem 0x000a0000-0x000fffff] usable
[    0.000000] e820: last_pfn = 0x22fe00 max_arch_pfn = 0x400000000
[    0.000000] MTRR default type: uncachable
[    0.000000] MTRR fixed ranges enabled:
[    0.000000]   00000-9FFFF write-back
[    0.000000]   A0000-BFFFF uncachable
[    0.000000]   C0000-CFFFF write-protect
[    0.000000]   D0000-DFFFF uncachable
[    0.000000]   E0000-FFFFF write-protect
[    0.000000] MTRR variable ranges enabled:
[    0.000000]   0 base 0000000000 mask 7E00000000 write-back
[    0.000000]   1 base 0200000000 mask 7FE0000000 write-back
[    0.000000]   2 base 0220000000 mask 7FF0000000 write-back
[    0.000000]   3 base 00E0000000 mask 7FE0000000 uncachable
[    0.000000]   4 base 00D0000000 mask 7FF0000000 uncachable
[    0.000000]   5 base 00CC000000 mask 7FFC000000 uncachable
[    0.000000]   6 base 00CB000000 mask 7FFF000000 uncachable
[    0.000000]   7 base 022FE00000 mask 7FFFE00000 uncachable
[    0.000000]   8 disabled
[    0.000000]   9 disabled
[    0.000000] x86/PAT: Configuration [0-7]: WB  WC  UC- UC  WB  WC  UC- WT  
[    0.000000] e820: update [mem 0xcb000000-0xffffffff] usable ==> reserved
[    0.000000] e820: last_pfn = 0xca000 max_arch_pfn = 0x400000000
[    0.000000] found SMP MP-table at [mem 0x000fd850-0x000fd85f] mapped at [ffff8800000fd850]
[    0.000000] Scanning 1 areas for low memory corruption
[    0.000000] Base memory trampoline at [ffff880000097000] 97000 size 24576
[    0.000000] Using GB pages for direct mapping
[    0.000000] BRK [0x01b4f000, 0x01b4ffff] PGTABLE
[    0.000000] BRK [0x01b50000, 0x01b50fff] PGTABLE
[    0.000000] BRK [0x01b51000, 0x01b51fff] PGTABLE
[    0.000000] BRK [0x01b52000, 0x01b52fff] PGTABLE
[    0.000000] BRK [0x01b53000, 0x01b53fff] PGTABLE
[    0.000000] BRK [0x01b54000, 0x01b54fff] PGTABLE
[    0.000000] RAMDISK: [mem 0x7f31a000-0x7fffffff]
[    0.000000] ACPI: Early table checksum verification disabled
[    0.000000] ACPI: RSDP 0x00000000C8B24000 000024 (v02 ALASKA)
[    0.000000] ACPI: XSDT 0x00000000C8B24088 000084 (v01 ALASKA A M I    01072009 AMI  00010013)
[    0.000000] ACPI: FACP 0x00000000C8B33330 00010C (v05 ALASKA A M I    01072009 AMI  00010013)
[    0.000000] ACPI: DSDT 0x00000000C8B241A0 00F18A (v02 ALASKA A M I    00000011 INTL 20120711)
[    0.000000] ACPI: FACS 0x00000000C905FF80 000040
[    0.000000] ACPI: APIC 0x00000000C8B33440 000072 (v03 ALASKA A M I    01072009 AMI  00010013)
[    0.000000] ACPI: FPDT 0x00000000C8B334B8 000044 (v01 ALASKA A M I    01072009 AMI  00010013)
[    0.000000] ACPI: SSDT 0x00000000C8B33500 000C7D (v01 Ther_R Ther_Rvp 00001000 INTL 20120711)
[    0.000000] ACPI: SSDT 0x00000000C8B34180 000539 (v01 PmRef  Cpu0Ist  00003000 INTL 20051117)
[    0.000000] ACPI: SSDT 0x00000000C8B346C0 000B74 (v01 CpuRef CpuSsdt  00003000 INTL 20051117)
[    0.000000] ACPI: MCFG 0x00000000C8B35238 00003C (v01 ALASKA A M I    01072009 MSFT 00000097)
[    0.000000] ACPI: HPET 0x00000000C8B35278 000038 (v01 ALASKA A M I    01072009 AMI. 00000005)
[    0.000000] ACPI: SSDT 0x00000000C8B352B0 00036D (v01 SataRe SataTabl 00001000 INTL 20120711)
[    0.000000] ACPI: SSDT 0x00000000C8B35620 005977 (v01 SaSsdt SaSsdt   00003000 INTL 20120711)
[    0.000000] ACPI: BGRT 0x00000000C8B3B038 000038 (v01 ALASKA A M I    01072009 AMI  00010013)
[    0.000000] ACPI: UEFI 0x00000000C8B3AFF0 000042 (v01 ALASKA A M I    01072009      00000000)
[    0.000000] ACPI: Local APIC address 0xfee00000
[    0.000000] No NUMA configuration found
[    0.000000] Faking a node at [mem 0x0000000000000000-0x000000022fdfffff]
[    0.000000] NODE_DATA(0) allocated [mem 0x22fdf7000-0x22fdfafff]
[    0.000000] Zone ranges:
[    0.000000]   DMA      [mem 0x0000000000001000-0x0000000000ffffff]
[    0.000000]   DMA32    [mem 0x0000000001000000-0x00000000ffffffff]
[    0.000000]   Normal   [mem 0x0000000100000000-0x000000022fdfffff]
[    0.000000] Movable zone start for each node
[    0.000000] Early memory node ranges
[    0.000000]   node   0: [mem 0x0000000000001000-0x0000000000057fff]
[    0.000000]   node   0: [mem 0x0000000000059000-0x000000000009efff]
[    0.000000]   node   0: [mem 0x0000000000100000-0x00000000a87c4fff]
[    0.000000]   node   0: [mem 0x00000000a87cc000-0x00000000a8c2efff]
[    0.000000]   node   0: [mem 0x00000000a908e000-0x00000000c8ab3fff]
[    0.000000]   node   0: [mem 0x00000000c9fff000-0x00000000c9ffffff]
[    0.000000]   node   0: [mem 0x0000000100000000-0x000000022fdfffff]
[    0.000000] Initmem setup node 0 [mem 0x0000000000001000-0x000000022fdfffff]
[    0.000000] On node 0 totalpages: 2065388
[    0.000000]   DMA zone: 64 pages used for memmap
[    0.000000]   DMA zone: 24 pages reserved
[    0.000000]   DMA zone: 3997 pages, LIFO batch:0
[    0.000000]   DMA32 zone: 12762 pages used for memmap
[    0.000000]   DMA32 zone: 816719 pages, LIFO batch:31
[    0.000000]   Normal zone: 19448 pages used for memmap
[    0.000000]   Normal zone: 1244672 pages, LIFO batch:31
[    0.000000] ACPI: PM-Timer IO Port: 0x1808
[    0.000000] ACPI: Local APIC address 0xfee00000
[    0.000000] ACPI: LAPIC_NMI (acpi_id[0xff] high edge lint[0x1])
[    0.000000] IOAPIC[0]: apic_id 8, version 32, address 0xfec00000, GSI 0-23
[    0.000000] ACPI: INT_SRC_OVR (bus 0 bus_irq 0 global_irq 2 dfl dfl)
[    0.000000] ACPI: INT_SRC_OVR (bus 0 bus_irq 9 global_irq 9 high level)
[    0.000000] ACPI: IRQ0 used by override.
[    0.000000] ACPI: IRQ9 used by override.
[    0.000000] Using ACPI (MADT) for SMP configuration information
[    0.000000] ACPI: HPET id: 0x8086a701 base: 0xfed00000
[    0.000000] smpboot: Allowing 4 CPUs, 0 hotplug CPUs
[    0.000000] PM: Registered nosave memory: [mem 0x00000000-0x00000fff]
[    0.000000] PM: Registered nosave memory: [mem 0x00058000-0x00058fff]
[    0.000000] PM: Registered nosave memory: [mem 0x0009f000-0x0009ffff]
[    0.000000] PM: Registered nosave memory: [mem 0x000a0000-0x000fffff]
[    0.000000] PM: Registered nosave memory: [mem 0xa7905000-0xa7905fff]
[    0.000000] PM: Registered nosave memory: [mem 0xa7916000-0xa7916fff]
[    0.000000] PM: Registered nosave memory: [mem 0xa7917000-0xa7917fff]
[    0.000000] PM: Registered nosave memory: [mem 0xa7927000-0xa7927fff]
[    0.000000] PM: Registered nosave memory: [mem 0xa7928000-0xa7928fff]
[    0.000000] PM: Registered nosave memory: [mem 0xa7949000-0xa7949fff]
[    0.000000] PM: Registered nosave memory: [mem 0xa87c5000-0xa87cbfff]
[    0.000000] PM: Registered nosave memory: [mem 0xa8c2f000-0xa908dfff]
[    0.000000] PM: Registered nosave memory: [mem 0xc8ab4000-0xc8b1dfff]
[    0.000000] PM: Registered nosave memory: [mem 0xc8b1e000-0xc8b3bfff]
[    0.000000] PM: Registered nosave memory: [mem 0xc8b3c000-0xc905ffff]
[    0.000000] PM: Registered nosave memory: [mem 0xc9060000-0xc9ffefff]
[    0.000000] PM: Registered nosave memory: [mem 0xca000000-0xcaffffff]
[    0.000000] PM: Registered nosave memory: [mem 0xcb000000-0xcf1fffff]
[    0.000000] PM: Registered nosave memory: [mem 0xcf200000-0xf7ffffff]
[    0.000000] PM: Registered nosave memory: [mem 0xf8000000-0xfbffffff]
[    0.000000] PM: Registered nosave memory: [mem 0xfc000000-0xfebfffff]
[    0.000000] PM: Registered nosave memory: [mem 0xfec00000-0xfec00fff]
[    0.000000] PM: Registered nosave memory: [mem 0xfec01000-0xfecfffff]
[    0.000000] PM: Registered nosave memory: [mem 0xfed00000-0xfed03fff]
[    0.000000] PM: Registered nosave memory: [mem 0xfed04000-0xfed1bfff]
[    0.000000] PM: Registered nosave memory: [mem 0xfed1c000-0xfed1ffff]
[    0.000000] PM: Registered nosave memory: [mem 0xfed20000-0xfedfffff]
[    0.000000] PM: Registered nosave memory: [mem 0xfee00000-0xfee00fff]
[    0.000000] PM: Registered nosave memory: [mem 0xfee01000-0xfeffffff]
[    0.000000] PM: Registered nosave memory: [mem 0xff000000-0xffffffff]
[    0.000000] e820: [mem 0xcf200000-0xf7ffffff] available for PCI devices
[    0.000000] Booting paravirtualized kernel on bare hardware
[    0.000000] clocksource: refined-jiffies: mask: 0xffffffff max_cycles: 0xffffffff, max_idle_ns: 6370452778343963 ns
[    0.000000] setup_percpu: NR_CPUS:128 nr_cpumask_bits:128 nr_cpu_ids:4 nr_node_ids:1
[    0.000000] percpu: Embedded 32 pages/cpu @ffff88022fa00000 s93464 r8192 d29416 u524288
[    0.000000] pcpu-alloc: s93464 r8192 d29416 u524288 alloc=1*2097152
[    0.000000] pcpu-alloc: [0] 0 1 2 3 
[    0.000000] Built 1 zonelists in Node order, mobility grouping on.  Total pages: 2033090
[    0.000000] Policy zone: Normal
[    0.000000] Kernel command line: initrd=\intel-ucode.img initrd=\initramfs-linux.img root=PARTUUID=22d511b2-774e-4a5f-9cdc-6258f45f802c rw nouveau.nofbaccel=1
[    0.000000] PID hash table entries: 4096 (order: 3, 32768 bytes)
[    0.000000] Calgary: detecting Calgary via BIOS EBDA area
[    0.000000] Calgary: Unable to locate Rio Grande table in EBDA - bailing!
[    0.000000] Memory: 7811844K/8261552K available (5935K kernel code, 974K rwdata, 1796K rodata, 1224K init, 1152K bss, 449708K reserved, 0K cma-reserved)
[    0.000000] SLUB: HWalign=64, Order=0-3, MinObjects=0, CPUs=4, Nodes=1
[    0.000000] Preemptible hierarchical RCU implementation.
[    0.000000] 	Build-time adjustment of leaf fanout to 64.
[    0.000000] 	RCU restricting CPUs from NR_CPUS=128 to nr_cpu_ids=4.
[    0.000000] RCU: Adjusting geometry for rcu_fanout_leaf=64, nr_cpu_ids=4
[    0.000000] NR_IRQS:8448 nr_irqs:456 16
[    0.000000] Console: colour dummy device 80x25
[    0.000000] console [tty0] enabled
[    0.000000] clocksource: hpet: mask: 0xffffffff max_cycles: 0xffffffff, max_idle_ns: 133484882848 ns
[    0.000000] hpet clockevent registered
[    0.000000] tsc: Fast TSC calibration using PIT
[    0.000000] tsc: Detected 3398.050 MHz processor
[    0.000020] Calibrating delay loop (skipped), value calculated using timer frequency.. 6798.27 BogoMIPS (lpj=11326833)
[    0.000022] pid_max: default: 32768 minimum: 301
[    0.000025] ACPI: Core revision 20160108
[    0.010418] ACPI: 6 ACPI AML tables successfully acquired and loaded

[    0.010774] Security Framework initialized
[    0.010775] Yama: becoming mindful.
[    0.011101] Dentry cache hash table entries: 1048576 (order: 11, 8388608 bytes)
[    0.012174] Inode-cache hash table entries: 524288 (order: 10, 4194304 bytes)
[    0.012637] Mount-cache hash table entries: 16384 (order: 5, 131072 bytes)
[    0.012643] Mountpoint-cache hash table entries: 16384 (order: 5, 131072 bytes)
[    0.012810] CPU: Physical Processor ID: 0
[    0.012811] CPU: Processor Core ID: 0
[    0.012815] ENERGY_PERF_BIAS: Set to 'normal', was 'performance'
[    0.012815] ENERGY_PERF_BIAS: View and update with x86_energy_perf_policy(8)
[    0.012818] mce: CPU supports 9 MCE banks
[    0.012829] CPU0: Thermal monitoring enabled (TM1)
[    0.012836] process: using mwait in idle threads
[    0.012838] Last level iTLB entries: 4KB 1024, 2MB 1024, 4MB 1024
[    0.012839] Last level dTLB entries: 4KB 1024, 2MB 1024, 4MB 1024, 1GB 4
[    0.013063] Freeing SMP alternatives memory: 24K (ffffffff81a27000 - ffffffff81a2d000)
[    0.018081] ftrace: allocating 23494 entries in 92 pages
[    0.024679] smpboot: Max logical packages: 1
[    0.024681] smpboot: APIC(0) Converting physical 0 to logical package 0
[    0.024993] ..TIMER: vector=0x30 apic1=0 pin1=2 apic2=0 pin2=0
[    0.057998] TSC deadline timer enabled
[    0.058000] smpboot: CPU0: Intel(R) Core(TM) i5-4670K CPU @ 3.40GHz (family: 0x6, model: 0x3c, stepping: 0x3)
[    0.058009] Performance Events: PEBS fmt2+, 16-deep LBR, Haswell events, full-width counters, Intel PMU driver.
[    0.058023] ... version:                3
[    0.058024] ... bit width:              48
[    0.058024] ... generic registers:      8
[    0.058025] ... value mask:             0000ffffffffffff
[    0.058026] ... max period:             0000ffffffffffff
[    0.058026] ... fixed-purpose events:   3
[    0.058027] ... event mask:             00000007000000ff
[    0.078096] NMI watchdog: enabled on all CPUs, permanently consumes one hw-PMU counter.
[    0.094759] x86: Booting SMP configuration:
[    0.094760] .... node  #0, CPUs:      #1 #2 #3
[    0.373547] x86: Booted up 1 node, 4 CPUs
[    0.373550] smpboot: Total of 4 processors activated (27198.52 BogoMIPS)
[    0.376100] devtmpfs: initialized
[    0.376141] x86/mm: Memory block size: 128MB
[    0.377579] PM: Registering ACPI NVS region [mem 0xa87c5000-0xa87cbfff] (28672 bytes)
[    0.377580] PM: Registering ACPI NVS region [mem 0xc8b3c000-0xc905ffff] (5390336 bytes)
[    0.377666] clocksource: jiffies: mask: 0xffffffff max_cycles: 0xffffffff, max_idle_ns: 6370867519511994 ns
[    0.377709] pinctrl core: initialized pinctrl subsystem
[    0.377747] RTC time: 19:59:36, date: 07/21/16
[    0.377823] NET: Registered protocol family 16
[    0.385930] cpuidle: using governor ladder
[    0.399274] cpuidle: using governor menu
[    0.399315] ACPI FADT declares the system doesn't support PCIe ASPM, so disable it
[    0.399316] ACPI: bus type PCI registered
[    0.399317] acpiphp: ACPI Hot Plug PCI Controller Driver version: 0.5
[    0.399356] PCI: MMCONFIG for domain 0000 [bus 00-3f] at [mem 0xf8000000-0xfbffffff] (base 0xf8000000)
[    0.399357] PCI: MMCONFIG at [mem 0xf8000000-0xfbffffff] reserved in E820
[    0.399359] pmd_set_huge: Cannot satisfy [mem 0xf8000000-0xf8200000] with a huge-page mapping due to MTRR override.
[    0.399405] PCI: Using configuration type 1 for base access
[    0.399461] core: PMU erratum BJ122, BV98, HSD29 workaround disabled, HT off
[    0.399491] NMI watchdog: enabled on all CPUs, permanently consumes one hw-PMU counter.
[    0.413640] HugeTLB registered 1 GB page size, pre-allocated 0 pages
[    0.413641] HugeTLB registered 2 MB page size, pre-allocated 0 pages
[    0.413788] ACPI: Added _OSI(Module Device)
[    0.413789] ACPI: Added _OSI(Processor Device)
[    0.413790] ACPI: Added _OSI(3.0 _SCP Extensions)
[    0.413791] ACPI: Added _OSI(Processor Aggregator Device)
[    0.414180] ACPI: Executed 4 blocks of module-level executable AML code
[    0.417716] ACPI: Dynamic OEM Table Load:
[    0.417720] ACPI: SSDT 0xFFFF880225E6DC00 0003D3 (v01 PmRef  Cpu0Cst  00003001 INTL 20051117)
[    0.418201] ACPI: Dynamic OEM Table Load:
[    0.418205] ACPI: SSDT 0xFFFF880225C59000 0005AA (v01 PmRef  ApIst    00003000 INTL 20051117)
[    0.418710] ACPI: Dynamic OEM Table Load:
[    0.418713] ACPI: SSDT 0xFFFF880225E6B800 000119 (v01 PmRef  ApCst    00003000 INTL 20051117)
[    0.419461] ACPI: Interpreter enabled
[    0.419482] ACPI: (supports S0 S3 S4 S5)
[    0.419483] ACPI: Using IOAPIC for interrupt routing
[    0.419501] PCI: Using host bridge windows from ACPI; if necessary, use "pci=nocrs" and report a bug
[    0.419806] ACPI: Power Resource [PG00] (on)
[    0.419982] ACPI: Power Resource [PG01] (on)
[    0.420150] ACPI: Power Resource [PG02] (on)
[    0.424688] ACPI: Power Resource [FN00] (off)
[    0.424735] ACPI: Power Resource [FN01] (off)
[    0.424778] ACPI: Power Resource [FN02] (off)
[    0.424822] ACPI: Power Resource [FN03] (off)
[    0.424866] ACPI: Power Resource [FN04] (off)
[    0.425546] ACPI: PCI Root Bridge [PCI0] (domain 0000 [bus 00-3e])
[    0.425550] acpi PNP0A08:00: _OSC: OS supports [ExtendedConfig ASPM ClockPM Segments MSI]
[    0.425688] acpi PNP0A08:00: _OSC: platform does not support [PCIeHotplug PME]
[    0.425770] acpi PNP0A08:00: _OSC: OS now controls [AER PCIeCapability]
[    0.425771] acpi PNP0A08:00: FADT indicates ASPM is unsupported, using BIOS configuration
[    0.426137] PCI host bridge to bus 0000:00
[    0.426139] pci_bus 0000:00: root bus resource [io  0x0000-0x0cf7 window]
[    0.426140] pci_bus 0000:00: root bus resource [io  0x0d00-0xffff window]
[    0.426141] pci_bus 0000:00: root bus resource [mem 0x000a0000-0x000bffff window]
[    0.426142] pci_bus 0000:00: root bus resource [mem 0x000d0000-0x000d3fff window]
[    0.426143] pci_bus 0000:00: root bus resource [mem 0x000d4000-0x000d7fff window]
[    0.426144] pci_bus 0000:00: root bus resource [mem 0x000d8000-0x000dbfff window]
[    0.426145] pci_bus 0000:00: root bus resource [mem 0x000dc000-0x000dffff window]
[    0.426146] pci_bus 0000:00: root bus resource [mem 0xcf200000-0xfeafffff window]
[    0.426147] pci_bus 0000:00: root bus resource [bus 00-3e]
[    0.426152] pci 0000:00:00.0: [8086:0c00] type 00 class 0x060000
[    0.426215] pci 0000:00:01.0: [8086:0c01] type 01 class 0x060400
[    0.426239] pci 0000:00:01.0: PME# supported from D0 D3hot D3cold
[    0.426295] pci 0000:00:01.0: System wakeup disabled by ACPI
[    0.426322] pci 0000:00:02.0: [8086:0412] type 00 class 0x038000
[    0.426328] pci 0000:00:02.0: reg 0x10: [mem 0xf7400000-0xf77fffff 64bit]
[    0.426331] pci 0000:00:02.0: reg 0x18: [mem 0xd0000000-0xdfffffff 64bit pref]
[    0.426333] pci 0000:00:02.0: reg 0x20: [io  0xf000-0xf03f]
[    0.426388] pci 0000:00:03.0: [8086:0c0c] type 00 class 0x040300
[    0.426393] pci 0000:00:03.0: reg 0x10: [mem 0xf7b34000-0xf7b37fff 64bit]
[    0.426464] pci 0000:00:14.0: [8086:8cb1] type 00 class 0x0c0330
[    0.426478] pci 0000:00:14.0: reg 0x10: [mem 0xf7b20000-0xf7b2ffff 64bit]
[    0.426527] pci 0000:00:14.0: PME# supported from D3hot D3cold
[    0.426560] pci 0000:00:14.0: System wakeup disabled by ACPI
[    0.426584] pci 0000:00:16.0: [8086:8cba] type 00 class 0x078000
[    0.426598] pci 0000:00:16.0: reg 0x10: [mem 0xf7b3e000-0xf7b3e00f 64bit]
[    0.426651] pci 0000:00:16.0: PME# supported from D0 D3hot D3cold
[    0.426715] pci 0000:00:19.0: [8086:15a1] type 00 class 0x020000
[    0.426727] pci 0000:00:19.0: reg 0x10: [mem 0xf7b00000-0xf7b1ffff]
[    0.426733] pci 0000:00:19.0: reg 0x14: [mem 0xf7b3c000-0xf7b3cfff]
[    0.426739] pci 0000:00:19.0: reg 0x18: [io  0xf080-0xf09f]
[    0.426787] pci 0000:00:19.0: PME# supported from D0 D3hot D3cold
[    0.426821] pci 0000:00:19.0: System wakeup disabled by ACPI
[    0.426846] pci 0000:00:1a.0: [8086:8cad] type 00 class 0x0c0320
[    0.426860] pci 0000:00:1a.0: reg 0x10: [mem 0xf7b3b000-0xf7b3b3ff]
[    0.426933] pci 0000:00:1a.0: PME# supported from D0 D3hot D3cold
[    0.426969] pci 0000:00:1a.0: System wakeup disabled by ACPI
[    0.426993] pci 0000:00:1b.0: [8086:8ca0] type 00 class 0x040300
[    0.427005] pci 0000:00:1b.0: reg 0x10: [mem 0xf7b30000-0xf7b33fff 64bit]
[    0.427054] pci 0000:00:1b.0: PME# supported from D0 D3hot D3cold
[    0.427095] pci 0000:00:1b.0: System wakeup disabled by ACPI
[    0.427118] pci 0000:00:1c.0: [8086:8c90] type 01 class 0x060400
[    0.427170] pci 0000:00:1c.0: PME# supported from D0 D3hot D3cold
[    0.427220] pci 0000:00:1c.0: System wakeup disabled by ACPI
[    0.427245] pci 0000:00:1c.3: [8086:8c96] type 01 class 0x060400
[    0.427298] pci 0000:00:1c.3: PME# supported from D0 D3hot D3cold
[    0.427347] pci 0000:00:1c.3: System wakeup disabled by ACPI
[    0.427375] pci 0000:00:1d.0: [8086:8ca6] type 00 class 0x0c0320
[    0.427389] pci 0000:00:1d.0: reg 0x10: [mem 0xf7b3a000-0xf7b3a3ff]
[    0.427460] pci 0000:00:1d.0: PME# supported from D0 D3hot D3cold
[    0.427496] pci 0000:00:1d.0: System wakeup disabled by ACPI
[    0.427520] pci 0000:00:1f.0: [8086:8cc4] type 00 class 0x060100
[    0.427653] pci 0000:00:1f.2: [8086:8c82] type 00 class 0x010601
[    0.427663] pci 0000:00:1f.2: reg 0x10: [io  0xf0d0-0xf0d7]
[    0.427669] pci 0000:00:1f.2: reg 0x14: [io  0xf0c0-0xf0c3]
[    0.427674] pci 0000:00:1f.2: reg 0x18: [io  0xf0b0-0xf0b7]
[    0.427680] pci 0000:00:1f.2: reg 0x1c: [io  0xf0a0-0xf0a3]
[    0.427685] pci 0000:00:1f.2: reg 0x20: [io  0xf060-0xf07f]
[    0.427691] pci 0000:00:1f.2: reg 0x24: [mem 0xf7b39000-0xf7b397ff]
[    0.427719] pci 0000:00:1f.2: PME# supported from D3hot
[    0.427765] pci 0000:00:1f.3: [8086:8ca2] type 00 class 0x0c0500
[    0.427777] pci 0000:00:1f.3: reg 0x10: [mem 0xf7b38000-0xf7b380ff 64bit]
[    0.427793] pci 0000:00:1f.3: reg 0x20: [io  0xf040-0xf05f]
[    0.427879] pci 0000:01:00.0: [10de:13c2] type 00 class 0x030000
[    0.427889] pci 0000:01:00.0: reg 0x10: [mem 0xf6000000-0xf6ffffff]
[    0.427897] pci 0000:01:00.0: reg 0x14: [mem 0xe0000000-0xefffffff 64bit pref]
[    0.427906] pci 0000:01:00.0: reg 0x1c: [mem 0xf0000000-0xf1ffffff 64bit pref]
[    0.427912] pci 0000:01:00.0: reg 0x24: [io  0xe000-0xe07f]
[    0.427918] pci 0000:01:00.0: reg 0x30: [mem 0xf7000000-0xf707ffff pref]
[    0.427976] pci 0000:01:00.0: System wakeup disabled by ACPI
[    0.428000] pci 0000:01:00.1: [10de:0fbb] type 00 class 0x040300
[    0.428010] pci 0000:01:00.1: reg 0x10: [mem 0xf7080000-0xf7083fff]
[    0.433572] pci 0000:00:01.0: PCI bridge to [bus 01]
[    0.433574] pci 0000:00:01.0:   bridge window [io  0xe000-0xefff]
[    0.433575] pci 0000:00:01.0:   bridge window [mem 0xf6000000-0xf70fffff]
[    0.433577] pci 0000:00:01.0:   bridge window [mem 0xe0000000-0xf1ffffff 64bit pref]
[    0.433630] acpiphp: Slot [1] registered
[    0.433633] pci 0000:00:1c.0: PCI bridge to [bus 02]
[    0.433698] pci 0000:03:00.0: [14e4:43b1] type 00 class 0x028000
[    0.433718] pci 0000:03:00.0: reg 0x10: [mem 0xf7a00000-0xf7a07fff 64bit]
[    0.433731] pci 0000:03:00.0: reg 0x18: [mem 0xf7800000-0xf79fffff 64bit]
[    0.433831] pci 0000:03:00.0: supports D1 D2
[    0.433832] pci 0000:03:00.0: PME# supported from D0 D1 D2 D3hot D3cold
[    0.433884] pci 0000:03:00.0: System wakeup disabled by ACPI
[    0.440245] pci 0000:00:1c.3: PCI bridge to [bus 03]
[    0.440249] pci 0000:00:1c.3:   bridge window [mem 0xf7800000-0xf7afffff]
[    0.440764] ACPI: PCI Interrupt Link [LNKA] (IRQs 3 4 5 6 7 10 *11 12 14 15)
[    0.440796] ACPI: PCI Interrupt Link [LNKB] (IRQs 3 4 5 6 7 *10 11 12 14 15)
[    0.440826] ACPI: PCI Interrupt Link [LNKC] (IRQs 3 4 5 *6 7 10 11 12 14 15)
[    0.440856] ACPI: PCI Interrupt Link [LNKD] (IRQs 3 4 *5 6 7 10 11 12 14 15)
[    0.440885] ACPI: PCI Interrupt Link [LNKE] (IRQs *3 4 5 6 7 10 11 12 14 15)
[    0.440914] ACPI: PCI Interrupt Link [LNKF] (IRQs 3 4 5 6 7 10 11 12 14 *15)
[    0.440943] ACPI: PCI Interrupt Link [LNKG] (IRQs 3 *4 5 6 7 10 11 12 14 15)
[    0.440972] ACPI: PCI Interrupt Link [LNKH] (IRQs 3 4 5 6 7 10 11 12 *14 15)
[    0.441154] ACPI: Enabled 6 GPEs in block 00 to 3F
[    0.441213] vgaarb: setting as boot device: PCI:0000:01:00.0
[    0.441215] vgaarb: device added: PCI:0000:01:00.0,decodes=io+mem,owns=io+mem,locks=none
[    0.441216] vgaarb: loaded
[    0.441216] vgaarb: bridge control possible 0000:01:00.0
[    0.441288] PCI: Using ACPI for IRQ routing
[    0.442487] PCI: pci_cache_line_size set to 64 bytes
[    0.442519] e820: reserve RAM buffer [mem 0x00058000-0x0005ffff]
[    0.442520] e820: reserve RAM buffer [mem 0x0009f000-0x0009ffff]
[    0.442521] e820: reserve RAM buffer [mem 0xa7905018-0xa7ffffff]
[    0.442522] e820: reserve RAM buffer [mem 0xa7917018-0xa7ffffff]
[    0.442522] e820: reserve RAM buffer [mem 0xa7928018-0xa7ffffff]
[    0.442523] e820: reserve RAM buffer [mem 0xa87c5000-0xabffffff]
[    0.442524] e820: reserve RAM buffer [mem 0xa8c2f000-0xabffffff]
[    0.442525] e820: reserve RAM buffer [mem 0xc8ab4000-0xcbffffff]
[    0.442526] e820: reserve RAM buffer [mem 0xca000000-0xcbffffff]
[    0.442527] e820: reserve RAM buffer [mem 0x22fe00000-0x22fffffff]
[    0.442594] NetLabel: Initializing
[    0.442595] NetLabel:  domain hash size = 128
[    0.442595] NetLabel:  protocols = UNLABELED CIPSOv4
[    0.442602] NetLabel:  unlabeled traffic allowed by default
[    0.442633] hpet0: at MMIO 0xfed00000, IRQs 2, 8, 0, 0, 0, 0, 0, 0
[    0.442637] hpet0: 8 comparators, 64-bit 14.318180 MHz counter
[    0.445655] clocksource: Switched to clocksource hpet
[    0.449224] VFS: Disk quotas dquot_6.6.0
[    0.449235] VFS: Dquot-cache hash table entries: 512 (order 0, 4096 bytes)
[    0.449298] pnp: PnP ACPI init
[    0.449383] system 00:00: [mem 0xfed40000-0xfed44fff] has been reserved
[    0.449386] system 00:00: Plug and Play ACPI device, IDs PNP0c01 (active)
[    0.449443] system 00:01: [io  0x0800-0x087f] has been reserved
[    0.449445] system 00:01: Plug and Play ACPI device, IDs PNP0c02 (active)
[    0.449459] pnp 00:02: Plug and Play ACPI device, IDs PNP0b00 (active)
[    0.449617] system 00:03: [io  0x1854-0x1857] has been reserved
[    0.449618] system 00:03: Plug and Play ACPI device, IDs INT3f0d PNP0c02 (active)
[    0.449675] system 00:04: [io  0x0290-0x029f] has been reserved
[    0.449677] system 00:04: [io  0x02a0-0x02af] has been reserved
[    0.449678] system 00:04: [io  0x0a00-0x0aff] has been reserved
[    0.449679] system 00:04: Plug and Play ACPI device, IDs PNP0c02 (active)
[    0.449709] system 00:05: [io  0x04d0-0x04d1] has been reserved
[    0.449711] system 00:05: Plug and Play ACPI device, IDs PNP0c02 (active)
[    0.449897] system 00:06: [mem 0xfed1c000-0xfed1ffff] has been reserved
[    0.449899] system 00:06: [mem 0xfed10000-0xfed17fff] has been reserved
[    0.449900] system 00:06: [mem 0xfed18000-0xfed18fff] has been reserved
[    0.449901] system 00:06: [mem 0xfed19000-0xfed19fff] has been reserved
[    0.449902] system 00:06: [mem 0xf8000000-0xfbffffff] has been reserved
[    0.449903] system 00:06: [mem 0xfed20000-0xfed3ffff] has been reserved
[    0.449904] system 00:06: [mem 0xfed90000-0xfed93fff] has been reserved
[    0.449905] system 00:06: [mem 0xfed45000-0xfed8ffff] has been reserved
[    0.449906] system 00:06: [mem 0xff000000-0xffffffff] has been reserved
[    0.449907] system 00:06: [mem 0xfee00000-0xfeefffff] could not be reserved
[    0.449908] system 00:06: [mem 0xf7fe0000-0xf7feffff] has been reserved
[    0.449909] system 00:06: [mem 0xf7ff0000-0xf7ffffff] has been reserved
[    0.449911] system 00:06: Plug and Play ACPI device, IDs PNP0c02 (active)
[    0.450019] pnp: PnP ACPI: found 7 devices
[    0.455625] clocksource: acpi_pm: mask: 0xffffff max_cycles: 0xffffff, max_idle_ns: 2085701024 ns
[    0.455644] pci 0000:00:01.0: PCI bridge to [bus 01]
[    0.455646] pci 0000:00:01.0:   bridge window [io  0xe000-0xefff]
[    0.455648] pci 0000:00:01.0:   bridge window [mem 0xf6000000-0xf70fffff]
[    0.455650] pci 0000:00:01.0:   bridge window [mem 0xe0000000-0xf1ffffff 64bit pref]
[    0.455653] pci 0000:00:1c.0: PCI bridge to [bus 02]
[    0.455664] pci 0000:00:1c.3: PCI bridge to [bus 03]
[    0.455667] pci 0000:00:1c.3:   bridge window [mem 0xf7800000-0xf7afffff]
[    0.455674] pci_bus 0000:00: resource 4 [io  0x0000-0x0cf7 window]
[    0.455675] pci_bus 0000:00: resource 5 [io  0x0d00-0xffff window]
[    0.455676] pci_bus 0000:00: resource 6 [mem 0x000a0000-0x000bffff window]
[    0.455676] pci_bus 0000:00: resource 7 [mem 0x000d0000-0x000d3fff window]
[    0.455677] pci_bus 0000:00: resource 8 [mem 0x000d4000-0x000d7fff window]
[    0.455678] pci_bus 0000:00: resource 9 [mem 0x000d8000-0x000dbfff window]
[    0.455679] pci_bus 0000:00: resource 10 [mem 0x000dc000-0x000dffff window]
[    0.455680] pci_bus 0000:00: resource 11 [mem 0xcf200000-0xfeafffff window]
[    0.455681] pci_bus 0000:01: resource 0 [io  0xe000-0xefff]
[    0.455682] pci_bus 0000:01: resource 1 [mem 0xf6000000-0xf70fffff]
[    0.455683] pci_bus 0000:01: resource 2 [mem 0xe0000000-0xf1ffffff 64bit pref]
[    0.455684] pci_bus 0000:03: resource 1 [mem 0xf7800000-0xf7afffff]
[    0.455703] NET: Registered protocol family 2
[    0.455808] TCP established hash table entries: 65536 (order: 7, 524288 bytes)
[    0.455886] TCP bind hash table entries: 65536 (order: 8, 1048576 bytes)
[    0.455992] TCP: Hash tables configured (established 65536 bind 65536)
[    0.456007] UDP hash table entries: 4096 (order: 5, 131072 bytes)
[    0.456026] UDP-Lite hash table entries: 4096 (order: 5, 131072 bytes)
[    0.456062] NET: Registered protocol family 1
[    0.485725] pci 0000:01:00.0: Video device with shadowed ROM at [mem 0x000c0000-0x000dffff]
[    0.485733] PCI: CLS 64 bytes, default 64
[    0.485762] Unpacking initramfs...
[    0.622244] Freeing initrd memory: 13208K (ffff88007f31a000 - ffff880080000000)
[    0.622252] PCI-DMA: Using software bounce buffering for IO (SWIOTLB)
[    0.622254] software IO TLB [mem 0xb6693000-0xba693000] (64MB) mapped at [ffff8800b6693000-ffff8800ba692fff]
[    0.622293] RAPL PMU: API unit is 2^-32 Joules, 4 fixed counters, 655360 ms ovfl timer
[    0.622294] RAPL PMU: hw unit of domain pp0-core 2^-14 Joules
[    0.622295] RAPL PMU: hw unit of domain package 2^-14 Joules
[    0.622295] RAPL PMU: hw unit of domain dram 2^-14 Joules
[    0.622296] RAPL PMU: hw unit of domain pp1-gpu 2^-14 Joules
[    0.622412] Scanning for low memory corruption every 60 seconds
[    0.622578] futex hash table entries: 1024 (order: 4, 65536 bytes)
[    0.622876] Initialise system trusted keyring
[    0.622931] workingset: timestamp_bits=38 max_order=21 bucket_order=0
[    0.623919] zbud: loaded
[    0.624076] Key type big_key registered
[    0.624228] Block layer SCSI generic (bsg) driver version 0.4 loaded (major 249)
[    0.624247] io scheduler noop registered
[    0.624249] io scheduler deadline registered
[    0.624267] io scheduler cfq registered (default)
[    0.624559] pci_hotplug: PCI Hot Plug PCI Core version: 0.5
[    0.624563] pciehp: PCI Express Hot Plug Controller Driver version: 0.4
[    0.624573] efifb: probing for efifb
[    0.624586] efifb: framebuffer at 0xf1000000, mapped to 0xffffc90001000000, using 8100k, total 8100k
[    0.624587] efifb: mode is 1920x1080x32, linelength=7680, pages=1
[    0.624588] efifb: scrolling: redraw
[    0.624589] efifb: Truecolor: size=8:8:8:8, shift=24:16:8:0
[    0.627469] Console: switching to colour frame buffer device 240x67
[    0.630254] fb0: EFI VGA frame buffer device
[    0.630260] intel_idle: MWAIT substates: 0x42120
[    0.630261] intel_idle: v0.4.1 model 0x3C
[    0.630345] intel_idle: lapic_timer_reliable_states 0xffffffff
[    0.630374] GHES: HEST is not enabled!
[    0.630409] Serial: 8250/16550 driver, 4 ports, IRQ sharing disabled
[    0.630667] Linux agpgart interface v0.103
[    0.630860] rtc_cmos 00:02: RTC can wake from S4
[    0.630959] rtc_cmos 00:02: rtc core: registered rtc_cmos as rtc0
[    0.630980] rtc_cmos 00:02: alarms up to one month, y3k, 242 bytes nvram, hpet irqs
[    0.630987] Intel P-state driver initializing.
[    0.682436] ledtrig-cpu: registered to indicate activity on CPUs
[    0.683825] NET: Registered protocol family 10
[    0.684394] NET: Registered protocol family 17
[    0.684933] microcode: CPU0 sig=0x306c3, pf=0x2, revision=0x20
[    0.684948] microcode: CPU1 sig=0x306c3, pf=0x2, revision=0x20
[    0.684990] microcode: CPU2 sig=0x306c3, pf=0x2, revision=0x20
[    0.685032] microcode: CPU3 sig=0x306c3, pf=0x2, revision=0x20
[    0.685182] microcode: Microcode Update Driver: v2.01 <tigran@aivazian.fsnet.co.uk>, Peter Oruba
[    0.685617] registered taskstats version 1
[    0.685649] Loading compiled-in X.509 certificates
[    0.685722] zswap: loaded using pool lzo/zbud
[    0.686872]   Magic number: 8:44:1002
[    0.686899] system 00:04: hash matches
[    0.686957] memory memory41: hash matches
[    0.687059] rtc_cmos 00:02: setting system clock to 2016-07-21 19:59:36 UTC (1469131176)
[    0.687296] PM: Hibernation image not present or could not be loaded.
[    0.689767] Freeing unused kernel memory: 1224K (ffffffff818f5000 - ffffffff81a27000)
[    0.689771] Write protecting the kernel read-only data: 8192k
[    0.690217] Freeing unused kernel memory: 192K (ffff8800015d0000 - ffff880001600000)
[    0.691924] Freeing unused kernel memory: 252K (ffff8800017c1000 - ffff880001800000)
[    0.704755] random: systemd-tmpfile urandom read with 1 bits of entropy available
[    0.748159] i8042: PNP: No PS/2 controller found. Probing ports directly.
[    0.750617] serio: i8042 KBD port at 0x60,0x64 irq 1
[    0.750652] serio: i8042 AUX port at 0x60,0x64 irq 12
[    0.751373] ACPI: bus type USB registered
[    0.751386] usbcore: registered new interface driver usbfs
[    0.751392] usbcore: registered new interface driver hub
[    0.751406] usbcore: registered new device driver usb
[    0.751642] ehci_hcd: USB 2.0 'Enhanced' Host Controller (EHCI) Driver
[    0.751830] ehci-pci: EHCI PCI platform driver
[    0.751938] ehci-pci 0000:00:1a.0: EHCI Host Controller
[    0.751943] ehci-pci 0000:00:1a.0: new USB bus registered, assigned bus number 1
[    0.751953] ehci-pci 0000:00:1a.0: debug port 2
[    0.753390] SCSI subsystem initialized
[    0.754087] libata version 3.00 loaded.
[    0.755844] ehci-pci 0000:00:1a.0: cache line size of 64 is not supported
[    0.755854] ehci-pci 0000:00:1a.0: irq 16, io mem 0xf7b3b000
[    0.765679] ehci-pci 0000:00:1a.0: USB 2.0 started, EHCI 1.00
[    0.765790] hub 1-0:1.0: USB hub found
[    0.765794] hub 1-0:1.0: 2 ports detected
[    0.765958] ehci-pci 0000:00:1d.0: EHCI Host Controller
[    0.765962] ehci-pci 0000:00:1d.0: new USB bus registered, assigned bus number 2
[    0.765971] ehci-pci 0000:00:1d.0: debug port 2
[    0.769850] ehci-pci 0000:00:1d.0: cache line size of 64 is not supported
[    0.769856] ehci-pci 0000:00:1d.0: irq 23, io mem 0xf7b3a000
[    0.782367] ehci-pci 0000:00:1d.0: USB 2.0 started, EHCI 1.00
[    0.782540] hub 2-0:1.0: USB hub found
[    0.782543] hub 2-0:1.0: 2 ports detected
[    0.782701] xhci_hcd 0000:00:14.0: xHCI Host Controller
[    0.782707] xhci_hcd 0000:00:14.0: new USB bus registered, assigned bus number 3
[    0.783777] xhci_hcd 0000:00:14.0: hcc params 0x200077c1 hci version 0x100 quirks 0x00009810
[    0.783780] xhci_hcd 0000:00:14.0: cache line size of 64 is not supported
[    0.783907] hub 3-0:1.0: USB hub found
[    0.783921] hub 3-0:1.0: 14 ports detected
[    0.785067] xhci_hcd 0000:00:14.0: xHCI Host Controller
[    0.785069] xhci_hcd 0000:00:14.0: new USB bus registered, assigned bus number 4
[    0.785147] hub 4-0:1.0: USB hub found
[    0.785158] hub 4-0:1.0: 6 ports detected
[    0.785781] ahci 0000:00:1f.2: version 3.0
[    0.785913] ahci 0000:00:1f.2: AHCI 0001.0300 32 slots 6 ports 6 Gbps 0x3 impl SATA mode
[    0.785915] ahci 0000:00:1f.2: flags: 64bit ncq led clo pio slum part ems apst 
[    0.792893] scsi host0: ahci
[    0.793010] scsi host1: ahci
[    0.793144] scsi host2: ahci
[    0.793214] scsi host3: ahci
[    0.793273] scsi host4: ahci
[    0.793342] scsi host5: ahci
[    0.793378] ata1: SATA max UDMA/133 abar m2048@0xf7b39000 port 0xf7b39100 irq 26
[    0.793380] ata2: SATA max UDMA/133 abar m2048@0xf7b39000 port 0xf7b39180 irq 26
[    0.793381] ata3: DUMMY
[    0.793381] ata4: DUMMY
[    0.793382] ata5: DUMMY
[    0.793383] ata6: DUMMY
[    1.072340] usb 1-1: new high-speed USB device number 2 using ehci-pci
[    1.089040] usb 2-1: new high-speed USB device number 2 using ehci-pci
[    1.102740] ata2: SATA link up 6.0 Gbps (SStatus 133 SControl 300)
[    1.102756] ata1: SATA link up 6.0 Gbps (SStatus 133 SControl 300)
[    1.103734] ata2.00: ATA-9: TS256GSSD370S, N1114H, max UDMA/133
[    1.103736] ata2.00: 500118192 sectors, multi 2: LBA48 NCQ (depth 31/32), AA
[    1.104315] ata1.00: supports DRM functions and may not be fully accessible
[    1.104393] ata2.00: configured for UDMA/133
[    1.104615] ata1.00: disabling queued TRIM support
[    1.104616] ata1.00: ATA-9: Samsung SSD 850 EVO 250GB, EMT02B6Q, max UDMA/133
[    1.104618] ata1.00: 488397168 sectors, multi 1: LBA48 NCQ (depth 31/32), AA
[    1.105187] ata1.00: supports DRM functions and may not be fully accessible
[    1.105417] ata1.00: disabling queued TRIM support
[    1.105757] ata1.00: configured for UDMA/133
[    1.106105] scsi 0:0:0:0: Direct-Access     ATA      Samsung SSD 850  2B6Q PQ: 0 ANSI: 5
[    1.133081] scsi 1:0:0:0: Direct-Access     ATA      TS256GSSD370S    4H   PQ: 0 ANSI: 5
[    1.168982] sd 0:0:0:0: [sda] 488397168 512-byte logical blocks: (250 GB/233 GiB)
[    1.169051] sd 1:0:0:0: [sdb] 500118192 512-byte logical blocks: (256 GB/238 GiB)
[    1.169097] sd 0:0:0:0: [sda] Write Protect is off
[    1.169103] sd 0:0:0:0: [sda] Mode Sense: 00 3a 00 00
[    1.169134] sd 0:0:0:0: [sda] Write cache: enabled, read cache: enabled, doesn't support DPO or FUA
[    1.169162] sd 1:0:0:0: [sdb] Write Protect is off
[    1.169169] sd 1:0:0:0: [sdb] Mode Sense: 00 3a 00 00
[    1.169196] sd 1:0:0:0: [sdb] Write cache: enabled, read cache: enabled, doesn't support DPO or FUA
[    1.171129]  sdb: sdb1 sdb2 sdb3 sdb4
[    1.172178] sd 1:0:0:0: [sdb] Attached SCSI disk
[    1.172405]  sda: sda1 sda2
[    1.173078] sd 0:0:0:0: [sda] Attached SCSI disk
[    1.203201] hub 1-1:1.0: USB hub found
[    1.203267] hub 1-1:1.0: 6 ports detected
[    1.216360] hub 2-1:1.0: USB hub found
[    1.216535] hub 2-1:1.0: 8 ports detected
[    1.249036] usb 3-3: new full-speed USB device number 3 using xhci_hcd
[    1.427914] hidraw: raw HID events driver (C) Jiri Kosina
[    1.430598] usbcore: registered new interface driver usbhid
[    1.430604] usbhid: USB HID core driver
[    1.431912] input: Logitech Gaming Mouse G402 as /devices/pci0000:00/0000:00:14.0/usb3/3-3/3-3:1.0/0003:046D:C07E.0001/input/input2
[    1.432023] hid-generic 0003:046D:C07E.0001: input,hidraw0: USB HID v1.11 Mouse [Logitech Gaming Mouse G402] on usb-0000:00:14.0-3/input0
[    1.433173] input: Logitech Gaming Mouse G402 as /devices/pci0000:00/0000:00:14.0/usb3/3-3/3-3:1.1/0003:046D:C07E.0002/input/input3
[    1.486116] hid-generic 0003:046D:C07E.0002: input,hiddev0,hidraw1: USB HID v1.11 Keyboard [Logitech Gaming Mouse G402] on usb-0000:00:14.0-3/input1
[    1.529136] usb 4-1: new SuperSpeed USB device number 2 using xhci_hcd
[    1.545894] usb-storage 4-1:1.0: USB Mass Storage device detected
[    1.546461] scsi host6: usb-storage 4-1:1.0
[    1.546568] usbcore: registered new interface driver usb-storage
[    1.547053] usbcore: registered new interface driver uas
[    1.625690] tsc: Refined TSC clocksource calibration: 3398.030 MHz
[    1.625694] clocksource: tsc: mask: 0xffffffffffffffff max_cycles: 0x30fb0a05005, max_idle_ns: 440795375639 ns
[    1.702357] usb 3-4: new low-speed USB device number 4 using xhci_hcd
[    1.903585] input: USB Keyboard as /devices/pci0000:00/0000:00:14.0/usb3/3-4/3-4:1.0/0003:04D9:0169.0003/input/input4
[    1.955889] hid-generic 0003:04D9:0169.0003: input,hidraw2: USB HID v1.10 Keyboard [USB Keyboard] on usb-0000:00:14.0-4/input0
[    1.978563] input: USB Keyboard as /devices/pci0000:00/0000:00:14.0/usb3/3-4/3-4:1.1/0003:04D9:0169.0004/input/input5
[    2.029124] hid-generic 0003:04D9:0169.0004: input,hidraw3: USB HID v1.10 Device [USB Keyboard] on usb-0000:00:14.0-4/input1
[    2.189045] usb 3-11: new full-speed USB device number 5 using xhci_hcd
[    2.550150] scsi 6:0:0:0: Direct-Access     SanDisk  Ultra Fit        1.00 PQ: 0 ANSI: 6
[    2.551207] sd 6:0:0:0: [sdc] 121307136 512-byte logical blocks: (62.1 GB/57.8 GiB)
[    2.552425] sd 6:0:0:0: [sdc] Write Protect is off
[    2.552435] sd 6:0:0:0: [sdc] Mode Sense: 43 00 00 00
[    2.552811] sd 6:0:0:0: [sdc] Write cache: disabled, read cache: enabled, doesn't support DPO or FUA
[    2.574299]  sdc: sdc1 sdc2 sdc3
[    2.576057] sd 6:0:0:0: [sdc] Attached SCSI removable disk
[    2.625804] clocksource: Switched to clocksource tsc
[    3.850355] EXT4-fs (sdc3): mounted filesystem with ordered data mode. Opts: (null)
[    4.262404] ip_tables: (C) 2000-2006 Netfilter Core Team
[    4.299696] systemd[1]: systemd 230 running in system mode. (+PAM -AUDIT -SELINUX -IMA -APPARMOR +SMACK -SYSVINIT +UTMP +LIBCRYPTSETUP +GCRYPT +GNUTLS +ACL +XZ +LZ4 +SECCOMP +BLKID +ELFUTILS +KMOD +IDN)
[    4.299776] systemd[1]: Detected architecture x86-64.
[    4.303432] systemd[1]: Set hostname to <localhost>.
[    4.629829] systemd[1]: Set up automount Arbitrary Executable File Formats File System Automount Point.
[    4.629905] systemd[1]: Reached target Encrypted Volumes.
[    4.630107] systemd[1]: Created slice User and Session Slice.
[    4.630168] systemd[1]: Started Dispatch Password Requests to Console Directory Watch.
[    4.630213] systemd[1]: Reached target Swap.
[    4.630263] systemd[1]: Listening on /dev/initctl Compatibility Named Pipe.
[    4.630321] systemd[1]: Started Forward Password Requests to Wall Directory Watch.
[    4.630408] systemd[1]: Created slice System Slice.
[    4.630502] systemd[1]: Created slice system-getty.slice.
[    4.630581] systemd[1]: Created slice system-netctl\x2dauto.slice.
[    4.630623] systemd[1]: Reached target Slices.
[    4.630669] systemd[1]: Listening on Journal Socket (/dev/log).
[    4.630750] systemd[1]: Created slice system-netctl\x2difplugd.slice.
[    4.630800] systemd[1]: Listening on Device-mapper event daemon FIFOs.
[    4.630848] systemd[1]: Listening on LVM2 metadata daemon socket.
[    4.630897] systemd[1]: Listening on Journal Socket.
[    4.642384] systemd[1]: Starting Create list of required static device nodes for the current kernel...
[    4.642646] systemd[1]: Mounting Huge Pages File System...
[    4.642916] systemd[1]: Starting Setup Virtual Console...
[    4.646347] systemd[1]: Mounting Configuration File System...
[    4.646628] systemd[1]: Starting Remount Root and Kernel File Systems...
[    4.646892] systemd[1]: Starting Apply Kernel Variables...
[    4.648475] systemd[1]: Listening on Process Core Dump Socket.
[    4.648583] systemd[1]: Created slice system-systemd\x2dfsck.slice.
[    4.650729] systemd[1]: Mounting Temporary Directory...
[    4.650989] systemd[1]: Mounting Debug File System...
[    4.651044] systemd[1]: Listening on udev Kernel Socket.
[    4.651091] systemd[1]: Reached target Paths.
[    4.695682] systemd[1]: Starting Journal Service...
[    4.695933] systemd[1]: Mounting POSIX Message Queue File System...
[    4.695995] systemd[1]: Listening on udev Control Socket.
[    4.696043] systemd[1]: Reached target Remote File Systems.
[    4.700419] systemd[1]: Started Create list of required static device nodes for the current kernel.
[    4.726506] systemd[1]: Started Setup Virtual Console.
[    4.729318] systemd[1]: Mounted Configuration File System.
[    4.729371] systemd[1]: Mounted Debug File System.
[    4.729412] systemd[1]: Mounted Huge Pages File System.
[    4.730190] systemd[1]: Mounted POSIX Message Queue File System.
[    4.731098] EXT4-fs (sdc3): re-mounted. Opts: data=ordered
[    4.731379] systemd[1]: Started Remount Root and Kernel File Systems.
[    4.749048] systemd[1]: Starting udev Coldplug all Devices...
[    4.749303] systemd[1]: Starting Load/Save Random Seed...
[    4.749593] systemd[1]: Starting Create Static Device Nodes in /dev...
[    4.750145] systemd[1]: Mounted Temporary Directory.
[    4.875517] systemd[1]: Started Load/Save Random Seed.
[    4.915978] systemd[1]: Started udev Coldplug all Devices.
[    4.936731] systemd[1]: Started Create Static Device Nodes in /dev.
[    4.949095] systemd[1]: Starting udev Kernel Device Manager...
[    4.949139] systemd[1]: Reached target Local File Systems (Pre).
[    5.072006] systemd[1]: Started Apply Kernel Variables.
[    5.104638] random: nonblocking pool is initialized
[    5.510814] systemd[1]: Started udev Kernel Device Manager.
[    5.778036] systemd[1]: Started Journal Service.
[    5.867848] shpchp: Standard Hot Plug PCI Controller Driver version: 0.4
[    5.932536] ACPI Warning: SystemIO range 0x000000000000F040-0x000000000000F05F conflicts with OpRegion 0x000000000000F040-0x000000000000F04F (\_SB.PCI0.SBUS.SMBI) (20160108/utaddress-255)
[    5.932542] ACPI: If an ACPI driver is available for this device, you should use it instead of the native driver
[    5.933201] ACPI: Video Device [GFX0] (multi-head: yes  rom: no  post: no)
[    5.933459] acpi device:16: registered as cooling_device4
[    5.933505] input: Video Bus as /devices/LNXSYSTM:00/LNXSYBUS:00/PNP0A08:00/LNXVIDEO:00/input/input6
[    5.933963] input: Power Button as /devices/LNXSYSTM:00/LNXSYBUS:00/PNP0C0C:00/input/input7
[    5.933965] ACPI: Power Button [PWRB]
[    5.933991] input: Power Button as /devices/LNXSYSTM:00/LNXPWRBN:00/input/input8
[    5.933992] ACPI: Power Button [PWRF]
[    5.995170] pps_core: LinuxPPS API ver. 1 registered
[    5.995172] pps_core: Software ver. 5.3.6 - Copyright 2005-2007 Rodolfo Giometti <giometti@linux.it>
[    5.997299] PTP clock support registered
[    5.998327] FUJITSU Extended Socket Network Device Driver - version 1.0 - Copyright (c) 2015 FUJITSU LIMITED
[    6.000772] snd_hda_intel 0000:00:03.0: enabling device (0000 -> 0002)
[    6.000855] snd_hda_intel 0000:00:1b.0: enabling device (0000 -> 0002)
[    6.000984] snd_hda_intel 0000:01:00.1: Disabling MSI
[    6.000987] snd_hda_intel 0000:01:00.1: Handle vga_switcheroo audio client
[    6.008572] e1000e: Intel(R) PRO/1000 Network Driver - 3.2.6-k
[    6.008573] e1000e: Copyright(c) 1999 - 2015 Intel Corporation.
[    6.008675] e1000e 0000:00:19.0: Interrupt Throttling Rate (ints/sec) set to dynamic conservative mode
[    6.061286] snd_hda_codec_realtek hdaudioC1D0: autoconfig for ALC892: line_outs=1 (0x14/0x0/0x0/0x0/0x0) type:line
[    6.061288] snd_hda_codec_realtek hdaudioC1D0:    speaker_outs=0 (0x0/0x0/0x0/0x0/0x0)
[    6.061289] snd_hda_codec_realtek hdaudioC1D0:    hp_outs=1 (0x1b/0x0/0x0/0x0/0x0)
[    6.061290] snd_hda_codec_realtek hdaudioC1D0:    mono: mono_out=0x0
[    6.061291] snd_hda_codec_realtek hdaudioC1D0:    dig-out=0x11/0x1e
[    6.061292] snd_hda_codec_realtek hdaudioC1D0:    inputs:
[    6.061293] snd_hda_codec_realtek hdaudioC1D0:      Front Mic=0x19
[    6.061294] snd_hda_codec_realtek hdaudioC1D0:      Rear Mic=0x18
[    6.061295] snd_hda_codec_realtek hdaudioC1D0:      Line=0x1a
[    6.073146] wmi: Mapper loaded
[    6.073309] input: HDA Intel PCH Front Mic as /devices/pci0000:00/0000:00:1b.0/sound/card1/input9
[    6.073327] input: HDA Intel PCH Rear Mic as /devices/pci0000:00/0000:00:1b.0/sound/card1/input10
[    6.073342] input: HDA Intel PCH Line as /devices/pci0000:00/0000:00:1b.0/sound/card1/input11
[    6.073358] input: HDA Intel PCH Line Out as /devices/pci0000:00/0000:00:1b.0/sound/card1/input12
[    6.073373] input: HDA Intel PCH Front Headphone as /devices/pci0000:00/0000:00:1b.0/sound/card1/input13
[    6.073500] thermal LNXTHERM:00: registered as thermal_zone0
[    6.073502] ACPI: Thermal Zone [TZ00] (28 C)
[    6.107026] [drm] Initialized drm 1.1.0 20060810
[    6.118190] input: PC Speaker as /devices/platform/pcspkr/input/input14
[    6.128110] systemd-journald[213]: Received request to flush runtime journal from PID 1
[    6.201298] e1000e 0000:00:19.0 eth0: registered PHC clock
[    6.201301] e1000e 0000:00:19.0 eth0: (PCI Express:2.5GT/s:Width x1) 78:24:af:3c:f7:b4
[    6.201302] e1000e 0000:00:19.0 eth0: Intel(R) PRO/1000 Network Connection
[    6.201327] e1000e 0000:00:19.0 eth0: MAC: 11, PHY: 12, PBA No: FFFFFF-0FF
[    6.355627] thermal LNXTHERM:01: registered as thermal_zone1
[    6.355629] ACPI: Thermal Zone [TZ01] (30 C)
[    6.453746] asus_wmi: ASUS WMI generic driver loaded
[    6.458585] asus_wmi: Initialization: 0x0
[    6.458598] asus_wmi: BIOS WMI version: 0.9
[    6.458619] asus_wmi: SFUN value: 0x0
[    6.458801] input: Eee PC WMI hotkeys as /devices/platform/eeepc-wmi/input/input16
[    6.458844] asus_wmi: Number of fans: 1
[    6.463160] mousedev: PS/2 mouse device common for all mice
[    6.469200] e1000e 0000:00:19.0 eno1: renamed from eth0
[    6.483565] iTCO_vendor_support: vendor-support=0
[    6.488463] iTCO_wdt: Intel TCO WatchDog Timer Driver v1.11
[    6.488489] iTCO_wdt: Found a 9 Series TCO device (Version=2, TCOBASE=0x1860)
[    6.488551] iTCO_wdt: initialized. heartbeat=30 sec (nowayout=0)
[    6.542973] Bluetooth: Core ver 2.21
[    6.542984] NET: Registered protocol family 31
[    6.542985] Bluetooth: HCI device and connection manager initialized
[    6.542987] Bluetooth: HCI socket layer initialized
[    6.542989] Bluetooth: L2CAP socket layer initialized
[    6.542992] Bluetooth: SCO socket layer initialized
[    6.664377] usbcore: registered new interface driver btusb
[    6.669231] Bluetooth: hci0: BCM: chip id 63
[    6.685225] Bluetooth: hci0: Warren
[    6.686220] Bluetooth: hci0: BCM20702A1 (001.002.014) build 1469
[    6.704242] bluetooth hci0: Direct firmware load for brcm/BCM20702A1-0b05-17cf.hcd failed with error -2
[    6.704245] Bluetooth: hci0: BCM: Patch brcm/BCM20702A1-0b05-17cf.hcd not found
[    6.765996] i915 0000:00:02.0: enabling device (0000 -> 0003)
[    6.766330] [drm] Memory usable by graphics device = 2048M
[    6.766332] checking generic (f1000000 7e9000) vs hw (d0000000 10000000)
[    6.766332] [drm] Replacing VGA console driver
[    6.772349] [drm] Supports vblank timestamp caching Rev 2 (21.10.2013).
[    6.772350] [drm] Driver supports precise vblank timestamp query.
[    6.779680] MXM: GUID detected in BIOS
[    6.779702] checking generic (f1000000 7e9000) vs hw (e0000000 10000000)
[    6.779703] checking generic (f1000000 7e9000) vs hw (f0000000 2000000)
[    6.779704] fb: switching to nouveaufb from EFI VGA
[    6.779718] Console: switching to colour dummy device 80x25
[    6.779882] nouveau 0000:01:00.0: NVIDIA GM204 (124020a1)
[    6.863370] nouveau 0000:01:00.0: bios: version 84.04.36.00.50
[    6.863609] nouveau 0000:01:00.0: disp: dcb 15 type 8 unknown
[    6.865984] input: HDA NVidia HDMI/DP,pcm=3 as /devices/pci0000:00/0000:00:01.0/0000:01:00.1/sound/card2/input17
[    6.866020] input: HDA NVidia HDMI/DP,pcm=7 as /devices/pci0000:00/0000:00:01.0/0000:01:00.1/sound/card2/input18
[    6.866058] input: HDA NVidia HDMI/DP,pcm=8 as /devices/pci0000:00/0000:00:01.0/0000:01:00.1/sound/card2/input19
[    6.866093] input: HDA NVidia HDMI/DP,pcm=9 as /devices/pci0000:00/0000:00:01.0/0000:01:00.1/sound/card2/input20
[    6.963572] wl: module license 'MIXED/Proprietary' taints kernel.
[    6.963574] Disabling lock debugging due to kernel taint
[    6.965959] wl 0000:03:00.0: enabling device (0000 -> 0002)
[    6.975120] AVX2 version of gcm_enc/dec engaged.
[    6.975122] AES CTR mode by8 optimization enabled
[    6.982647] wlan0: Broadcom BCM43b1 802.11 Hybrid Wireless Controller 6.30.223.271 (r587334)
[    7.028497] wl 0000:03:00.0 wlp3s0: renamed from wlan0
[    7.132290] i915 0000:00:02.0: No connectors reported connected with modes
[    7.132294] [drm] Cannot find any crtc or sizes - going 1024x768
[    7.132434] snd_hda_intel 0000:00:03.0: bound 0000:00:02.0 (ops i915_audio_component_bind_ops [i915])
[    7.132442] [drm] Initialized i915 1.6.0 20160229 for 0000:00:02.0 on minor 0
[    7.132787] nouveau 0000:01:00.0: fb: 4096 MiB GDDR5
[    7.139207] kvm: disabled by bios
[    7.154236] input: HDA Intel HDMI HDMI/DP,pcm=3 as /devices/pci0000:00/0000:00:03.0/sound/card0/input21
[    7.154278] input: HDA Intel HDMI HDMI/DP,pcm=7 as /devices/pci0000:00/0000:00:03.0/sound/card0/input22
[    7.154308] input: HDA Intel HDMI HDMI/DP,pcm=8 as /devices/pci0000:00/0000:00:03.0/sound/card0/input23
[    7.155179] [TTM] Zone  kernel: Available graphics memory: 4026670 kiB
[    7.155179] [TTM] Zone   dma32: Available graphics memory: 2097152 kiB
[    7.155180] [TTM] Initializing pool allocator
[    7.155182] [TTM] Initializing DMA pool allocator
[    7.155189] nouveau 0000:01:00.0: DRM: VRAM: 4096 MiB
[    7.155189] nouveau 0000:01:00.0: DRM: GART: 1048576 MiB
[    7.155192] nouveau 0000:01:00.0: DRM: TMDS table version 2.0
[    7.155193] nouveau 0000:01:00.0: DRM: DCB version 4.1
[    7.155194] nouveau 0000:01:00.0: DRM: DCB outp 00: 01000f02 00020030
[    7.155195] nouveau 0000:01:00.0: DRM: DCB outp 01: 02000f00 00000000
[    7.155196] nouveau 0000:01:00.0: DRM: DCB outp 02: 02811f76 04400020
[    7.155196] nouveau 0000:01:00.0: DRM: DCB outp 03: 02011f72 00020020
[    7.155197] nouveau 0000:01:00.0: DRM: DCB outp 04: 04822f86 04400010
[    7.155198] nouveau 0000:01:00.0: DRM: DCB outp 05: 04022f82 00020010
[    7.155198] nouveau 0000:01:00.0: DRM: DCB outp 06: 04833f96 04400020
[    7.155199] nouveau 0000:01:00.0: DRM: DCB outp 07: 04033f92 00020020
[    7.155199] nouveau 0000:01:00.0: DRM: DCB outp 08: 02044f62 00020010
[    7.155200] nouveau 0000:01:00.0: DRM: DCB outp 15: 01df5ff8 00000000
[    7.155200] nouveau 0000:01:00.0: DRM: DCB conn 00: 00001030
[    7.155201] nouveau 0000:01:00.0: DRM: DCB conn 01: 00020146
[    7.155201] nouveau 0000:01:00.0: DRM: DCB conn 02: 01000246
[    7.155202] nouveau 0000:01:00.0: DRM: DCB conn 03: 02000346
[    7.155202] nouveau 0000:01:00.0: DRM: DCB conn 04: 00010461
[    7.155203] nouveau 0000:01:00.0: DRM: DCB conn 05: 00000570
[    7.155204] nouveau 0000:01:00.0: DRM: Pointer to flat panel table invalid
[    7.168003] intel_rapl: Found RAPL domain package
[    7.168004] intel_rapl: Found RAPL domain core
[    7.168005] intel_rapl: Found RAPL domain uncore
[    7.168006] intel_rapl: Found RAPL domain dram
[    7.169505] nouveau 0000:01:00.0: DRM: unknown connector type 70
[    7.169521] nouveau 0000:01:00.0: DRM: failed to create encoder 1/8/0: -19
[    7.169522] nouveau 0000:01:00.0: DRM: Unknown-1 has no encoders, removing
[    7.169537] [drm] Supports vblank timestamp caching Rev 2 (21.10.2013).
[    7.169537] [drm] Driver supports precise vblank timestamp query.
[    7.328715] nouveau 0000:01:00.0: DRM: MM: using COPY for buffer copies
[    7.556718] nouveau 0000:01:00.0: DRM: allocated 1920x1080 fb: 0x60000, bo ffff8800c7f62400
[    7.772328] Console: switching to colour frame buffer device 128x48
[    7.773423] i915 0000:00:02.0: fb0: inteldrmfb frame buffer device
[    7.773538] fbcon: nouveaufb (fb1) is primary device
[    7.773539] fbcon: Remapping primary device, fb1, to tty 1-63
[    8.661654] nouveau 0000:01:00.0: fb1: nouveaufb frame buffer device
[    8.661657] [drm] Initialized nouveau 1.3.1 20120801 for 0000:01:00.0 on minor 1
[    9.189069] IPv6: ADDRCONF(NETDEV_UP): eno1: link is not ready
