-- Logs begin at Mon 2016-07-18 22:35:05 PDT, end at Fri 2016-07-22 02:37:21 PDT. --
Jul 22 02:33:36 localhost systemd-journald[187]: Runtime journal (/run/log/journal/) is 8.0M, max 396.5M, 388.5M free.
Jul 22 02:33:36 localhost systemd-journald[187]: System journal (/var/log/journal/) is 184.0M, max 4.0G, 3.8G free.
Jul 22 02:33:36 localhost systemd-journald[187]: Time spent on flushing to /var is 427.076ms for 2 entries.
Jul 22 02:33:36 localhost kernel: microcode: microcode updated early to revision 0x20, date = 2016-03-16
Jul 22 02:33:36 localhost kernel: Linux version 4.6.4-1-nouveau (warren@localhost) (gcc version 6.1.1 20160707 (GCC) ) #1 SMP PREEMPT Thu Jul 21 17:46:46 PDT 2016
Jul 22 02:33:36 localhost kernel: Command line: initrd=\intel-ucode.img initrd=\initramfs-linux-nouveau.img root=PARTUUID=22d511b2-774e-4a5f-9cdc-6258f45f802c rw
Jul 22 02:33:36 localhost kernel: x86/fpu: xstate_offset[2]:  576, xstate_sizes[2]:  256
Jul 22 02:33:36 localhost kernel: x86/fpu: Supporting XSAVE feature 0x001: 'x87 floating point registers'
Jul 22 02:33:36 localhost kernel: x86/fpu: Supporting XSAVE feature 0x002: 'SSE registers'
Jul 22 02:33:36 localhost kernel: x86/fpu: Supporting XSAVE feature 0x004: 'AVX registers'
Jul 22 02:33:36 localhost kernel: x86/fpu: Enabled xstate features 0x7, context size is 832 bytes, using 'standard' format.
Jul 22 02:33:36 localhost kernel: x86/fpu: Using 'eager' FPU context switches.
Jul 22 02:33:36 localhost kernel: e820: BIOS-provided physical RAM map:
Jul 22 02:33:36 localhost kernel: BIOS-e820: [mem 0x0000000000000000-0x0000000000057fff] usable
Jul 22 02:33:36 localhost kernel: BIOS-e820: [mem 0x0000000000058000-0x0000000000058fff] reserved
Jul 22 02:33:36 localhost kernel: BIOS-e820: [mem 0x0000000000059000-0x000000000009efff] usable
Jul 22 02:33:36 localhost kernel: BIOS-e820: [mem 0x000000000009f000-0x000000000009ffff] reserved
Jul 22 02:33:36 localhost kernel: BIOS-e820: [mem 0x0000000000100000-0x00000000bd7c4fff] usable
Jul 22 02:33:36 localhost kernel: BIOS-e820: [mem 0x00000000bd7c5000-0x00000000bd7cbfff] ACPI NVS
Jul 22 02:33:36 localhost kernel: BIOS-e820: [mem 0x00000000bd7cc000-0x00000000bdc2efff] usable
Jul 22 02:33:36 localhost kernel: BIOS-e820: [mem 0x00000000bdc2f000-0x00000000be08dfff] reserved
Jul 22 02:33:36 localhost kernel: BIOS-e820: [mem 0x00000000be08e000-0x00000000ddab3fff] usable
Jul 22 02:33:36 localhost kernel: BIOS-e820: [mem 0x00000000ddab4000-0x00000000ddb1dfff] reserved
Jul 22 02:33:36 localhost kernel: BIOS-e820: [mem 0x00000000ddb1e000-0x00000000ddb3bfff] ACPI data
Jul 22 02:33:36 localhost kernel: BIOS-e820: [mem 0x00000000ddb3c000-0x00000000de05ffff] ACPI NVS
Jul 22 02:33:36 localhost kernel: BIOS-e820: [mem 0x00000000de060000-0x00000000deffefff] reserved
Jul 22 02:33:36 localhost kernel: BIOS-e820: [mem 0x00000000defff000-0x00000000deffffff] usable
Jul 22 02:33:36 localhost kernel: BIOS-e820: [mem 0x00000000f8000000-0x00000000fbffffff] reserved
Jul 22 02:33:36 localhost kernel: BIOS-e820: [mem 0x00000000fec00000-0x00000000fec00fff] reserved
Jul 22 02:33:36 localhost kernel: BIOS-e820: [mem 0x00000000fed00000-0x00000000fed03fff] reserved
Jul 22 02:33:36 localhost kernel: BIOS-e820: [mem 0x00000000fed1c000-0x00000000fed1ffff] reserved
Jul 22 02:33:36 localhost kernel: BIOS-e820: [mem 0x00000000fee00000-0x00000000fee00fff] reserved
Jul 22 02:33:36 localhost kernel: BIOS-e820: [mem 0x00000000ff000000-0x00000000ffffffff] reserved
Jul 22 02:33:36 localhost kernel: BIOS-e820: [mem 0x0000000100000000-0x000000021effffff] usable
Jul 22 02:33:36 localhost kernel: NX (Execute Disable) protection: active
Jul 22 02:33:36 localhost kernel: e820: update [mem 0xbc927018-0xbc948c57] usable ==> usable
Jul 22 02:33:36 localhost kernel: e820: update [mem 0xbc915018-0xbc926057] usable ==> usable
Jul 22 02:33:36 localhost kernel: extended physical RAM map:
Jul 22 02:33:36 localhost kernel: reserve setup_data: [mem 0x0000000000000000-0x0000000000057fff] usable
Jul 22 02:33:36 localhost kernel: reserve setup_data: [mem 0x0000000000058000-0x0000000000058fff] reserved
Jul 22 02:33:36 localhost kernel: reserve setup_data: [mem 0x0000000000059000-0x000000000009efff] usable
Jul 22 02:33:36 localhost kernel: reserve setup_data: [mem 0x000000000009f000-0x000000000009ffff] reserved
Jul 22 02:33:36 localhost kernel: reserve setup_data: [mem 0x0000000000100000-0x00000000bc915017] usable
Jul 22 02:33:36 localhost kernel: reserve setup_data: [mem 0x00000000bc915018-0x00000000bc926057] usable
Jul 22 02:33:36 localhost kernel: reserve setup_data: [mem 0x00000000bc926058-0x00000000bc927017] usable
Jul 22 02:33:36 localhost kernel: reserve setup_data: [mem 0x00000000bc927018-0x00000000bc948c57] usable
Jul 22 02:33:36 localhost kernel: reserve setup_data: [mem 0x00000000bc948c58-0x00000000bd7c4fff] usable
Jul 22 02:33:36 localhost kernel: reserve setup_data: [mem 0x00000000bd7c5000-0x00000000bd7cbfff] ACPI NVS
Jul 22 02:33:36 localhost kernel: reserve setup_data: [mem 0x00000000bd7cc000-0x00000000bdc2efff] usable
Jul 22 02:33:36 localhost kernel: reserve setup_data: [mem 0x00000000bdc2f000-0x00000000be08dfff] reserved
Jul 22 02:33:36 localhost kernel: reserve setup_data: [mem 0x00000000be08e000-0x00000000ddab3fff] usable
Jul 22 02:33:36 localhost kernel: reserve setup_data: [mem 0x00000000ddab4000-0x00000000ddb1dfff] reserved
Jul 22 02:33:36 localhost kernel: reserve setup_data: [mem 0x00000000ddb1e000-0x00000000ddb3bfff] ACPI data
Jul 22 02:33:36 localhost kernel: reserve setup_data: [mem 0x00000000ddb3c000-0x00000000de05ffff] ACPI NVS
Jul 22 02:33:36 localhost kernel: reserve setup_data: [mem 0x00000000de060000-0x00000000deffefff] reserved
Jul 22 02:33:36 localhost kernel: reserve setup_data: [mem 0x00000000defff000-0x00000000deffffff] usable
Jul 22 02:33:36 localhost kernel: reserve setup_data: [mem 0x00000000f8000000-0x00000000fbffffff] reserved
Jul 22 02:33:36 localhost kernel: reserve setup_data: [mem 0x00000000fec00000-0x00000000fec00fff] reserved
Jul 22 02:33:36 localhost kernel: reserve setup_data: [mem 0x00000000fed00000-0x00000000fed03fff] reserved
Jul 22 02:33:36 localhost kernel: reserve setup_data: [mem 0x00000000fed1c000-0x00000000fed1ffff] reserved
Jul 22 02:33:36 localhost kernel: reserve setup_data: [mem 0x00000000fee00000-0x00000000fee00fff] reserved
Jul 22 02:33:36 localhost kernel: reserve setup_data: [mem 0x00000000ff000000-0x00000000ffffffff] reserved
Jul 22 02:33:36 localhost kernel: reserve setup_data: [mem 0x0000000100000000-0x000000021effffff] usable
Jul 22 02:33:36 localhost kernel: efi: EFI v2.31 by American Megatrends
Jul 22 02:33:36 localhost kernel: efi:  ESRT=0xdef56898  ACPI 2.0=0xddb24000  ACPI=0xddb24000  SMBIOS=0xf04d0  MPS=0xfd5b0 
Jul 22 02:33:36 localhost kernel: esrt: Reserving ESRT space from 0x00000000def56898 to 0x00000000def568d0.
Jul 22 02:33:36 localhost kernel: SMBIOS 2.8 present.
Jul 22 02:33:36 localhost kernel: DMI: ASUS All Series/Z97I-PLUS, BIOS 2703 12/07/2015
Jul 22 02:33:36 localhost kernel: e820: update [mem 0x00000000-0x00000fff] usable ==> reserved
Jul 22 02:33:36 localhost kernel: e820: remove [mem 0x000a0000-0x000fffff] usable
Jul 22 02:33:36 localhost kernel: e820: last_pfn = 0x21f000 max_arch_pfn = 0x400000000
Jul 22 02:33:36 localhost kernel: MTRR default type: uncachable
Jul 22 02:33:36 localhost kernel: MTRR fixed ranges enabled:
Jul 22 02:33:36 localhost kernel:   00000-9FFFF write-back
Jul 22 02:33:36 localhost kernel:   A0000-BFFFF uncachable
Jul 22 02:33:36 localhost kernel:   C0000-CFFFF write-protect
Jul 22 02:33:36 localhost kernel:   D0000-DFFFF uncachable
Jul 22 02:33:36 localhost kernel:   E0000-FFFFF write-protect
Jul 22 02:33:36 localhost kernel: MTRR variable ranges enabled:
Jul 22 02:33:36 localhost kernel:   0 base 0000000000 mask 7E00000000 write-back
Jul 22 02:33:36 localhost kernel:   1 base 0200000000 mask 7FF0000000 write-back
Jul 22 02:33:36 localhost kernel:   2 base 0210000000 mask 7FF8000000 write-back
Jul 22 02:33:36 localhost kernel:   3 base 0218000000 mask 7FFC000000 write-back
Jul 22 02:33:36 localhost kernel:   4 base 021C000000 mask 7FFE000000 write-back
Jul 22 02:33:36 localhost kernel:   5 base 021E000000 mask 7FFF000000 write-back
Jul 22 02:33:36 localhost kernel:   6 base 00E0000000 mask 7FE0000000 uncachable
Jul 22 02:33:36 localhost kernel:   7 disabled
Jul 22 02:33:36 localhost kernel:   8 disabled
Jul 22 02:33:36 localhost kernel:   9 disabled
Jul 22 02:33:36 localhost kernel: x86/PAT: Configuration [0-7]: WB  WC  UC- UC  WB  WC  UC- WT  
Jul 22 02:33:36 localhost kernel: e820: update [mem 0xe0000000-0xffffffff] usable ==> reserved
Jul 22 02:33:36 localhost kernel: e820: last_pfn = 0xdf000 max_arch_pfn = 0x400000000
Jul 22 02:33:36 localhost kernel: found SMP MP-table at [mem 0x000fd850-0x000fd85f] mapped at [ffff8800000fd850]
Jul 22 02:33:36 localhost kernel: Scanning 1 areas for low memory corruption
Jul 22 02:33:36 localhost kernel: Base memory trampoline at [ffff880000098000] 98000 size 24576
Jul 22 02:33:36 localhost kernel: Using GB pages for direct mapping
Jul 22 02:33:36 localhost kernel: BRK [0x01b4f000, 0x01b4ffff] PGTABLE
Jul 22 02:33:36 localhost kernel: BRK [0x01b50000, 0x01b50fff] PGTABLE
Jul 22 02:33:36 localhost kernel: BRK [0x01b51000, 0x01b51fff] PGTABLE
Jul 22 02:33:36 localhost kernel: BRK [0x01b52000, 0x01b52fff] PGTABLE
Jul 22 02:33:36 localhost kernel: BRK [0x01b53000, 0x01b53fff] PGTABLE
Jul 22 02:33:36 localhost kernel: BRK [0x01b54000, 0x01b54fff] PGTABLE
Jul 22 02:33:36 localhost kernel: RAMDISK: [mem 0x7f319000-0x7fffffff]
Jul 22 02:33:36 localhost kernel: ACPI: Early table checksum verification disabled
Jul 22 02:33:36 localhost kernel: ACPI: RSDP 0x00000000DDB24000 000024 (v02 ALASKA)
Jul 22 02:33:36 localhost kernel: ACPI: XSDT 0x00000000DDB24088 000084 (v01 ALASKA A M I    01072009 AMI  00010013)
Jul 22 02:33:36 localhost kernel: ACPI: FACP 0x00000000DDB33330 00010C (v05 ALASKA A M I    01072009 AMI  00010013)
Jul 22 02:33:36 localhost kernel: ACPI: DSDT 0x00000000DDB241A0 00F18A (v02 ALASKA A M I    00000011 INTL 20120711)
Jul 22 02:33:36 localhost kernel: ACPI: FACS 0x00000000DE05FF80 000040
Jul 22 02:33:36 localhost kernel: ACPI: APIC 0x00000000DDB33440 000072 (v03 ALASKA A M I    01072009 AMI  00010013)
Jul 22 02:33:36 localhost kernel: ACPI: FPDT 0x00000000DDB334B8 000044 (v01 ALASKA A M I    01072009 AMI  00010013)
Jul 22 02:33:36 localhost kernel: ACPI: SSDT 0x00000000DDB33500 000C7D (v01 Ther_R Ther_Rvp 00001000 INTL 20120711)
Jul 22 02:33:36 localhost kernel: ACPI: SSDT 0x00000000DDB34180 000539 (v01 PmRef  Cpu0Ist  00003000 INTL 20051117)
Jul 22 02:33:36 localhost kernel: ACPI: SSDT 0x00000000DDB346C0 000B74 (v01 CpuRef CpuSsdt  00003000 INTL 20051117)
Jul 22 02:33:36 localhost kernel: ACPI: MCFG 0x00000000DDB35238 00003C (v01 ALASKA A M I    01072009 MSFT 00000097)
Jul 22 02:33:36 localhost kernel: ACPI: HPET 0x00000000DDB35278 000038 (v01 ALASKA A M I    01072009 AMI. 00000005)
Jul 22 02:33:36 localhost kernel: ACPI: SSDT 0x00000000DDB352B0 000495 (v01 IdeRef IdeTable 00001000 INTL 20120711)
Jul 22 02:33:36 localhost kernel: ACPI: SSDT 0x00000000DDB35748 005977 (v01 SaSsdt SaSsdt   00003000 INTL 20120711)
Jul 22 02:33:36 localhost kernel: ACPI: BGRT 0x00000000DDB3B160 000038 (v01 ALASKA A M I    01072009 AMI  00010013)
Jul 22 02:33:36 localhost kernel: ACPI: UEFI 0x00000000DDB3B118 000042 (v01 ALASKA A M I    01072009      00000000)
Jul 22 02:33:36 localhost kernel: ACPI: Local APIC address 0xfee00000
Jul 22 02:33:36 localhost kernel: No NUMA configuration found
Jul 22 02:33:36 localhost kernel: Faking a node at [mem 0x0000000000000000-0x000000021effffff]
Jul 22 02:33:36 localhost kernel: NODE_DATA(0) allocated [mem 0x21eff7000-0x21effafff]
Jul 22 02:33:36 localhost kernel: Zone ranges:
Jul 22 02:33:36 localhost kernel:   DMA      [mem 0x0000000000001000-0x0000000000ffffff]
Jul 22 02:33:36 localhost kernel:   DMA32    [mem 0x0000000001000000-0x00000000ffffffff]
Jul 22 02:33:36 localhost kernel:   Normal   [mem 0x0000000100000000-0x000000021effffff]
Jul 22 02:33:36 localhost kernel: Movable zone start for each node
Jul 22 02:33:36 localhost kernel: Early memory node ranges
Jul 22 02:33:36 localhost kernel:   node   0: [mem 0x0000000000001000-0x0000000000057fff]
Jul 22 02:33:36 localhost kernel:   node   0: [mem 0x0000000000059000-0x000000000009efff]
Jul 22 02:33:36 localhost kernel:   node   0: [mem 0x0000000000100000-0x00000000bd7c4fff]
Jul 22 02:33:36 localhost kernel:   node   0: [mem 0x00000000bd7cc000-0x00000000bdc2efff]
Jul 22 02:33:36 localhost kernel:   node   0: [mem 0x00000000be08e000-0x00000000ddab3fff]
Jul 22 02:33:36 localhost kernel:   node   0: [mem 0x00000000defff000-0x00000000deffffff]
Jul 22 02:33:36 localhost kernel:   node   0: [mem 0x0000000100000000-0x000000021effffff]
Jul 22 02:33:36 localhost kernel: Initmem setup node 0 [mem 0x0000000000001000-0x000000021effffff]
Jul 22 02:33:36 localhost kernel: On node 0 totalpages: 2082284
Jul 22 02:33:36 localhost kernel:   DMA zone: 64 pages used for memmap
Jul 22 02:33:36 localhost kernel:   DMA zone: 23 pages reserved
Jul 22 02:33:36 localhost kernel:   DMA zone: 3997 pages, LIFO batch:0
Jul 22 02:33:36 localhost kernel:   DMA32 zone: 14106 pages used for memmap
Jul 22 02:33:36 localhost kernel:   DMA32 zone: 902735 pages, LIFO batch:31
Jul 22 02:33:36 localhost kernel:   Normal zone: 18368 pages used for memmap
Jul 22 02:33:36 localhost kernel:   Normal zone: 1175552 pages, LIFO batch:31
Jul 22 02:33:36 localhost kernel: ACPI: PM-Timer IO Port: 0x1808
Jul 22 02:33:36 localhost kernel: ACPI: Local APIC address 0xfee00000
Jul 22 02:33:36 localhost kernel: ACPI: LAPIC_NMI (acpi_id[0xff] high edge lint[0x1])
Jul 22 02:33:36 localhost kernel: IOAPIC[0]: apic_id 8, version 32, address 0xfec00000, GSI 0-23
Jul 22 02:33:36 localhost kernel: ACPI: INT_SRC_OVR (bus 0 bus_irq 0 global_irq 2 dfl dfl)
Jul 22 02:33:36 localhost kernel: ACPI: INT_SRC_OVR (bus 0 bus_irq 9 global_irq 9 high level)
Jul 22 02:33:36 localhost kernel: ACPI: IRQ0 used by override.
Jul 22 02:33:36 localhost kernel: ACPI: IRQ9 used by override.
Jul 22 02:33:36 localhost kernel: Using ACPI (MADT) for SMP configuration information
Jul 22 02:33:36 localhost kernel: ACPI: HPET id: 0x8086a701 base: 0xfed00000
Jul 22 02:33:36 localhost kernel: smpboot: Allowing 4 CPUs, 0 hotplug CPUs
Jul 22 02:33:36 localhost kernel: PM: Registered nosave memory: [mem 0x00000000-0x00000fff]
Jul 22 02:33:36 localhost kernel: PM: Registered nosave memory: [mem 0x00058000-0x00058fff]
Jul 22 02:33:36 localhost kernel: PM: Registered nosave memory: [mem 0x0009f000-0x0009ffff]
Jul 22 02:33:36 localhost kernel: PM: Registered nosave memory: [mem 0x000a0000-0x000fffff]
Jul 22 02:33:36 localhost kernel: PM: Registered nosave memory: [mem 0xbc915000-0xbc915fff]
Jul 22 02:33:36 localhost kernel: PM: Registered nosave memory: [mem 0xbc926000-0xbc926fff]
Jul 22 02:33:36 localhost kernel: PM: Registered nosave memory: [mem 0xbc927000-0xbc927fff]
Jul 22 02:33:36 localhost kernel: PM: Registered nosave memory: [mem 0xbc948000-0xbc948fff]
Jul 22 02:33:36 localhost kernel: PM: Registered nosave memory: [mem 0xbd7c5000-0xbd7cbfff]
Jul 22 02:33:36 localhost kernel: PM: Registered nosave memory: [mem 0xbdc2f000-0xbe08dfff]
Jul 22 02:33:36 localhost kernel: PM: Registered nosave memory: [mem 0xddab4000-0xddb1dfff]
Jul 22 02:33:36 localhost kernel: PM: Registered nosave memory: [mem 0xddb1e000-0xddb3bfff]
Jul 22 02:33:36 localhost kernel: PM: Registered nosave memory: [mem 0xddb3c000-0xde05ffff]
Jul 22 02:33:36 localhost kernel: PM: Registered nosave memory: [mem 0xde060000-0xdeffefff]
Jul 22 02:33:36 localhost kernel: PM: Registered nosave memory: [mem 0xdf000000-0xf7ffffff]
Jul 22 02:33:36 localhost kernel: PM: Registered nosave memory: [mem 0xf8000000-0xfbffffff]
Jul 22 02:33:36 localhost kernel: PM: Registered nosave memory: [mem 0xfc000000-0xfebfffff]
Jul 22 02:33:36 localhost kernel: PM: Registered nosave memory: [mem 0xfec00000-0xfec00fff]
Jul 22 02:33:36 localhost kernel: PM: Registered nosave memory: [mem 0xfec01000-0xfecfffff]
Jul 22 02:33:36 localhost kernel: PM: Registered nosave memory: [mem 0xfed00000-0xfed03fff]
Jul 22 02:33:36 localhost kernel: PM: Registered nosave memory: [mem 0xfed04000-0xfed1bfff]
Jul 22 02:33:36 localhost kernel: PM: Registered nosave memory: [mem 0xfed1c000-0xfed1ffff]
Jul 22 02:33:36 localhost kernel: PM: Registered nosave memory: [mem 0xfed20000-0xfedfffff]
Jul 22 02:33:36 localhost kernel: PM: Registered nosave memory: [mem 0xfee00000-0xfee00fff]
Jul 22 02:33:36 localhost kernel: PM: Registered nosave memory: [mem 0xfee01000-0xfeffffff]
Jul 22 02:33:36 localhost kernel: PM: Registered nosave memory: [mem 0xff000000-0xffffffff]
Jul 22 02:33:36 localhost kernel: e820: [mem 0xdf000000-0xf7ffffff] available for PCI devices
Jul 22 02:33:36 localhost kernel: Booting paravirtualized kernel on bare hardware
Jul 22 02:33:36 localhost kernel: clocksource: refined-jiffies: mask: 0xffffffff max_cycles: 0xffffffff, max_idle_ns: 6370452778343963 ns
Jul 22 02:33:36 localhost kernel: setup_percpu: NR_CPUS:128 nr_cpumask_bits:128 nr_cpu_ids:4 nr_node_ids:1
Jul 22 02:33:36 localhost kernel: percpu: Embedded 32 pages/cpu @ffff88021ec00000 s93464 r8192 d29416 u524288
Jul 22 02:33:36 localhost kernel: pcpu-alloc: s93464 r8192 d29416 u524288 alloc=1*2097152
Jul 22 02:33:36 localhost kernel: pcpu-alloc: [0] 0 1 2 3 
Jul 22 02:33:36 localhost kernel: Built 1 zonelists in Node order, mobility grouping on.  Total pages: 2049723
Jul 22 02:33:36 localhost kernel: Policy zone: Normal
Jul 22 02:33:36 localhost kernel: Kernel command line: initrd=\intel-ucode.img initrd=\initramfs-linux-nouveau.img root=PARTUUID=22d511b2-774e-4a5f-9cdc-6258f45f802c rw
Jul 22 02:33:36 localhost kernel: PID hash table entries: 4096 (order: 3, 32768 bytes)
Jul 22 02:33:36 localhost kernel: Calgary: detecting Calgary via BIOS EBDA area
Jul 22 02:33:36 localhost kernel: Calgary: Unable to locate Rio Grande table in EBDA - bailing!
Jul 22 02:33:36 localhost kernel: Memory: 7877456K/8329136K available (5935K kernel code, 974K rwdata, 1796K rodata, 1224K init, 1152K bss, 451680K reserved, 0K cma-reserved)
Jul 22 02:33:36 localhost kernel: SLUB: HWalign=64, Order=0-3, MinObjects=0, CPUs=4, Nodes=1
Jul 22 02:33:36 localhost kernel: Preemptible hierarchical RCU implementation.
Jul 22 02:33:36 localhost kernel:         Build-time adjustment of leaf fanout to 64.
Jul 22 02:33:36 localhost kernel:         RCU restricting CPUs from NR_CPUS=128 to nr_cpu_ids=4.
Jul 22 02:33:36 localhost kernel: RCU: Adjusting geometry for rcu_fanout_leaf=64, nr_cpu_ids=4
Jul 22 02:33:36 localhost kernel: NR_IRQS:8448 nr_irqs:456 16
Jul 22 02:33:36 localhost kernel: Console: colour dummy device 80x25
Jul 22 02:33:36 localhost kernel: console [tty0] enabled
Jul 22 02:33:36 localhost kernel: clocksource: hpet: mask: 0xffffffff max_cycles: 0xffffffff, max_idle_ns: 133484882848 ns
Jul 22 02:33:36 localhost kernel: hpet clockevent registered
Jul 22 02:33:36 localhost kernel: tsc: Fast TSC calibration using PIT
Jul 22 02:33:36 localhost kernel: tsc: Detected 3397.780 MHz processor
Jul 22 02:33:36 localhost kernel: Calibrating delay loop (skipped), value calculated using timer frequency.. 6798.70 BogoMIPS (lpj=11325933)
Jul 22 02:33:36 localhost kernel: pid_max: default: 32768 minimum: 301
Jul 22 02:33:36 localhost kernel: ACPI: Core revision 20160108
Jul 22 02:33:36 localhost kernel: ACPI: 6 ACPI AML tables successfully acquired and loaded
Jul 22 02:33:36 localhost kernel: 
Jul 22 02:33:36 localhost kernel: Security Framework initialized
Jul 22 02:33:36 localhost kernel: Yama: becoming mindful.
Jul 22 02:33:36 localhost kernel: Dentry cache hash table entries: 1048576 (order: 11, 8388608 bytes)
Jul 22 02:33:36 localhost kernel: Inode-cache hash table entries: 524288 (order: 10, 4194304 bytes)
Jul 22 02:33:36 localhost kernel: Mount-cache hash table entries: 16384 (order: 5, 131072 bytes)
Jul 22 02:33:36 localhost kernel: Mountpoint-cache hash table entries: 16384 (order: 5, 131072 bytes)
Jul 22 02:33:36 localhost kernel: CPU: Physical Processor ID: 0
Jul 22 02:33:36 localhost kernel: CPU: Processor Core ID: 0
Jul 22 02:33:36 localhost kernel: ENERGY_PERF_BIAS: Set to 'normal', was 'performance'
Jul 22 02:33:36 localhost kernel: ENERGY_PERF_BIAS: View and update with x86_energy_perf_policy(8)
Jul 22 02:33:36 localhost kernel: mce: CPU supports 9 MCE banks
Jul 22 02:33:36 localhost kernel: CPU0: Thermal monitoring enabled (TM1)
Jul 22 02:33:36 localhost kernel: process: using mwait in idle threads
Jul 22 02:33:36 localhost kernel: Last level iTLB entries: 4KB 1024, 2MB 1024, 4MB 1024
Jul 22 02:33:36 localhost kernel: Last level dTLB entries: 4KB 1024, 2MB 1024, 4MB 1024, 1GB 4
Jul 22 02:33:36 localhost kernel: Freeing SMP alternatives memory: 24K (ffffffff81a27000 - ffffffff81a2d000)
Jul 22 02:33:36 localhost kernel: ftrace: allocating 23494 entries in 92 pages
Jul 22 02:33:36 localhost kernel: smpboot: Max logical packages: 1
Jul 22 02:33:36 localhost kernel: smpboot: APIC(0) Converting physical 0 to logical package 0
Jul 22 02:33:36 localhost kernel: ..TIMER: vector=0x30 apic1=0 pin1=2 apic2=0 pin2=0
Jul 22 02:33:36 localhost kernel: TSC deadline timer enabled
Jul 22 02:33:36 localhost kernel: smpboot: CPU0: Intel(R) Core(TM) i5-4670K CPU @ 3.40GHz (family: 0x6, model: 0x3c, stepping: 0x3)
Jul 22 02:33:36 localhost kernel: Performance Events: PEBS fmt2+, 16-deep LBR, Haswell events, full-width counters, Intel PMU driver.
Jul 22 02:33:36 localhost kernel: ... version:                3
Jul 22 02:33:36 localhost kernel: ... bit width:              48
Jul 22 02:33:36 localhost kernel: ... generic registers:      8
Jul 22 02:33:36 localhost kernel: ... value mask:             0000ffffffffffff
Jul 22 02:33:36 localhost kernel: ... max period:             0000ffffffffffff
Jul 22 02:33:36 localhost kernel: ... fixed-purpose events:   3
Jul 22 02:33:36 localhost kernel: ... event mask:             00000007000000ff
Jul 22 02:33:36 localhost kernel: NMI watchdog: enabled on all CPUs, permanently consumes one hw-PMU counter.
Jul 22 02:33:36 localhost kernel: x86: Booting SMP configuration:
Jul 22 02:33:36 localhost kernel: .... node  #0, CPUs:      #1 #2 #3
Jul 22 02:33:36 localhost kernel: x86: Booted up 1 node, 4 CPUs
Jul 22 02:33:36 localhost kernel: smpboot: Total of 4 processors activated (27196.12 BogoMIPS)
Jul 22 02:33:36 localhost kernel: devtmpfs: initialized
Jul 22 02:33:36 localhost kernel: x86/mm: Memory block size: 128MB
Jul 22 02:33:36 localhost kernel: PM: Registering ACPI NVS region [mem 0xbd7c5000-0xbd7cbfff] (28672 bytes)
Jul 22 02:33:36 localhost kernel: PM: Registering ACPI NVS region [mem 0xddb3c000-0xde05ffff] (5390336 bytes)
Jul 22 02:33:36 localhost kernel: clocksource: jiffies: mask: 0xffffffff max_cycles: 0xffffffff, max_idle_ns: 6370867519511994 ns
Jul 22 02:33:36 localhost kernel: pinctrl core: initialized pinctrl subsystem
Jul 22 02:33:36 localhost kernel: RTC time:  9:33:32, date: 07/22/16
Jul 22 02:33:36 localhost kernel: NET: Registered protocol family 16
Jul 22 02:33:36 localhost kernel: cpuidle: using governor ladder
Jul 22 02:33:36 localhost kernel: cpuidle: using governor menu
Jul 22 02:33:36 localhost kernel: ACPI FADT declares the system doesn't support PCIe ASPM, so disable it
Jul 22 02:33:36 localhost kernel: ACPI: bus type PCI registered
Jul 22 02:33:36 localhost kernel: acpiphp: ACPI Hot Plug PCI Controller Driver version: 0.5
Jul 22 02:33:36 localhost kernel: PCI: MMCONFIG for domain 0000 [bus 00-3f] at [mem 0xf8000000-0xfbffffff] (base 0xf8000000)
Jul 22 02:33:36 localhost kernel: PCI: MMCONFIG at [mem 0xf8000000-0xfbffffff] reserved in E820
Jul 22 02:33:36 localhost kernel: pmd_set_huge: Cannot satisfy [mem 0xf8000000-0xf8200000] with a huge-page mapping due to MTRR override.
Jul 22 02:33:36 localhost kernel: PCI: Using configuration type 1 for base access
Jul 22 02:33:36 localhost kernel: core: PMU erratum BJ122, BV98, HSD29 workaround disabled, HT off
Jul 22 02:33:36 localhost kernel: NMI watchdog: enabled on all CPUs, permanently consumes one hw-PMU counter.
Jul 22 02:33:36 localhost kernel: HugeTLB registered 1 GB page size, pre-allocated 0 pages
Jul 22 02:33:36 localhost kernel: HugeTLB registered 2 MB page size, pre-allocated 0 pages
Jul 22 02:33:36 localhost kernel: ACPI: Added _OSI(Module Device)
Jul 22 02:33:36 localhost kernel: ACPI: Added _OSI(Processor Device)
Jul 22 02:33:36 localhost kernel: ACPI: Added _OSI(3.0 _SCP Extensions)
Jul 22 02:33:36 localhost kernel: ACPI: Added _OSI(Processor Aggregator Device)
Jul 22 02:33:36 localhost kernel: ACPI: Executed 4 blocks of module-level executable AML code
Jul 22 02:33:36 localhost kernel: ACPI: Dynamic OEM Table Load:
Jul 22 02:33:36 localhost kernel: ACPI: SSDT 0xFFFF880214EE5800 0003D3 (v01 PmRef  Cpu0Cst  00003001 INTL 20051117)
Jul 22 02:33:36 localhost kernel: ACPI: Dynamic OEM Table Load:
Jul 22 02:33:36 localhost kernel: ACPI: SSDT 0xFFFF880214CD1800 0005AA (v01 PmRef  ApIst    00003000 INTL 20051117)
Jul 22 02:33:36 localhost kernel: ACPI: Dynamic OEM Table Load:
Jul 22 02:33:36 localhost kernel: ACPI: SSDT 0xFFFF880214E81200 000119 (v01 PmRef  ApCst    00003000 INTL 20051117)
Jul 22 02:33:36 localhost kernel: ACPI: Interpreter enabled
Jul 22 02:33:36 localhost kernel: ACPI: (supports S0 S3 S4 S5)
Jul 22 02:33:36 localhost kernel: ACPI: Using IOAPIC for interrupt routing
Jul 22 02:33:36 localhost kernel: PCI: Using host bridge windows from ACPI; if necessary, use "pci=nocrs" and report a bug
Jul 22 02:33:36 localhost kernel: ACPI: Power Resource [PG00] (on)
Jul 22 02:33:36 localhost kernel: ACPI: Power Resource [PG01] (on)
Jul 22 02:33:36 localhost kernel: ACPI: Power Resource [PG02] (on)
Jul 22 02:33:36 localhost kernel: ACPI: Power Resource [FN00] (off)
Jul 22 02:33:36 localhost kernel: ACPI: Power Resource [FN01] (off)
Jul 22 02:33:36 localhost kernel: ACPI: Power Resource [FN02] (off)
Jul 22 02:33:36 localhost kernel: ACPI: Power Resource [FN03] (off)
Jul 22 02:33:36 localhost kernel: ACPI: Power Resource [FN04] (off)
Jul 22 02:33:36 localhost kernel: ACPI: PCI Root Bridge [PCI0] (domain 0000 [bus 00-3e])
Jul 22 02:33:36 localhost kernel: acpi PNP0A08:00: _OSC: OS supports [ExtendedConfig ASPM ClockPM Segments MSI]
Jul 22 02:33:36 localhost kernel: acpi PNP0A08:00: _OSC: platform does not support [PCIeHotplug PME]
Jul 22 02:33:36 localhost kernel: acpi PNP0A08:00: _OSC: OS now controls [AER PCIeCapability]
Jul 22 02:33:36 localhost kernel: acpi PNP0A08:00: FADT indicates ASPM is unsupported, using BIOS configuration
Jul 22 02:33:36 localhost kernel: PCI host bridge to bus 0000:00
Jul 22 02:33:36 localhost kernel: pci_bus 0000:00: root bus resource [io  0x0000-0x0cf7 window]
Jul 22 02:33:36 localhost kernel: pci_bus 0000:00: root bus resource [io  0x0d00-0xffff window]
Jul 22 02:33:36 localhost kernel: pci_bus 0000:00: root bus resource [mem 0x000a0000-0x000bffff window]
Jul 22 02:33:36 localhost kernel: pci_bus 0000:00: root bus resource [mem 0x000d0000-0x000d3fff window]
Jul 22 02:33:36 localhost kernel: pci_bus 0000:00: root bus resource [mem 0x000d4000-0x000d7fff window]
Jul 22 02:33:36 localhost kernel: pci_bus 0000:00: root bus resource [mem 0x000d8000-0x000dbfff window]
Jul 22 02:33:36 localhost kernel: pci_bus 0000:00: root bus resource [mem 0x000dc000-0x000dffff window]
Jul 22 02:33:36 localhost kernel: pci_bus 0000:00: root bus resource [mem 0xe0000000-0xfeafffff window]
Jul 22 02:33:36 localhost kernel: pci_bus 0000:00: root bus resource [bus 00-3e]
Jul 22 02:33:36 localhost kernel: pci 0000:00:00.0: [8086:0c00] type 00 class 0x060000
Jul 22 02:33:36 localhost kernel: pci 0000:00:01.0: [8086:0c01] type 01 class 0x060400
Jul 22 02:33:36 localhost kernel: pci 0000:00:01.0: PME# supported from D0 D3hot D3cold
Jul 22 02:33:36 localhost kernel: pci 0000:00:01.0: System wakeup disabled by ACPI
Jul 22 02:33:36 localhost kernel: pci 0000:00:14.0: [8086:8cb1] type 00 class 0x0c0330
Jul 22 02:33:36 localhost kernel: pci 0000:00:14.0: reg 0x10: [mem 0xf7120000-0xf712ffff 64bit]
Jul 22 02:33:36 localhost kernel: pci 0000:00:14.0: PME# supported from D3hot D3cold
Jul 22 02:33:36 localhost kernel: pci 0000:00:14.0: System wakeup disabled by ACPI
Jul 22 02:33:36 localhost kernel: pci 0000:00:16.0: [8086:8cba] type 00 class 0x078000
Jul 22 02:33:36 localhost kernel: pci 0000:00:16.0: reg 0x10: [mem 0xf7139000-0xf713900f 64bit]
Jul 22 02:33:36 localhost kernel: pci 0000:00:16.0: PME# supported from D0 D3hot D3cold
Jul 22 02:33:36 localhost kernel: pci 0000:00:19.0: [8086:15a1] type 00 class 0x020000
Jul 22 02:33:36 localhost kernel: pci 0000:00:19.0: reg 0x10: [mem 0xf7100000-0xf711ffff]
Jul 22 02:33:36 localhost kernel: pci 0000:00:19.0: reg 0x14: [mem 0xf7137000-0xf7137fff]
Jul 22 02:33:36 localhost kernel: pci 0000:00:19.0: reg 0x18: [io  0xf020-0xf03f]
Jul 22 02:33:36 localhost kernel: pci 0000:00:19.0: PME# supported from D0 D3hot D3cold
Jul 22 02:33:36 localhost kernel: pci 0000:00:19.0: System wakeup disabled by ACPI
Jul 22 02:33:36 localhost kernel: pci 0000:00:1a.0: [8086:8cad] type 00 class 0x0c0320
Jul 22 02:33:36 localhost kernel: pci 0000:00:1a.0: reg 0x10: [mem 0xf7136000-0xf71363ff]
Jul 22 02:33:36 localhost kernel: pci 0000:00:1a.0: PME# supported from D0 D3hot D3cold
Jul 22 02:33:36 localhost kernel: pci 0000:00:1a.0: System wakeup disabled by ACPI
Jul 22 02:33:36 localhost kernel: pci 0000:00:1b.0: [8086:8ca0] type 00 class 0x040300
Jul 22 02:33:36 localhost kernel: pci 0000:00:1b.0: reg 0x10: [mem 0xf7130000-0xf7133fff 64bit]
Jul 22 02:33:36 localhost kernel: pci 0000:00:1b.0: PME# supported from D0 D3hot D3cold
Jul 22 02:33:36 localhost kernel: pci 0000:00:1b.0: System wakeup disabled by ACPI
Jul 22 02:33:36 localhost kernel: pci 0000:00:1c.0: [8086:8c90] type 01 class 0x060400
Jul 22 02:33:36 localhost kernel: pci 0000:00:1c.0: PME# supported from D0 D3hot D3cold
Jul 22 02:33:36 localhost kernel: pci 0000:00:1c.0: System wakeup disabled by ACPI
Jul 22 02:33:36 localhost kernel: pci 0000:00:1c.3: [8086:8c96] type 01 class 0x060400
Jul 22 02:33:36 localhost kernel: pci 0000:00:1c.3: PME# supported from D0 D3hot D3cold
Jul 22 02:33:36 localhost kernel: pci 0000:00:1c.3: System wakeup disabled by ACPI
Jul 22 02:33:36 localhost kernel: pci 0000:00:1d.0: [8086:8ca6] type 00 class 0x0c0320
Jul 22 02:33:36 localhost kernel: pci 0000:00:1d.0: reg 0x10: [mem 0xf7135000-0xf71353ff]
Jul 22 02:33:36 localhost kernel: pci 0000:00:1d.0: PME# supported from D0 D3hot D3cold
Jul 22 02:33:36 localhost kernel: pci 0000:00:1d.0: System wakeup disabled by ACPI
Jul 22 02:33:36 localhost kernel: pci 0000:00:1f.0: [8086:8cc4] type 00 class 0x060100
Jul 22 02:33:36 localhost kernel: pci 0000:00:1f.3: [8086:8ca2] type 00 class 0x0c0500
Jul 22 02:33:36 localhost kernel: pci 0000:00:1f.3: reg 0x10: [mem 0xf7134000-0xf71340ff 64bit]
Jul 22 02:33:36 localhost kernel: pci 0000:00:1f.3: reg 0x20: [io  0xf000-0xf01f]
Jul 22 02:33:36 localhost kernel: pci 0000:01:00.0: [10de:13c2] type 00 class 0x030000
Jul 22 02:33:36 localhost kernel: pci 0000:01:00.0: reg 0x10: [mem 0xf6000000-0xf6ffffff]
Jul 22 02:33:36 localhost kernel: pci 0000:01:00.0: reg 0x14: [mem 0xe0000000-0xefffffff 64bit pref]
Jul 22 02:33:36 localhost kernel: pci 0000:01:00.0: reg 0x1c: [mem 0xf0000000-0xf1ffffff 64bit pref]
Jul 22 02:33:36 localhost kernel: pci 0000:01:00.0: reg 0x24: [io  0xe000-0xe07f]
Jul 22 02:33:36 localhost kernel: pci 0000:01:00.0: reg 0x30: [mem 0xf7000000-0xf707ffff pref]
Jul 22 02:33:36 localhost kernel: pci 0000:01:00.0: System wakeup disabled by ACPI
Jul 22 02:33:36 localhost kernel: pci 0000:01:00.1: [10de:0fbb] type 00 class 0x040300
Jul 22 02:33:36 localhost kernel: pci 0000:01:00.1: reg 0x10: [mem 0xf7080000-0xf7083fff]
Jul 22 02:33:36 localhost kernel: pci 0000:00:01.0: PCI bridge to [bus 01]
Jul 22 02:33:36 localhost kernel: pci 0000:00:01.0:   bridge window [io  0xe000-0xefff]
Jul 22 02:33:36 localhost kernel: pci 0000:00:01.0:   bridge window [mem 0xf6000000-0xf70fffff]
Jul 22 02:33:36 localhost kernel: pci 0000:00:01.0:   bridge window [mem 0xe0000000-0xf1ffffff 64bit pref]
Jul 22 02:33:36 localhost kernel: acpiphp: Slot [1] registered
Jul 22 02:33:36 localhost kernel: pci 0000:00:1c.0: PCI bridge to [bus 02]
Jul 22 02:33:36 localhost kernel: pci 0000:03:00.0: [14e4:43b1] type 00 class 0x028000
Jul 22 02:33:36 localhost kernel: pci 0000:03:00.0: reg 0x10: [mem 0xf7400000-0xf7407fff 64bit]
Jul 22 02:33:36 localhost kernel: pci 0000:03:00.0: reg 0x18: [mem 0xf7200000-0xf73fffff 64bit]
Jul 22 02:33:36 localhost kernel: pci 0000:03:00.0: supports D1 D2
Jul 22 02:33:36 localhost kernel: pci 0000:03:00.0: PME# supported from D0 D1 D2 D3hot D3cold
Jul 22 02:33:36 localhost kernel: pci 0000:03:00.0: System wakeup disabled by ACPI
Jul 22 02:33:36 localhost kernel: pci 0000:00:1c.3: PCI bridge to [bus 03]
Jul 22 02:33:36 localhost kernel: pci 0000:00:1c.3:   bridge window [mem 0xf7200000-0xf74fffff]
Jul 22 02:33:36 localhost kernel: ACPI: PCI Interrupt Link [LNKA] (IRQs 3 4 5 6 7 10 *11 12 14 15)
Jul 22 02:33:36 localhost kernel: ACPI: PCI Interrupt Link [LNKB] (IRQs 3 4 5 6 7 *10 11 12 14 15)
Jul 22 02:33:36 localhost kernel: ACPI: PCI Interrupt Link [LNKC] (IRQs 3 4 5 *6 7 10 11 12 14 15)
Jul 22 02:33:36 localhost kernel: ACPI: PCI Interrupt Link [LNKD] (IRQs 3 4 *5 6 7 10 11 12 14 15)
Jul 22 02:33:36 localhost kernel: ACPI: PCI Interrupt Link [LNKE] (IRQs *3 4 5 6 7 10 11 12 14 15)
Jul 22 02:33:36 localhost kernel: ACPI: PCI Interrupt Link [LNKF] (IRQs 3 4 5 6 7 10 11 12 14 *15)
Jul 22 02:33:36 localhost kernel: ACPI: PCI Interrupt Link [LNKG] (IRQs 3 *4 5 6 7 10 11 12 14 15)
Jul 22 02:33:36 localhost kernel: ACPI: PCI Interrupt Link [LNKH] (IRQs 3 4 5 6 7 10 11 12 *14 15)
Jul 22 02:33:36 localhost kernel: ACPI: Enabled 6 GPEs in block 00 to 3F
Jul 22 02:33:36 localhost kernel: vgaarb: setting as boot device: PCI:0000:01:00.0
Jul 22 02:33:36 localhost kernel: vgaarb: device added: PCI:0000:01:00.0,decodes=io+mem,owns=io+mem,locks=none
Jul 22 02:33:36 localhost kernel: vgaarb: loaded
Jul 22 02:33:36 localhost kernel: vgaarb: bridge control possible 0000:01:00.0
Jul 22 02:33:36 localhost kernel: PCI: Using ACPI for IRQ routing
Jul 22 02:33:36 localhost kernel: PCI: pci_cache_line_size set to 64 bytes
Jul 22 02:33:36 localhost kernel: e820: reserve RAM buffer [mem 0x00058000-0x0005ffff]
Jul 22 02:33:36 localhost kernel: e820: reserve RAM buffer [mem 0x0009f000-0x0009ffff]
Jul 22 02:33:36 localhost kernel: e820: reserve RAM buffer [mem 0xbc915018-0xbfffffff]
Jul 22 02:33:36 localhost kernel: e820: reserve RAM buffer [mem 0xbc927018-0xbfffffff]
Jul 22 02:33:36 localhost kernel: e820: reserve RAM buffer [mem 0xbd7c5000-0xbfffffff]
Jul 22 02:33:36 localhost kernel: e820: reserve RAM buffer [mem 0xbdc2f000-0xbfffffff]
Jul 22 02:33:36 localhost kernel: e820: reserve RAM buffer [mem 0xddab4000-0xdfffffff]
Jul 22 02:33:36 localhost kernel: e820: reserve RAM buffer [mem 0xdf000000-0xdfffffff]
Jul 22 02:33:36 localhost kernel: e820: reserve RAM buffer [mem 0x21f000000-0x21fffffff]
Jul 22 02:33:36 localhost kernel: NetLabel: Initializing
Jul 22 02:33:36 localhost kernel: NetLabel:  domain hash size = 128
Jul 22 02:33:36 localhost kernel: NetLabel:  protocols = UNLABELED CIPSOv4
Jul 22 02:33:36 localhost kernel: NetLabel:  unlabeled traffic allowed by default
Jul 22 02:33:36 localhost kernel: hpet0: at MMIO 0xfed00000, IRQs 2, 8, 0, 0, 0, 0, 0, 0
Jul 22 02:33:36 localhost kernel: hpet0: 8 comparators, 64-bit 14.318180 MHz counter
Jul 22 02:33:36 localhost kernel: clocksource: Switched to clocksource hpet
Jul 22 02:33:36 localhost kernel: VFS: Disk quotas dquot_6.6.0
Jul 22 02:33:36 localhost kernel: VFS: Dquot-cache hash table entries: 512 (order 0, 4096 bytes)
Jul 22 02:33:36 localhost kernel: pnp: PnP ACPI init
Jul 22 02:33:36 localhost kernel: system 00:00: [mem 0xfed40000-0xfed44fff] has been reserved
Jul 22 02:33:36 localhost kernel: system 00:00: Plug and Play ACPI device, IDs PNP0c01 (active)
Jul 22 02:33:36 localhost kernel: system 00:01: [io  0x0800-0x087f] has been reserved
Jul 22 02:33:36 localhost kernel: system 00:01: Plug and Play ACPI device, IDs PNP0c02 (active)
Jul 22 02:33:36 localhost kernel: pnp 00:02: Plug and Play ACPI device, IDs PNP0b00 (active)
Jul 22 02:33:36 localhost kernel: system 00:03: [io  0x1854-0x1857] has been reserved
Jul 22 02:33:36 localhost kernel: system 00:03: Plug and Play ACPI device, IDs INT3f0d PNP0c02 (active)
Jul 22 02:33:36 localhost kernel: system 00:04: [io  0x0290-0x029f] has been reserved
Jul 22 02:33:36 localhost kernel: system 00:04: [io  0x02a0-0x02af] has been reserved
Jul 22 02:33:36 localhost kernel: system 00:04: [io  0x0a00-0x0aff] has been reserved
Jul 22 02:33:36 localhost kernel: system 00:04: Plug and Play ACPI device, IDs PNP0c02 (active)
Jul 22 02:33:36 localhost kernel: system 00:05: [io  0x04d0-0x04d1] has been reserved
Jul 22 02:33:36 localhost kernel: system 00:05: Plug and Play ACPI device, IDs PNP0c02 (active)
Jul 22 02:33:36 localhost kernel: system 00:06: [mem 0xfed1c000-0xfed1ffff] has been reserved
Jul 22 02:33:36 localhost kernel: system 00:06: [mem 0xfed10000-0xfed17fff] has been reserved
Jul 22 02:33:36 localhost kernel: system 00:06: [mem 0xfed18000-0xfed18fff] has been reserved
Jul 22 02:33:36 localhost kernel: system 00:06: [mem 0xfed19000-0xfed19fff] has been reserved
Jul 22 02:33:36 localhost kernel: system 00:06: [mem 0xf8000000-0xfbffffff] has been reserved
Jul 22 02:33:36 localhost kernel: system 00:06: [mem 0xfed20000-0xfed3ffff] has been reserved
Jul 22 02:33:36 localhost kernel: system 00:06: [mem 0xfed90000-0xfed93fff] has been reserved
Jul 22 02:33:36 localhost kernel: system 00:06: [mem 0xfed45000-0xfed8ffff] has been reserved
Jul 22 02:33:36 localhost kernel: system 00:06: [mem 0xff000000-0xffffffff] has been reserved
Jul 22 02:33:36 localhost kernel: system 00:06: [mem 0xfee00000-0xfeefffff] could not be reserved
Jul 22 02:33:36 localhost kernel: system 00:06: [mem 0xf7fe0000-0xf7feffff] has been reserved
Jul 22 02:33:36 localhost kernel: system 00:06: [mem 0xf7ff0000-0xf7ffffff] has been reserved
Jul 22 02:33:36 localhost kernel: system 00:06: Plug and Play ACPI device, IDs PNP0c02 (active)
Jul 22 02:33:36 localhost kernel: pnp: PnP ACPI: found 7 devices
Jul 22 02:33:36 localhost kernel: clocksource: acpi_pm: mask: 0xffffff max_cycles: 0xffffff, max_idle_ns: 2085701024 ns
Jul 22 02:33:36 localhost kernel: pci 0000:00:01.0: PCI bridge to [bus 01]
Jul 22 02:33:36 localhost kernel: pci 0000:00:01.0:   bridge window [io  0xe000-0xefff]
Jul 22 02:33:36 localhost kernel: pci 0000:00:01.0:   bridge window [mem 0xf6000000-0xf70fffff]
Jul 22 02:33:36 localhost kernel: pci 0000:00:01.0:   bridge window [mem 0xe0000000-0xf1ffffff 64bit pref]
Jul 22 02:33:36 localhost kernel: pci 0000:00:1c.0: PCI bridge to [bus 02]
Jul 22 02:33:36 localhost kernel: pci 0000:00:1c.3: PCI bridge to [bus 03]
Jul 22 02:33:36 localhost kernel: pci 0000:00:1c.3:   bridge window [mem 0xf7200000-0xf74fffff]
Jul 22 02:33:36 localhost kernel: pci_bus 0000:00: resource 4 [io  0x0000-0x0cf7 window]
Jul 22 02:33:36 localhost kernel: pci_bus 0000:00: resource 5 [io  0x0d00-0xffff window]
Jul 22 02:33:36 localhost kernel: pci_bus 0000:00: resource 6 [mem 0x000a0000-0x000bffff window]
Jul 22 02:33:36 localhost kernel: pci_bus 0000:00: resource 7 [mem 0x000d0000-0x000d3fff window]
Jul 22 02:33:36 localhost kernel: pci_bus 0000:00: resource 8 [mem 0x000d4000-0x000d7fff window]
Jul 22 02:33:36 localhost kernel: pci_bus 0000:00: resource 9 [mem 0x000d8000-0x000dbfff window]
Jul 22 02:33:36 localhost kernel: pci_bus 0000:00: resource 10 [mem 0x000dc000-0x000dffff window]
Jul 22 02:33:36 localhost kernel: pci_bus 0000:00: resource 11 [mem 0xe0000000-0xfeafffff window]
Jul 22 02:33:36 localhost kernel: pci_bus 0000:01: resource 0 [io  0xe000-0xefff]
Jul 22 02:33:36 localhost kernel: pci_bus 0000:01: resource 1 [mem 0xf6000000-0xf70fffff]
Jul 22 02:33:36 localhost kernel: pci_bus 0000:01: resource 2 [mem 0xe0000000-0xf1ffffff 64bit pref]
Jul 22 02:33:36 localhost kernel: pci_bus 0000:03: resource 1 [mem 0xf7200000-0xf74fffff]
Jul 22 02:33:36 localhost kernel: NET: Registered protocol family 2
Jul 22 02:33:36 localhost kernel: TCP established hash table entries: 65536 (order: 7, 524288 bytes)
Jul 22 02:33:36 localhost kernel: TCP bind hash table entries: 65536 (order: 8, 1048576 bytes)
Jul 22 02:33:36 localhost kernel: TCP: Hash tables configured (established 65536 bind 65536)
Jul 22 02:33:36 localhost kernel: UDP hash table entries: 4096 (order: 5, 131072 bytes)
Jul 22 02:33:36 localhost kernel: UDP-Lite hash table entries: 4096 (order: 5, 131072 bytes)
Jul 22 02:33:36 localhost kernel: NET: Registered protocol family 1
Jul 22 02:33:36 localhost kernel: pci 0000:01:00.0: Video device with shadowed ROM at [mem 0x000c0000-0x000dffff]
Jul 22 02:33:36 localhost kernel: PCI: CLS 64 bytes, default 64
Jul 22 02:33:36 localhost kernel: Unpacking initramfs...
Jul 22 02:33:36 localhost kernel: Freeing initrd memory: 13212K (ffff88007f319000 - ffff880080000000)
Jul 22 02:33:36 localhost kernel: PCI-DMA: Using software bounce buffering for IO (SWIOTLB)
Jul 22 02:33:36 localhost kernel: software IO TLB [mem 0xcb76f000-0xcf76f000] (64MB) mapped at [ffff8800cb76f000-ffff8800cf76efff]
Jul 22 02:33:36 localhost kernel: RAPL PMU: API unit is 2^-32 Joules, 4 fixed counters, 655360 ms ovfl timer
Jul 22 02:33:36 localhost kernel: RAPL PMU: hw unit of domain pp0-core 2^-14 Joules
Jul 22 02:33:36 localhost kernel: RAPL PMU: hw unit of domain package 2^-14 Joules
Jul 22 02:33:36 localhost kernel: RAPL PMU: hw unit of domain dram 2^-14 Joules
Jul 22 02:33:36 localhost kernel: RAPL PMU: hw unit of domain pp1-gpu 2^-14 Joules
Jul 22 02:33:36 localhost kernel: Scanning for low memory corruption every 60 seconds
Jul 22 02:33:36 localhost kernel: futex hash table entries: 1024 (order: 4, 65536 bytes)
Jul 22 02:33:36 localhost kernel: Initialise system trusted keyring
Jul 22 02:33:36 localhost kernel: workingset: timestamp_bits=38 max_order=21 bucket_order=0
Jul 22 02:33:36 localhost kernel: zbud: loaded
Jul 22 02:33:36 localhost kernel: Key type big_key registered
Jul 22 02:33:36 localhost kernel: Block layer SCSI generic (bsg) driver version 0.4 loaded (major 249)
Jul 22 02:33:36 localhost kernel: io scheduler noop registered
Jul 22 02:33:36 localhost kernel: io scheduler deadline registered
Jul 22 02:33:36 localhost kernel: io scheduler cfq registered (default)
Jul 22 02:33:36 localhost kernel: pci_hotplug: PCI Hot Plug PCI Core version: 0.5
Jul 22 02:33:36 localhost kernel: pciehp: PCI Express Hot Plug Controller Driver version: 0.4
Jul 22 02:33:36 localhost kernel: efifb: probing for efifb
Jul 22 02:33:36 localhost kernel: efifb: framebuffer at 0xf1000000, mapped to 0xffffc90001000000, using 3072k, total 3072k
Jul 22 02:33:36 localhost kernel: efifb: mode is 1024x768x32, linelength=4096, pages=1
Jul 22 02:33:36 localhost kernel: efifb: scrolling: redraw
Jul 22 02:33:36 localhost kernel: efifb: Truecolor: size=8:8:8:8, shift=24:16:8:0
Jul 22 02:33:36 localhost kernel: Console: switching to colour frame buffer device 128x48
Jul 22 02:33:36 localhost kernel: fb0: EFI VGA frame buffer device
Jul 22 02:33:36 localhost kernel: intel_idle: MWAIT substates: 0x42120
Jul 22 02:33:36 localhost kernel: intel_idle: v0.4.1 model 0x3C
Jul 22 02:33:36 localhost kernel: intel_idle: lapic_timer_reliable_states 0xffffffff
Jul 22 02:33:36 localhost kernel: GHES: HEST is not enabled!
Jul 22 02:33:36 localhost kernel: Serial: 8250/16550 driver, 4 ports, IRQ sharing disabled
Jul 22 02:33:36 localhost kernel: Linux agpgart interface v0.103
Jul 22 02:33:36 localhost kernel: rtc_cmos 00:02: RTC can wake from S4
Jul 22 02:33:36 localhost kernel: rtc_cmos 00:02: rtc core: registered rtc_cmos as rtc0
Jul 22 02:33:36 localhost kernel: rtc_cmos 00:02: alarms up to one month, y3k, 242 bytes nvram, hpet irqs
Jul 22 02:33:36 localhost kernel: Intel P-state driver initializing.
Jul 22 02:33:36 localhost kernel: ledtrig-cpu: registered to indicate activity on CPUs
Jul 22 02:33:36 localhost kernel: NET: Registered protocol family 10
Jul 22 02:33:36 localhost kernel: NET: Registered protocol family 17
Jul 22 02:33:36 localhost kernel: microcode: CPU0 sig=0x306c3, pf=0x2, revision=0x20
Jul 22 02:33:36 localhost kernel: microcode: CPU1 sig=0x306c3, pf=0x2, revision=0x20
Jul 22 02:33:36 localhost kernel: microcode: CPU2 sig=0x306c3, pf=0x2, revision=0x20
Jul 22 02:33:36 localhost kernel: microcode: CPU3 sig=0x306c3, pf=0x2, revision=0x20
Jul 22 02:33:36 localhost kernel: microcode: Microcode Update Driver: v2.01 <tigran@aivazian.fsnet.co.uk>, Peter Oruba
Jul 22 02:33:36 localhost kernel: registered taskstats version 1
Jul 22 02:33:36 localhost kernel: Loading compiled-in X.509 certificates
Jul 22 02:33:36 localhost kernel: zswap: loaded using pool lzo/zbud
Jul 22 02:33:36 localhost kernel:   Magic number: 8:641:576
Jul 22 02:33:36 localhost kernel: rtc_cmos 00:02: setting system clock to 2016-07-22 09:33:32 UTC (1469180012)
Jul 22 02:33:36 localhost kernel: PM: Hibernation image not present or could not be loaded.
Jul 22 02:33:36 localhost kernel: Freeing unused kernel memory: 1224K (ffffffff818f5000 - ffffffff81a27000)
Jul 22 02:33:36 localhost kernel: Write protecting the kernel read-only data: 8192k
Jul 22 02:33:36 localhost kernel: Freeing unused kernel memory: 192K (ffff8800015d0000 - ffff880001600000)
Jul 22 02:33:36 localhost kernel: Freeing unused kernel memory: 252K (ffff8800017c1000 - ffff880001800000)
Jul 22 02:33:36 localhost kernel: random: systemd-tmpfile urandom read with 1 bits of entropy available
Jul 22 02:33:36 localhost kernel: i8042: PNP: No PS/2 controller found. Probing ports directly.
Jul 22 02:33:36 localhost kernel: serio: i8042 KBD port at 0x60,0x64 irq 1
Jul 22 02:33:36 localhost kernel: serio: i8042 AUX port at 0x60,0x64 irq 12
Jul 22 02:33:36 localhost kernel: ACPI: bus type USB registered
Jul 22 02:33:36 localhost kernel: usbcore: registered new interface driver usbfs
Jul 22 02:33:36 localhost kernel: usbcore: registered new interface driver hub
Jul 22 02:33:36 localhost kernel: usbcore: registered new device driver usb
Jul 22 02:33:36 localhost kernel: ehci_hcd: USB 2.0 'Enhanced' Host Controller (EHCI) Driver
Jul 22 02:33:36 localhost kernel: ehci-pci: EHCI PCI platform driver
Jul 22 02:33:36 localhost kernel: ehci-pci 0000:00:1a.0: EHCI Host Controller
Jul 22 02:33:36 localhost kernel: ehci-pci 0000:00:1a.0: new USB bus registered, assigned bus number 1
Jul 22 02:33:36 localhost kernel: ehci-pci 0000:00:1a.0: debug port 2
Jul 22 02:33:36 localhost kernel: ehci-pci 0000:00:1a.0: cache line size of 64 is not supported
Jul 22 02:33:36 localhost kernel: ehci-pci 0000:00:1a.0: irq 16, io mem 0xf7136000
Jul 22 02:33:36 localhost kernel: ehci-pci 0000:00:1a.0: USB 2.0 started, EHCI 1.00
Jul 22 02:33:36 localhost kernel: hub 1-0:1.0: USB hub found
Jul 22 02:33:36 localhost kernel: hub 1-0:1.0: 2 ports detected
Jul 22 02:33:36 localhost kernel: ehci-pci 0000:00:1d.0: EHCI Host Controller
Jul 22 02:33:36 localhost kernel: ehci-pci 0000:00:1d.0: new USB bus registered, assigned bus number 2
Jul 22 02:33:36 localhost kernel: ehci-pci 0000:00:1d.0: debug port 2
Jul 22 02:33:36 localhost kernel: ehci-pci 0000:00:1d.0: cache line size of 64 is not supported
Jul 22 02:33:36 localhost kernel: ehci-pci 0000:00:1d.0: irq 23, io mem 0xf7135000
Jul 22 02:33:36 localhost kernel: ehci-pci 0000:00:1d.0: USB 2.0 started, EHCI 1.00
Jul 22 02:33:36 localhost kernel: hub 2-0:1.0: USB hub found
Jul 22 02:33:36 localhost kernel: hub 2-0:1.0: 2 ports detected
Jul 22 02:33:36 localhost kernel: xhci_hcd 0000:00:14.0: xHCI Host Controller
Jul 22 02:33:36 localhost kernel: xhci_hcd 0000:00:14.0: new USB bus registered, assigned bus number 3
Jul 22 02:33:36 localhost kernel: xhci_hcd 0000:00:14.0: hcc params 0x200077c1 hci version 0x100 quirks 0x00009810
Jul 22 02:33:36 localhost kernel: xhci_hcd 0000:00:14.0: cache line size of 64 is not supported
Jul 22 02:33:36 localhost kernel: hub 3-0:1.0: USB hub found
Jul 22 02:33:36 localhost kernel: hub 3-0:1.0: 14 ports detected
Jul 22 02:33:36 localhost kernel: xhci_hcd 0000:00:14.0: xHCI Host Controller
Jul 22 02:33:36 localhost kernel: xhci_hcd 0000:00:14.0: new USB bus registered, assigned bus number 4
Jul 22 02:33:36 localhost kernel: hub 4-0:1.0: USB hub found
Jul 22 02:33:36 localhost kernel: hub 4-0:1.0: 6 ports detected
Jul 22 02:33:36 localhost kernel: usb 1-1: new high-speed USB device number 2 using ehci-pci
Jul 22 02:33:36 localhost kernel: usb 2-1: new high-speed USB device number 2 using ehci-pci
Jul 22 02:33:36 localhost kernel: hub 1-1:1.0: USB hub found
Jul 22 02:33:36 localhost kernel: hub 1-1:1.0: 6 ports detected
Jul 22 02:33:36 localhost kernel: hub 2-1:1.0: USB hub found
Jul 22 02:33:36 localhost kernel: hub 2-1:1.0: 8 ports detected
Jul 22 02:33:36 localhost kernel: usb 3-3: new full-speed USB device number 3 using xhci_hcd
Jul 22 02:33:36 localhost kernel: hidraw: raw HID events driver (C) Jiri Kosina
Jul 22 02:33:36 localhost kernel: usbcore: registered new interface driver usbhid
Jul 22 02:33:36 localhost kernel: usbhid: USB HID core driver
Jul 22 02:33:36 localhost kernel: input: Logitech Gaming Mouse G402 as /devices/pci0000:00/0000:00:14.0/usb3/3-3/3-3:1.0/0003:046D:C07E.0001/input/input2
Jul 22 02:33:36 localhost kernel: hid-generic 0003:046D:C07E.0001: input,hidraw0: USB HID v1.11 Mouse [Logitech Gaming Mouse G402] on usb-0000:00:14.0-3/input0
Jul 22 02:33:36 localhost kernel: input: Logitech Gaming Mouse G402 as /devices/pci0000:00/0000:00:14.0/usb3/3-3/3-3:1.1/0003:046D:C07E.0002/input/input3
Jul 22 02:33:36 localhost kernel: hid-generic 0003:046D:C07E.0002: input,hiddev0,hidraw1: USB HID v1.11 Keyboard [Logitech Gaming Mouse G402] on usb-0000:00:14.0-3/input1
Jul 22 02:33:36 localhost kernel: usb 4-1: new SuperSpeed USB device number 2 using xhci_hcd
Jul 22 02:33:36 localhost kernel: SCSI subsystem initialized
Jul 22 02:33:36 localhost kernel: usb-storage 4-1:1.0: USB Mass Storage device detected
Jul 22 02:33:36 localhost kernel: scsi host0: usb-storage 4-1:1.0
Jul 22 02:33:36 localhost kernel: usbcore: registered new interface driver usb-storage
Jul 22 02:33:36 localhost kernel: usbcore: registered new interface driver uas
Jul 22 02:33:36 localhost kernel: tsc: Refined TSC clocksource calibration: 3398.030 MHz
Jul 22 02:33:36 localhost kernel: clocksource: tsc: mask: 0xffffffffffffffff max_cycles: 0x30fb0a05005, max_idle_ns: 440795375639 ns
Jul 22 02:33:36 localhost kernel: usb 3-4: new low-speed USB device number 4 using xhci_hcd
Jul 22 02:33:36 localhost kernel: input: USB Keyboard as /devices/pci0000:00/0000:00:14.0/usb3/3-4/3-4:1.0/0003:04D9:0169.0003/input/input4
Jul 22 02:33:36 localhost kernel: hid-generic 0003:04D9:0169.0003: input,hidraw2: USB HID v1.10 Keyboard [USB Keyboard] on usb-0000:00:14.0-4/input0
Jul 22 02:33:36 localhost kernel: input: USB Keyboard as /devices/pci0000:00/0000:00:14.0/usb3/3-4/3-4:1.1/0003:04D9:0169.0004/input/input5
Jul 22 02:33:36 localhost kernel: hid-generic 0003:04D9:0169.0004: input,hidraw3: USB HID v1.10 Device [USB Keyboard] on usb-0000:00:14.0-4/input1
Jul 22 02:33:36 localhost kernel: usb 3-11: new full-speed USB device number 5 using xhci_hcd
Jul 22 02:33:36 localhost kernel: scsi 0:0:0:0: Direct-Access     SanDisk  Ultra Fit        1.00 PQ: 0 ANSI: 6
Jul 22 02:33:36 localhost kernel: sd 0:0:0:0: [sda] 121307136 512-byte logical blocks: (62.1 GB/57.8 GiB)
Jul 22 02:33:36 localhost kernel: sd 0:0:0:0: [sda] Write Protect is off
Jul 22 02:33:36 localhost kernel: sd 0:0:0:0: [sda] Mode Sense: 43 00 00 00
Jul 22 02:33:36 localhost kernel: sd 0:0:0:0: [sda] Write cache: disabled, read cache: enabled, doesn't support DPO or FUA
Jul 22 02:33:36 localhost kernel:  sda: sda1 sda2 sda3
Jul 22 02:33:36 localhost kernel: sd 0:0:0:0: [sda] Attached SCSI removable disk
Jul 22 02:33:36 localhost kernel: clocksource: Switched to clocksource tsc
Jul 22 02:33:36 localhost kernel: EXT4-fs (sda3): mounted filesystem with ordered data mode. Opts: (null)
Jul 22 02:33:36 localhost kernel: ip_tables: (C) 2000-2006 Netfilter Core Team
Jul 22 02:33:36 localhost systemd[1]: systemd 230 running in system mode. (+PAM -AUDIT -SELINUX -IMA -APPARMOR +SMACK -SYSVINIT +UTMP +LIBCRYPTSETUP +GCRYPT +GNUTLS +ACL +XZ +LZ4 +SECCOMP +BLKID +ELFUTILS +KMOD +IDN)
Jul 22 02:33:36 localhost systemd[1]: Detected architecture x86-64.
Jul 22 02:33:36 localhost systemd[1]: Set hostname to <localhost>.
Jul 22 02:33:36 localhost systemd[1]: Listening on Device-mapper event daemon FIFOs.
Jul 22 02:33:36 localhost systemd[1]: Reached target Encrypted Volumes.
Jul 22 02:33:36 localhost systemd[1]: Started Forward Password Requests to Wall Directory Watch.
Jul 22 02:33:36 localhost systemd[1]: Listening on udev Control Socket.
Jul 22 02:33:36 localhost systemd[1]: Listening on LVM2 metadata daemon socket.
Jul 22 02:33:36 localhost systemd[1]: Reached target Swap.
Jul 22 02:33:36 localhost systemd[1]: Started Dispatch Password Requests to Console Directory Watch.
Jul 22 02:33:36 localhost systemd[1]: Reached target Paths.
Jul 22 02:33:36 localhost systemd[1]: Created slice System Slice.
Jul 22 02:33:36 localhost systemd[1]: Created slice system-netctl\x2dauto.slice.
Jul 22 02:33:36 localhost systemd[1]: Created slice system-netctl\x2difplugd.slice.
Jul 22 02:33:36 localhost systemd[1]: Created slice system-systemd\x2dfsck.slice.
Jul 22 02:33:36 localhost systemd[1]: Reached target Remote File Systems.
Jul 22 02:33:36 localhost systemd[1]: Created slice User and Session Slice.
Jul 22 02:33:36 localhost systemd[1]: Reached target Slices.
Jul 22 02:33:36 localhost systemd[1]: Listening on Journal Socket (/dev/log).
Jul 22 02:33:36 localhost systemd[1]: Listening on udev Kernel Socket.
Jul 22 02:33:36 localhost systemd[1]: Listening on Journal Socket.
Jul 22 02:33:36 localhost systemd[1]: Starting Create list of required static device nodes for the current kernel...
Jul 22 02:33:36 localhost systemd[1]: Mounting POSIX Message Queue File System...
Jul 22 02:33:36 localhost systemd[1]: Starting Apply Kernel Variables...
Jul 22 02:33:36 localhost systemd[1]: Starting Remount Root and Kernel File Systems...
Jul 22 02:33:36 localhost systemd[1]: Mounting Debug File System...
Jul 22 02:33:36 localhost systemd[1]: Mounting Configuration File System...
Jul 22 02:33:36 localhost systemd[1]: Starting Setup Virtual Console...
Jul 22 02:33:36 localhost systemd[1]: Created slice system-getty.slice.
Jul 22 02:33:36 localhost kernel: EXT4-fs (sda3): re-mounted. Opts: data=ordered
Jul 22 02:33:36 localhost systemd[1]: Starting Journal Service...
Jul 22 02:33:36 localhost systemd[1]: Mounting Huge Pages File System...
Jul 22 02:33:36 localhost systemd[1]: Mounting Temporary Directory...
Jul 22 02:33:36 localhost systemd[1]: Listening on /dev/initctl Compatibility Named Pipe.
Jul 22 02:33:36 localhost systemd[1]: Set up automount Arbitrary Executable File Formats File System Automount Point.
Jul 22 02:33:36 localhost systemd[1]: Listening on Process Core Dump Socket.
Jul 22 02:33:36 localhost systemd[1]: Mounted Configuration File System.
Jul 22 02:33:36 localhost systemd[1]: Mounted Debug File System.
Jul 22 02:33:36 localhost systemd[1]: Mounted POSIX Message Queue File System.
Jul 22 02:33:36 localhost systemd[1]: Mounted Huge Pages File System.
Jul 22 02:33:36 localhost systemd[1]: Mounted Temporary Directory.
Jul 22 02:33:36 localhost systemd[1]: Started Create list of required static device nodes for the current kernel.
Jul 22 02:33:36 localhost systemd[1]: Started Apply Kernel Variables.
Jul 22 02:33:36 localhost systemd[1]: Started Remount Root and Kernel File Systems.
Jul 22 02:33:36 localhost systemd[1]: Started Setup Virtual Console.
Jul 22 02:33:36 localhost systemd[1]: Starting udev Coldplug all Devices...
Jul 22 02:33:36 localhost systemd[1]: Starting Load/Save Random Seed...
Jul 22 02:33:36 localhost systemd[1]: Starting Create Static Device Nodes in /dev...
Jul 22 02:33:36 localhost systemd[1]: Started Load/Save Random Seed.
Jul 22 02:33:36 localhost systemd[1]: Started udev Coldplug all Devices.
Jul 22 02:33:36 localhost systemd[1]: Started Create Static Device Nodes in /dev.
Jul 22 02:33:36 localhost systemd[1]: Starting udev Kernel Device Manager...
Jul 22 02:33:36 localhost systemd[1]: Reached target Local File Systems (Pre).
Jul 22 02:33:36 localhost systemd[1]: Started udev Kernel Device Manager.
Jul 22 02:33:36 localhost systemd-journald[187]: Journal started
Jul 22 02:33:36 localhost systemd[1]: Started Journal Service.
Jul 22 02:33:36 localhost systemd[1]: Starting Flush Journal to Persistent Storage...
Jul 22 02:33:37 localhost kernel: random: nonblocking pool is initialized
Jul 22 02:33:37 localhost kernel: wmi: Mapper loaded
Jul 22 02:33:37 localhost kernel: FUJITSU Extended Socket Network Device Driver - version 1.0 - Copyright (c) 2015 FUJITSU LIMITED
Jul 22 02:33:37 localhost kernel: input: Power Button as /devices/LNXSYSTM:00/LNXSYBUS:00/PNP0C0C:00/input/input6
Jul 22 02:33:37 localhost kernel: ACPI: Power Button [PWRB]
Jul 22 02:33:37 localhost kernel: input: Power Button as /devices/LNXSYSTM:00/LNXPWRBN:00/input/input7
Jul 22 02:33:37 localhost kernel: ACPI: Power Button [PWRF]
Jul 22 02:33:37 localhost kernel: thermal LNXTHERM:00: registered as thermal_zone0
Jul 22 02:33:37 localhost kernel: ACPI: Thermal Zone [TZ00] (28 C)
Jul 22 02:33:37 localhost kernel: input: PC Speaker as /devices/platform/pcspkr/input/input9
Jul 22 02:33:37 localhost kernel: shpchp: Standard Hot Plug PCI Controller Driver version: 0.4
Jul 22 02:33:37 localhost kernel: ACPI Warning: SystemIO range 0x000000000000F000-0x000000000000F01F conflicts with OpRegion 0x000000000000F000-0x000000000000F00F (\_SB.PCI0.SBUS.SMBI) (20160108/utaddress-255)
Jul 22 02:33:37 localhost kernel: ACPI: If an ACPI driver is available for this device, you should use it instead of the native driver
Jul 22 02:33:37 localhost kernel: pps_core: LinuxPPS API ver. 1 registered
Jul 22 02:33:37 localhost kernel: pps_core: Software ver. 5.3.6 - Copyright 2005-2007 Rodolfo Giometti <giometti@linux.it>
Jul 22 02:33:37 localhost kernel: PTP clock support registered
Jul 22 02:33:37 localhost kernel: e1000e: Intel(R) PRO/1000 Network Driver - 3.2.6-k
Jul 22 02:33:37 localhost kernel: e1000e: Copyright(c) 1999 - 2015 Intel Corporation.
Jul 22 02:33:37 localhost kernel: e1000e 0000:00:19.0: Interrupt Throttling Rate (ints/sec) set to dynamic conservative mode
Jul 22 02:33:37 localhost kernel: AVX2 version of gcm_enc/dec engaged.
Jul 22 02:33:37 localhost kernel: AES CTR mode by8 optimization enabled
Jul 22 02:33:37 localhost systemd[1]: Started Flush Journal to Persistent Storage.
Jul 22 02:33:37 localhost kernel: thermal LNXTHERM:01: registered as thermal_zone1
Jul 22 02:33:37 localhost kernel: ACPI: Thermal Zone [TZ01] (30 C)
Jul 22 02:33:37 localhost kernel: mousedev: PS/2 mouse device common for all mice
Jul 22 02:33:37 localhost kernel: e1000e 0000:00:19.0 eth0: registered PHC clock
Jul 22 02:33:37 localhost kernel: e1000e 0000:00:19.0 eth0: (PCI Express:2.5GT/s:Width x1) 78:24:af:3c:f7:b4
Jul 22 02:33:37 localhost kernel: e1000e 0000:00:19.0 eth0: Intel(R) PRO/1000 Network Connection
Jul 22 02:33:37 localhost kernel: e1000e 0000:00:19.0 eth0: MAC: 11, PHY: 12, PBA No: FFFFFF-0FF
Jul 22 02:33:37 localhost kernel: [drm] Initialized drm 1.1.0 20060810
Jul 22 02:33:37 localhost kernel: Bluetooth: Core ver 2.21
Jul 22 02:33:37 localhost kernel: NET: Registered protocol family 31
Jul 22 02:33:37 localhost kernel: Bluetooth: HCI device and connection manager initialized
Jul 22 02:33:37 localhost kernel: Bluetooth: HCI socket layer initialized
Jul 22 02:33:37 localhost kernel: Bluetooth: L2CAP socket layer initialized
Jul 22 02:33:37 localhost kernel: Bluetooth: SCO socket layer initialized
Jul 22 02:33:37 localhost kernel: kvm: disabled by bios
Jul 22 02:33:37 localhost kernel: asus_wmi: ASUS WMI generic driver loaded
Jul 22 02:33:37 localhost kernel: asus_wmi: Initialization: 0x0
Jul 22 02:33:37 localhost kernel: asus_wmi: BIOS WMI version: 0.9
Jul 22 02:33:37 localhost kernel: asus_wmi: SFUN value: 0x0
Jul 22 02:33:37 localhost kernel: input: Eee PC WMI hotkeys as /devices/platform/eeepc-wmi/input/input10
Jul 22 02:33:37 localhost kernel: asus_wmi: Number of fans: 1
Jul 22 02:33:37 localhost systemd[1]: Listening on Load/Save RF Kill Switch Status /dev/rfkill Watch.
Jul 22 02:33:37 localhost kernel: MXM: GUID detected in BIOS
Jul 22 02:33:37 localhost kernel: checking generic (f1000000 300000) vs hw (e0000000 10000000)
Jul 22 02:33:37 localhost kernel: checking generic (f1000000 300000) vs hw (f0000000 2000000)
Jul 22 02:33:37 localhost kernel: fb: switching to nouveaufb from EFI VGA
Jul 22 02:33:37 localhost kernel: Console: switching to colour dummy device 80x25
Jul 22 02:33:37 localhost kernel: nouveau 0000:01:00.0: NVIDIA GM204 (124020a1)
Jul 22 02:33:37 localhost systemd[1]: Found device Ultra_Fit 2.
Jul 22 02:33:37 localhost kernel: nouveau 0000:01:00.0: bios: version 84.04.36.00.50
Jul 22 02:33:37 localhost kernel: nouveau 0000:01:00.0: disp: dcb 15 type 8 unknown
Jul 22 02:33:37 localhost systemd[1]: Starting File System Check on /dev/disk/by-uuid/1416-EF79...
Jul 22 02:33:37 localhost kernel: intel_rapl: Found RAPL domain package
Jul 22 02:33:37 localhost kernel: intel_rapl: Found RAPL domain core
Jul 22 02:33:37 localhost kernel: intel_rapl: Found RAPL domain dram
Jul 22 02:33:37 localhost kernel: iTCO_vendor_support: vendor-support=0
Jul 22 02:33:37 localhost kernel: iTCO_wdt: Intel TCO WatchDog Timer Driver v1.11
Jul 22 02:33:37 localhost kernel: iTCO_wdt: Found a 9 Series TCO device (Version=2, TCOBASE=0x1860)
Jul 22 02:33:37 localhost kernel: iTCO_wdt: initialized. heartbeat=30 sec (nowayout=0)
Jul 22 02:33:37 localhost kernel: e1000e 0000:00:19.0 eno1: renamed from eth0
Jul 22 02:33:37 localhost systemd[1]: Found device Ethernet Connection (2) I218-V.
Jul 22 02:33:37 localhost kernel: usbcore: registered new interface driver btusb
Jul 22 02:33:37 localhost kernel: Bluetooth: hci0: BCM: chip id 63
Jul 22 02:33:37 localhost kernel: nouveau 0000:01:00.0: fb: 4096 MiB GDDR5
Jul 22 02:33:37 localhost systemd[1]: Starting Load/Save RF Kill Switch Status...
Jul 22 02:33:37 localhost systemd[1]: Reached target Bluetooth.
Jul 22 02:33:37 localhost kernel: INST: ffbd3000
Jul 22 02:33:37 localhost kernel:  PGD: ffbcb000
Jul 22 02:33:37 localhost kernel:  WPR: ffba0000
Jul 22 02:33:37 localhost kernel: Bluetooth: hci0: Warren
Jul 22 02:33:37 localhost kernel: Bluetooth: hci0: BCM20702A1 (001.002.014) build 1469
Jul 22 02:33:37 localhost kernel: bluetooth hci0: Direct firmware load for brcm/BCM20702A1-0b05-17cf.hcd failed with error -2
Jul 22 02:33:37 localhost kernel: Bluetooth: hci0: BCM: Patch brcm/BCM20702A1-0b05-17cf.hcd not found
Jul 22 02:33:37 localhost systemd[1]: Started Load/Save RF Kill Switch Status.
Jul 22 02:33:37 localhost kernel: BLOB: ffbc8000
Jul 22 02:33:37 localhost kernel: BLOB: ffbc7000
Jul 22 02:33:37 localhost kernel: [TTM] Zone  kernel: Available graphics memory: 4060498 kiB
Jul 22 02:33:37 localhost kernel: [TTM] Zone   dma32: Available graphics memory: 2097152 kiB
Jul 22 02:33:37 localhost kernel: [TTM] Initializing pool allocator
Jul 22 02:33:37 localhost kernel: [TTM] Initializing DMA pool allocator
Jul 22 02:33:37 localhost kernel: nouveau 0000:01:00.0: DRM: VRAM: 4096 MiB
Jul 22 02:33:37 localhost kernel: nouveau 0000:01:00.0: DRM: GART: 1048576 MiB
Jul 22 02:33:37 localhost kernel: nouveau 0000:01:00.0: DRM: TMDS table version 2.0
Jul 22 02:33:37 localhost kernel: nouveau 0000:01:00.0: DRM: DCB version 4.1
Jul 22 02:33:37 localhost kernel: nouveau 0000:01:00.0: DRM: DCB outp 00: 01000f02 00020030
Jul 22 02:33:37 localhost kernel: nouveau 0000:01:00.0: DRM: DCB outp 01: 02000f00 00000000
Jul 22 02:33:37 localhost kernel: nouveau 0000:01:00.0: DRM: DCB outp 02: 02811f76 04400020
Jul 22 02:33:37 localhost kernel: nouveau 0000:01:00.0: DRM: DCB outp 03: 02011f72 00020020
Jul 22 02:33:37 localhost kernel: nouveau 0000:01:00.0: DRM: DCB outp 04: 04822f86 04400010
Jul 22 02:33:37 localhost kernel: nouveau 0000:01:00.0: DRM: DCB outp 05: 04022f82 00020010
Jul 22 02:33:37 localhost kernel: nouveau 0000:01:00.0: DRM: DCB outp 06: 04833f96 04400020
Jul 22 02:33:37 localhost kernel: nouveau 0000:01:00.0: DRM: DCB outp 07: 04033f92 00020020
Jul 22 02:33:37 localhost kernel: nouveau 0000:01:00.0: DRM: DCB outp 08: 02044f62 00020010
Jul 22 02:33:37 localhost kernel: nouveau 0000:01:00.0: DRM: DCB outp 15: 01df5ff8 00000000
Jul 22 02:33:37 localhost kernel: nouveau 0000:01:00.0: DRM: DCB conn 00: 00001030
Jul 22 02:33:37 localhost kernel: nouveau 0000:01:00.0: DRM: DCB conn 01: 00020146
Jul 22 02:33:37 localhost kernel: nouveau 0000:01:00.0: DRM: DCB conn 02: 01000246
Jul 22 02:33:37 localhost kernel: nouveau 0000:01:00.0: DRM: DCB conn 03: 02000346
Jul 22 02:33:37 localhost kernel: nouveau 0000:01:00.0: DRM: DCB conn 04: 00010461
Jul 22 02:33:37 localhost kernel: nouveau 0000:01:00.0: DRM: DCB conn 05: 00000570
Jul 22 02:33:37 localhost kernel: nouveau 0000:01:00.0: DRM: Pointer to flat panel table invalid
Jul 22 02:33:37 localhost kernel: nouveau 0000:01:00.0: DRM: unknown connector type 70
Jul 22 02:33:37 localhost kernel: nouveau 0000:01:00.0: DRM: failed to create encoder 1/8/0: -19
Jul 22 02:33:37 localhost kernel: nouveau 0000:01:00.0: DRM: Unknown-1 has no encoders, removing
Jul 22 02:33:37 localhost kernel: [drm] Supports vblank timestamp caching Rev 2 (21.10.2013).
Jul 22 02:33:37 localhost kernel: [drm] Driver supports precise vblank timestamp query.
Jul 22 02:33:37 localhost kernel: snd_hda_intel 0000:00:1b.0: enabling device (0000 -> 0002)
Jul 22 02:33:37 localhost kernel: snd_hda_codec_realtek hdaudioC0D0: autoconfig for ALC892: line_outs=1 (0x14/0x0/0x0/0x0/0x0) type:line
Jul 22 02:33:37 localhost kernel: snd_hda_codec_realtek hdaudioC0D0:    speaker_outs=0 (0x0/0x0/0x0/0x0/0x0)
Jul 22 02:33:37 localhost kernel: snd_hda_codec_realtek hdaudioC0D0:    hp_outs=1 (0x1b/0x0/0x0/0x0/0x0)
Jul 22 02:33:37 localhost kernel: snd_hda_codec_realtek hdaudioC0D0:    mono: mono_out=0x0
Jul 22 02:33:37 localhost kernel: snd_hda_codec_realtek hdaudioC0D0:    dig-out=0x11/0x1e
Jul 22 02:33:37 localhost kernel: snd_hda_codec_realtek hdaudioC0D0:    inputs:
Jul 22 02:33:37 localhost kernel: snd_hda_codec_realtek hdaudioC0D0:      Front Mic=0x19
Jul 22 02:33:37 localhost kernel: snd_hda_codec_realtek hdaudioC0D0:      Rear Mic=0x18
Jul 22 02:33:37 localhost kernel: snd_hda_codec_realtek hdaudioC0D0:      Line=0x1a
Jul 22 02:33:37 localhost kernel: input: HDA Intel PCH Front Mic as /devices/pci0000:00/0000:00:1b.0/sound/card0/input11
Jul 22 02:33:37 localhost kernel: input: HDA Intel PCH Rear Mic as /devices/pci0000:00/0000:00:1b.0/sound/card0/input12
Jul 22 02:33:37 localhost kernel: input: HDA Intel PCH Line as /devices/pci0000:00/0000:00:1b.0/sound/card0/input13
Jul 22 02:33:37 localhost kernel: input: HDA Intel PCH Line Out as /devices/pci0000:00/0000:00:1b.0/sound/card0/input14
Jul 22 02:33:37 localhost kernel: input: HDA Intel PCH Front Headphone as /devices/pci0000:00/0000:00:1b.0/sound/card0/input15
Jul 22 02:33:37 localhost kernel: wl: module license 'MIXED/Proprietary' taints kernel.
Jul 22 02:33:37 localhost kernel: Disabling lock debugging due to kernel taint
Jul 22 02:33:37 localhost kernel: wl 0000:03:00.0: enabling device (0000 -> 0002)
Jul 22 02:33:37 localhost kernel: wlan0: Broadcom BCM43b1 802.11 Hybrid Wireless Controller 6.30.223.271 (r587334)
Jul 22 02:33:37 localhost systemd-fsck[256]: fsck.fat 4.0 (2016-05-06)
Jul 22 02:33:37 localhost systemd-fsck[256]: /dev/sda2: 17 files, 17877/130812 clusters
Jul 22 02:33:37 localhost systemd[1]: Started File System Check on /dev/disk/by-uuid/1416-EF79.
Jul 22 02:33:37 localhost kernel: wl 0000:03:00.0 wlp3s0: renamed from wlan0
Jul 22 02:33:38 localhost kernel: nouveau 0000:01:00.0: DRM: MM: using COPY for buffer copies
Jul 22 02:33:38 localhost systemd[1]: Mounting /boot...
Jul 22 02:33:38 localhost systemd[1]: Found device BCM4352 802.11ac Wireless Network Adapter.
Jul 22 02:33:38 localhost systemd[1]: Mounted /boot.
Jul 22 02:33:38 localhost systemd[1]: Reached target Local File Systems.
Jul 22 02:33:38 localhost systemd[1]: Starting Create Volatile Files and Directories...
Jul 22 02:33:38 localhost systemd[1]: Started Create Volatile Files and Directories.
Jul 22 02:33:38 localhost systemd[1]: Starting Update UTMP about System Boot/Shutdown...
Jul 22 02:33:38 localhost systemd[1]: Started Update UTMP about System Boot/Shutdown.
Jul 22 02:33:38 localhost systemd[1]: Reached target System Initialization.
Jul 22 02:33:38 localhost systemd[1]: Started Daily rotation of log files.
Jul 22 02:33:38 localhost systemd[1]: Started Daily Cleanup of Temporary Directories.
Jul 22 02:33:38 localhost systemd[1]: Listening on D-Bus System Message Bus Socket.
Jul 22 02:33:38 localhost systemd[1]: Reached target Sockets.
Jul 22 02:33:38 localhost systemd[1]: Reached target Basic System.
Jul 22 02:33:38 localhost systemd[1]: Starting Login Service...
Jul 22 02:33:38 localhost systemd[1]: Starting dhcpcd on all interfaces...
Jul 22 02:33:38 localhost systemd[1]: Starting Automatic wireless network connection using netctl profiles...
Jul 22 02:33:38 localhost systemd[1]: Started D-Bus System Message Bus.
Jul 22 02:33:38 localhost dhcpcd[290]: dev: loaded udev
Jul 22 02:33:38 localhost dhcpcd[290]: forked to background, child pid 293
Jul 22 02:33:38 localhost kernel: nouveau 0000:01:00.0: priv: GPC0: 419df4 00000000 (1940820e)
Jul 22 02:33:38 localhost kernel: nouveau 0000:01:00.0: priv: GPC1: 419df4 00000000 (1940820e)
Jul 22 02:33:38 localhost kernel: nouveau 0000:01:00.0: priv: GPC2: 419df4 00000000 (1940820e)
Jul 22 02:33:38 localhost kernel: nouveau 0000:01:00.0: priv: GPC3: 419df4 00000000 (1940820d)
Jul 22 02:33:38 localhost kernel: nouveau 0000:01:00.0: fifo: read fault at 00ffba0000 engine 1f [] client 12 [PMU] reason 0d [REGION_VIOLATION] on channel -1 [0000000000 unknown]
Jul 22 02:33:38 localhost systemd[1]: Starting Save/Restore Sound Card State...
Jul 22 02:33:38 localhost systemd[1]: Started Daily verification of password and group files.
Jul 22 02:33:38 localhost systemd[1]: Reached target Timers.
Jul 22 02:33:38 localhost systemd[1]: Started Automatic wired network connection using netctl profiles.
Jul 22 02:33:38 localhost systemd[1]: Started dhcpcd on all interfaces.
Jul 22 02:33:38 localhost systemd[1]: Started Login Service.
Jul 22 02:33:38 localhost systemd-logind[289]: Watching system buttons on /dev/input/event5 (Power Button)
Jul 22 02:33:38 localhost systemd-logind[289]: Watching system buttons on /dev/input/event4 (Power Button)
Jul 22 02:33:38 localhost systemd-logind[289]: Watching system buttons on /dev/input/event7 (Eee PC WMI hotkeys)
Jul 22 02:33:38 localhost systemd-logind[289]: New seat seat0.
Jul 22 02:33:38 localhost kernel: nouveau 0000:01:00.0: timeout at drivers/gpu/drm/nouveau/nvkm/subdev/secboot/base.c:145/nvkm_secboot_falcon_run()!
Jul 22 02:33:38 localhost kernel: nouveau 0000:01:00.0: fifo: write fault at 000030d000 engine 05 [BAR3] client 08 [HOST_CPU_NB] reason 0d [REGION_VIOLATION] on channel -1 [00ffbf5000 unknown]
Jul 22 02:33:38 localhost kernel: nouveau 0000:01:00.0: fifo: write fault at 0000011000 engine 05 [BAR3] client 08 [HOST_CPU_NB] reason 0d [REGION_VIOLATION] on channel -1 [00ffbf5000 unknown]
Jul 22 02:33:38 localhost ifplugd[297]: ifplugd 0.28 initializing.
Jul 22 02:33:38 localhost systemd[1]: Started Save/Restore Sound Card State.
Jul 22 02:33:38 localhost netctl-auto[291]: Included profile 'wlp3s0-NETGEAR95'
Jul 22 02:33:38 localhost ifplugd[297]: Using interface eno1/78:24:AF:3C:F7:B4 with driver <e1000e> (version: 3.2.6-k)
Jul 22 02:33:38 localhost ifplugd[297]: Using detection mode: SIOCETHTOOL
Jul 22 02:33:38 localhost ifplugd[297]: Initialization complete, link beat not detected.
Jul 22 02:33:38 localhost kernel: IPv6: ADDRCONF(NETDEV_UP): eno1: link is not ready
Jul 22 02:33:38 localhost dhcpcd[293]: eno1: waiting for carrier
Jul 22 02:33:38 localhost dhcpcd[293]: wlp3s0: waiting for carrier
Jul 22 02:33:38 localhost dhcpcd[293]: wlp3s0: carrier acquired
Jul 22 02:33:38 localhost dhcpcd[293]: wlp3s0: adding address fe80::bff4:73c4:57d1:3a3d
Jul 22 02:33:38 localhost dhcpcd[293]: DUID 00:01:00:01:1f:20:78:8e:78:24:af:3c:f7:b4
Jul 22 02:33:38 localhost dhcpcd[293]: wlp3s0: IAID 1e:ef:ad:dc
Jul 22 02:33:38 localhost dhcpcd[293]: wlp3s0: carrier lost
Jul 22 02:33:38 localhost dhcpcd[293]: wlp3s0: deleting address fe80::bff4:73c4:57d1:3a3d
Jul 22 02:33:38 localhost systemd[1]: Started Automatic wireless network connection using netctl profiles.
Jul 22 02:33:38 localhost wpa_actiond[329]: Starting wpa_actiond session for interface 'wlp3s0'
Jul 22 02:33:38 localhost systemd[1]: Reached target Network.
Jul 22 02:33:38 localhost systemd[1]: Starting Permit User Sessions...
Jul 22 02:33:38 localhost systemd[1]: Started Permit User Sessions.
Jul 22 02:33:38 localhost systemd[1]: Started Getty on tty1.
Jul 22 02:33:38 localhost systemd[1]: Reached target Login Prompts.
Jul 22 02:33:38 localhost systemd[1]: Reached target Multi-User System.
Jul 22 02:33:38 localhost systemd[1]: Reached target Graphical Interface.
Jul 22 02:33:38 localhost systemd[1]: Startup finished in 3.652s (kernel) + 3.343s (userspace) = 22.947s.
Jul 22 02:33:40 localhost kernel: nouveau 0000:01:00.0: timeout at drivers/gpu/drm/nouveau/nvkm/engine/gr/gf100.c:1469/gf100_gr_init_ctxctl()!
Jul 22 02:33:40 localhost kernel: nouveau 0000:01:00.0: gr: init failed, -16
Jul 22 02:33:40 localhost kernel: nouveau 0000:01:00.0: DRM: allocated 1920x1080 fb: 0x60000, bo ffff8802142cbc00
Jul 22 02:33:40 localhost kernel: fbcon: nouveaufb (fb0) is primary device
Jul 22 02:33:40 localhost kernel: nouveau 0000:01:00.0: fifo: DROPPED_MMU_FAULT 80000000
Jul 22 02:33:40 localhost kernel: nouveau 0000:01:00.0: fifo: read fault at 00ffb90000 engine 1f [] client 03 [DNISO] reason 0d [REGION_VIOLATION] on channel -1 [0000000000 unknown]
Jul 22 02:33:40 localhost kernel: nouveau 0000:01:00.0: fifo: DROPPED_MMU_FAULT 80000000
Jul 22 02:33:40 localhost kernel: nouveau 0000:01:00.0: fifo: read fault at 00ffb90000 engine 1f [] client 03 [DNISO] reason 0d [REGION_VIOLATION] on channel -1 [0000000000 unknown]
Jul 22 02:33:40 localhost kernel: nouveau 0000:01:00.0: fifo: DROPPED_MMU_FAULT 80000000
Jul 22 02:33:40 localhost kernel: nouveau 0000:01:00.0: fifo: read fault at 00ffb90000 engine 1f [] client 03 [DNISO] reason 0d [REGION_VIOLATION] on channel -1 [0000000000 unknown]
Jul 22 02:33:40 localhost kernel: nouveau 0000:01:00.0: fifo: DROPPED_MMU_FAULT 80000000
Jul 22 02:33:40 localhost kernel: nouveau 0000:01:00.0: fifo: read fault at 00ffb90000 engine 1f [] client 03 [DNISO] reason 0d [REGION_VIOLATION] on channel -1 [0000000000 unknown]
Jul 22 02:33:40 localhost kernel: nouveau 0000:01:00.0: fifo: DROPPED_MMU_FAULT 80000000
Jul 22 02:33:40 localhost kernel: nouveau 0000:01:00.0: fifo: read fault at 00ffb90000 engine 1f [] client 03 [DNISO] reason 0d [REGION_VIOLATION] on channel -1 [0000000000 unknown]
Jul 22 02:33:40 localhost kernel: nouveau 0000:01:00.0: disp: chid 0 mthd 0474 data ffff0000 00007474 00000000
Jul 22 02:33:40 localhost kernel: nouveau 0000:01:00.0: fifo: DROPPED_MMU_FAULT 00000000
Jul 22 02:33:40 localhost kernel: nouveau 0000:01:00.0: fifo: DROPPED_MMU_FAULT 80000000
Jul 22 02:33:40 localhost kernel: nouveau 0000:01:00.0: fifo: read fault at 00ffb90000 engine 1f [] client 03 [DNISO] reason 0d [REGION_VIOLATION] on channel -1 [0000000000 unknown]
Jul 22 02:33:40 localhost kernel: nouveau 0000:01:00.0: fifo: DROPPED_MMU_FAULT 80000000
Jul 22 02:33:40 localhost kernel: nouveau 0000:01:00.0: fifo: read fault at 00ffb90000 engine 1f [] client 03 [DNISO] reason 0d [REGION_VIOLATION] on channel -1 [0000000000 unknown]
Jul 22 02:33:40 localhost kernel: nouveau 0000:01:00.0: fifo: DROPPED_MMU_FAULT 80000000
Jul 22 02:33:40 localhost kernel: nouveau 0000:01:00.0: fifo: read fault at 00ffb90000 engine 1f [] client 03 [DNISO] reason 0d [REGION_VIOLATION] on channel -1 [0000000000 unknown]
Jul 22 02:33:40 localhost kernel: nouveau 0000:01:00.0: fifo: DROPPED_MMU_FAULT 80000000
Jul 22 02:33:40 localhost kernel: nouveau 0000:01:00.0: fifo: read fault at 00ffb90000 engine 1f [] client 03 [DNISO] reason 0d [REGION_VIOLATION] on channel -1 [0000000000 unknown]
Jul 22 02:33:40 localhost kernel: nouveau 0000:01:00.0: fifo: DROPPED_MMU_FAULT 80000000
Jul 22 02:33:40 localhost kernel: nouveau 0000:01:00.0: fifo: read fault at 00ffb90000 engine 1f [] client 03 [DNISO] reason 0d [REGION_VIOLATION] on channel -1 [0000000000 unknown]
Jul 22 02:33:40 localhost kernel: nouveau 0000:01:00.0: disp: chid 0 mthd 0474 data ffff0000 10007474 00000000
Jul 22 02:33:40 localhost kernel: nouveau 0000:01:00.0: fifo: DROPPED_MMU_FAULT 80000000
Jul 22 02:33:40 localhost kernel: nouveau 0000:01:00.0: fifo: read fault at 00ffb90000 engine 1f [] client 03 [DNISO] reason 0d [REGION_VIOLATION] on channel -1 [0000000000 unknown]
Jul 22 02:33:40 localhost kernel: nouveau 0000:01:00.0: fifo: DROPPED_MMU_FAULT 80000000
Jul 22 02:33:40 localhost kernel: nouveau 0000:01:00.0: fifo: read fault at 00ffb90000 engine 1f [] client 03 [DNISO] reason 0d [REGION_VIOLATION] on channel -1 [0000000000 unknown]
Jul 22 02:33:40 localhost kernel: nouveau 0000:01:00.0: fifo: DROPPED_MMU_FAULT 80000000
Jul 22 02:33:40 localhost kernel: nouveau 0000:01:00.0: fifo: read fault at 00ffb90000 engine 1f [] client 03 [DNISO] reason 0d [REGION_VIOLATION] on channel -1 [0000000000 unknown]
Jul 22 02:33:40 localhost kernel: nouveau 0000:01:00.0: fifo: DROPPED_MMU_FAULT 80000000
Jul 22 02:33:40 localhost kernel: nouveau 0000:01:00.0: fifo: read fault at 00ffb90000 engine 1f [] client 03 [DNISO] reason 0d [REGION_VIOLATION] on channel -1 [0000000000 unknown]
Jul 22 02:33:40 localhost kernel: nouveau 0000:01:00.0: fifo: DROPPED_MMU_FAULT 80000000
Jul 22 02:33:40 localhost kernel: nouveau 0000:01:00.0: fifo: read fault at 00ffb90000 engine 1f [] client 03 [DNISO] reason 0d [REGION_VIOLATION] on channel -1 [0000000000 unknown]
Jul 22 02:33:40 localhost kernel: nouveau 0000:01:00.0: disp: chid 0 mthd 045c data f0000001 1000745c 00000000
Jul 22 02:33:40 localhost kernel: nouveau 0000:01:00.0: fifo: DROPPED_MMU_FAULT 00000000
Jul 22 02:33:40 localhost kernel: nouveau 0000:01:00.0: disp: chid 0 mthd 0080 data 00000000 10005080 00000010
Jul 22 02:33:40 localhost kernel: nouveau 0000:01:00.0: disp: Core:
Jul 22 02:33:40 localhost kernel: nouveau 0000:01:00.0: disp:         0080: 00000000              
Jul 22 02:33:40 localhost kernel: nouveau 0000:01:00.0: disp:         0084: 00000000              
Jul 22 02:33:40 localhost kernel: nouveau 0000:01:00.0: disp:         0088: f0000000              
Jul 22 02:33:40 localhost kernel: nouveau 0000:01:00.0: disp: Core - DAC 0:
Jul 22 02:33:40 localhost kernel: nouveau 0000:01:00.0: disp:         0180: 00000000              
Jul 22 02:33:40 localhost kernel: nouveau 0000:01:00.0: disp:         0184: 00000000              
Jul 22 02:33:40 localhost kernel: nouveau 0000:01:00.0: disp:         0188: 00000000              
Jul 22 02:33:40 localhost kernel: nouveau 0000:01:00.0: disp:         0190: 00000000              
Jul 22 02:33:40 localhost kernel: nouveau 0000:01:00.0: disp: Core - DAC 1:
Jul 22 02:33:40 localhost kernel: nouveau 0000:01:00.0: disp:         01a0: 00000000              
Jul 22 02:33:40 localhost kernel: nouveau 0000:01:00.0: disp:         01a4: 00000000              
Jul 22 02:33:40 localhost kernel: nouveau 0000:01:00.0: disp:         01a8: 00000000              
Jul 22 02:33:40 localhost kernel: nouveau 0000:01:00.0: disp:         01b0: 00000000              
Jul 22 02:33:40 localhost kernel: nouveau 0000:01:00.0: disp: Core - DAC 2:
Jul 22 02:33:40 localhost kernel: nouveau 0000:01:00.0: disp:         01c0: 00000000              
Jul 22 02:33:40 localhost kernel: nouveau 0000:01:00.0: disp:         01c4: 00000000              
Jul 22 02:33:40 localhost kernel: nouveau 0000:01:00.0: disp:         01c8: 00000000              
Jul 22 02:33:40 localhost kernel: nouveau 0000:01:00.0: disp:         01d0: 00000000              
Jul 22 02:33:40 localhost kernel: nouveau 0000:01:00.0: disp: Core - SOR 0:
Jul 22 02:33:40 localhost kernel: nouveau 0000:01:00.0: disp:         0200: 00000000 -> 00000101
Jul 22 02:33:40 localhost kernel: nouveau 0000:01:00.0: disp:         0204: 00000000              
Jul 22 02:33:40 localhost kernel: nouveau 0000:01:00.0: disp:         0208: 00000000              
Jul 22 02:33:40 localhost kernel: nouveau 0000:01:00.0: disp:         0210: 00000000              
Jul 22 02:33:40 localhost kernel: nouveau 0000:01:00.0: disp: Core - SOR 1:
Jul 22 02:33:40 localhost kernel: nouveau 0000:01:00.0: disp:         0220: 00000000              
Jul 22 02:33:40 localhost kernel: nouveau 0000:01:00.0: disp:         0224: 00000000              
Jul 22 02:33:40 localhost kernel: nouveau 0000:01:00.0: disp:         0228: 00000000              
Jul 22 02:33:40 localhost kernel: nouveau 0000:01:00.0: disp:         0230: 00000000              
Jul 22 02:33:40 localhost kernel: nouveau 0000:01:00.0: disp: Core - SOR 2:
Jul 22 02:33:40 localhost kernel: nouveau 0000:01:00.0: disp:         0240: 00000000              
Jul 22 02:33:40 localhost kernel: nouveau 0000:01:00.0: disp:         0244: 00000000              
Jul 22 02:33:40 localhost kernel: nouveau 0000:01:00.0: disp:         0248: 00000000              
Jul 22 02:33:40 localhost kernel: nouveau 0000:01:00.0: disp:         0250: 00000000              
Jul 22 02:33:40 localhost kernel: nouveau 0000:01:00.0: disp: Core - SOR 3:
Jul 22 02:33:40 localhost kernel: nouveau 0000:01:00.0: disp:         0260: 00000000              
Jul 22 02:33:40 localhost kernel: nouveau 0000:01:00.0: disp:         0264: 00000000              
Jul 22 02:33:40 localhost kernel: nouveau 0000:01:00.0: disp:         0268: 00000000              
Jul 22 02:33:40 localhost kernel: nouveau 0000:01:00.0: disp:         0270: 00000000              
Jul 22 02:33:40 localhost kernel: nouveau 0000:01:00.0: disp: Core - SOR 4:
Jul 22 02:33:40 localhost kernel: nouveau 0000:01:00.0: disp:         0280: 00000000              
Jul 22 02:33:40 localhost kernel: nouveau 0000:01:00.0: disp:         0284: 00000000              
Jul 22 02:33:40 localhost kernel: nouveau 0000:01:00.0: disp:         0288: 00000000              
Jul 22 02:33:40 localhost kernel: nouveau 0000:01:00.0: disp:         0290: 00000000              
Jul 22 02:33:40 localhost kernel: nouveau 0000:01:00.0: disp: Core - SOR 5:
Jul 22 02:33:40 localhost kernel: nouveau 0000:01:00.0: disp:         02a0: 00000000              
Jul 22 02:33:40 localhost kernel: nouveau 0000:01:00.0: disp:         02a4: 00000000              
Jul 22 02:33:40 localhost kernel: nouveau 0000:01:00.0: disp:         02a8: 00000000              
Jul 22 02:33:40 localhost kernel: nouveau 0000:01:00.0: disp:         02b0: 00000000              
Jul 22 02:33:40 localhost kernel: nouveau 0000:01:00.0: disp: Core - SOR 6:
Jul 22 02:33:40 localhost kernel: nouveau 0000:01:00.0: disp:         02c0: 00000000              
Jul 22 02:33:40 localhost kernel: nouveau 0000:01:00.0: disp:         02c4: 00000000              
Jul 22 02:33:40 localhost kernel: nouveau 0000:01:00.0: disp:         02c8: 00000000              
Jul 22 02:33:40 localhost kernel: nouveau 0000:01:00.0: disp:         02d0: 00000000              
Jul 22 02:33:40 localhost kernel: nouveau 0000:01:00.0: disp: Core - SOR 7:
Jul 22 02:33:40 localhost kernel: nouveau 0000:01:00.0: disp:         02e0: 00000000              
Jul 22 02:33:40 localhost kernel: nouveau 0000:01:00.0: disp:         02e4: 00000000              
Jul 22 02:33:40 localhost kernel: nouveau 0000:01:00.0: disp:         02e8: 00000000              
Jul 22 02:33:40 localhost kernel: nouveau 0000:01:00.0: disp:         02f0: 00000000              
Jul 22 02:33:40 localhost kernel: nouveau 0000:01:00.0: disp: Core - PIOR 0:
Jul 22 02:33:40 localhost kernel: nouveau 0000:01:00.0: disp:         0300: 00000000              
Jul 22 02:33:40 localhost kernel: nouveau 0000:01:00.0: disp:         0304: 00000000              
Jul 22 02:33:40 localhost kernel: nouveau 0000:01:00.0: disp:         0308: 00000000              
Jul 22 02:33:40 localhost kernel: nouveau 0000:01:00.0: disp:         0310: 00000000              
Jul 22 02:33:40 localhost kernel: nouveau 0000:01:00.0: disp: Core - PIOR 1:
Jul 22 02:33:40 localhost kernel: nouveau 0000:01:00.0: disp:         0320: 00000000              
Jul 22 02:33:40 localhost kernel: nouveau 0000:01:00.0: disp:         0324: 00000000              
Jul 22 02:33:40 localhost kernel: nouveau 0000:01:00.0: disp:         0328: 00000000              
Jul 22 02:33:40 localhost kernel: nouveau 0000:01:00.0: disp:         0330: 00000000              
Jul 22 02:33:40 localhost kernel: nouveau 0000:01:00.0: disp: Core - PIOR 2:
Jul 22 02:33:40 localhost kernel: nouveau 0000:01:00.0: disp:         0340: 00000000              
Jul 22 02:33:40 localhost kernel: nouveau 0000:01:00.0: disp:         0344: 00000000              
Jul 22 02:33:40 localhost kernel: nouveau 0000:01:00.0: disp:         0348: 00000000              
Jul 22 02:33:40 localhost kernel: nouveau 0000:01:00.0: disp:         0350: 00000000              
Jul 22 02:33:40 localhost kernel: nouveau 0000:01:00.0: disp: Core - PIOR 3:
Jul 22 02:33:40 localhost kernel: nouveau 0000:01:00.0: disp:         0360: 00000000              
Jul 22 02:33:40 localhost kernel: nouveau 0000:01:00.0: disp:         0364: 00000000              
Jul 22 02:33:40 localhost kernel: nouveau 0000:01:00.0: disp:         0368: 00000000              
Jul 22 02:33:40 localhost kernel: nouveau 0000:01:00.0: disp:         0370: 00000000              
Jul 22 02:33:40 localhost kernel: nouveau 0000:01:00.0: disp: Core - HEAD 0:
Jul 22 02:33:40 localhost kernel: nouveau 0000:01:00.0: disp:         0400: 00000000              
Jul 22 02:33:40 localhost kernel: nouveau 0000:01:00.0: disp:         0404: 00000000 -> 00000001
Jul 22 02:33:40 localhost kernel: nouveau 0000:01:00.0: disp:         0408: 21ec4000 -> 31ec6000
Jul 22 02:33:40 localhost kernel: nouveau 0000:01:00.0: disp:         040c: 00000000              
Jul 22 02:33:40 localhost kernel: nouveau 0000:01:00.0: disp:         0410: 00000000              
Jul 22 02:33:40 localhost kernel: nouveau 0000:01:00.0: disp:         0414: 00050008 -> 04650898
Jul 22 02:33:40 localhost kernel: nouveau 0000:01:00.0: disp:         0418: 00000001 -> 0004002b
Jul 22 02:33:40 localhost kernel: nouveau 0000:01:00.0: disp:         041c: 00010003 -> 002800bf
Jul 22 02:33:40 localhost kernel: nouveau 0000:01:00.0: disp:         0420: 00030004 -> 0460083f
Jul 22 02:33:40 localhost kernel: nouveau 0000:01:00.0: disp:         0424: 00000001              
Jul 22 02:33:40 localhost kernel: nouveau 0000:01:00.0: disp:         0428: 00000000              
Jul 22 02:33:40 localhost kernel: nouveau 0000:01:00.0: disp:         042c: 00000000              
Jul 22 02:33:40 localhost kernel: nouveau 0000:01:00.0: disp:         0430: ffffff40 -> ffffff00
Jul 22 02:33:40 localhost kernel: nouveau 0000:01:00.0: disp:         0434: 00000000              
Jul 22 02:33:40 localhost kernel: nouveau 0000:01:00.0: disp:         0438: 00000000              
Jul 22 02:33:40 localhost kernel: nouveau 0000:01:00.0: disp:         0440: 00000000 -> 83000000
Jul 22 02:33:40 localhost kernel: nouveau 0000:01:00.0: disp:         0444: 00000000 -> 00000410
Jul 22 02:33:40 localhost kernel: nouveau 0000:01:00.0: disp:         0448: 00000000              
Jul 22 02:33:40 localhost kernel: nouveau 0000:01:00.0: disp:         044c: 00000000              
Jul 22 02:33:40 localhost kernel: nouveau 0000:01:00.0: disp:         0450: 00000000 -> 08d9ee20
Jul 22 02:33:40 localhost kernel: nouveau 0000:01:00.0: disp:         0454: 00000000 -> 00200000
Jul 22 02:33:40 localhost kernel: nouveau 0000:01:00.0: disp:         0458: 00000000 -> 08d9ee20
Jul 22 02:33:40 localhost kernel: nouveau 0000:01:00.0: disp:         045c: 00000000              
Jul 22 02:33:40 localhost kernel: nouveau 0000:01:00.0: disp:         0460: 00000000 -> 00000600
Jul 22 02:33:40 localhost kernel: nouveau 0000:01:00.0: disp:         0468: 00000000 -> 04380780
Jul 22 02:33:40 localhost kernel: nouveau 0000:01:00.0: disp:         046c: 00000000 -> 01001e00
Jul 22 02:33:40 localhost kernel: nouveau 0000:01:00.0: disp:         0470: 0000e900 -> 0000cf00
Jul 22 02:33:40 localhost kernel: nouveau 0000:01:00.0: disp:         0474: 00000000              
Jul 22 02:33:40 localhost kernel: nouveau 0000:01:00.0: disp:         047c: 00000000              
Jul 22 02:33:40 localhost kernel: nouveau 0000:01:00.0: disp:         0480: 05000000              
Jul 22 02:33:40 localhost kernel: nouveau 0000:01:00.0: disp:         0484: 00000000              
Jul 22 02:33:40 localhost kernel: nouveau 0000:01:00.0: disp:         0488: 00000000              
Jul 22 02:33:40 localhost kernel: nouveau 0000:01:00.0: disp:         048c: 00000000              
Jul 22 02:33:40 localhost kernel: nouveau 0000:01:00.0: disp:         0490: 00000000              
Jul 22 02:33:40 localhost kernel: nouveau 0000:01:00.0: disp:         0494: 00000000              
Jul 22 02:33:40 localhost kernel: nouveau 0000:01:00.0: disp:         0498: 00040000              
Jul 22 02:33:40 localhost kernel: nouveau 0000:01:00.0: disp:         04a0: 00000000 -> 00000002
Jul 22 02:33:40 localhost kernel: nouveau 0000:01:00.0: disp:         04b0: 00000000              
Jul 22 02:33:40 localhost kernel: nouveau 0000:01:00.0: disp:         04b8: 00000000 -> 04380780
Jul 22 02:33:40 localhost kernel: nouveau 0000:01:00.0: disp:         04bc: 00000000              
Jul 22 02:33:40 localhost kernel: nouveau 0000:01:00.0: disp:         04c0: 00000000 -> 04380780
Jul 22 02:33:40 localhost kernel: nouveau 0000:01:00.0: disp:         04c4: 00000000 -> 04380780
Jul 22 02:33:40 localhost kernel: nouveau 0000:01:00.0: disp:         04c8: 00000000 -> 04380780
Jul 22 02:33:40 localhost kernel: nouveau 0000:01:00.0: disp:         04d0: 00110300 -> 00000311
Jul 22 02:33:40 localhost kernel: nouveau 0000:01:00.0: disp:         04d4: 00001100 -> 00000100
Jul 22 02:33:40 localhost kernel: nouveau 0000:01:00.0: disp:         04e0: 00000000              
Jul 22 02:33:40 localhost kernel: nouveau 0000:01:00.0: disp:         04e4: 00000000              
Jul 22 02:33:40 localhost kernel: nouveau 0000:01:00.0: disp:         04e8: 00000000              
Jul 22 02:33:40 localhost kernel: nouveau 0000:01:00.0: disp:         04ec: 00000000              
Jul 22 02:33:40 localhost kernel: nouveau 0000:01:00.0: disp:         04f0: 00010000              
Jul 22 02:33:40 localhost kernel: nouveau 0000:01:00.0: disp:         04f4: 00000000              
Jul 22 02:33:40 localhost kernel: nouveau 0000:01:00.0: disp:         04f8: 00000000              
Jul 22 02:33:40 localhost kernel: nouveau 0000:01:00.0: disp:         04fc: 00000000              
Jul 22 02:33:40 localhost kernel: nouveau 0000:01:00.0: disp:         0500: 00000000              
Jul 22 02:33:40 localhost kernel: nouveau 0000:01:00.0: disp:         0504: 00010000              
Jul 22 02:33:40 localhost kernel: nouveau 0000:01:00.0: disp:         0508: 00000000              
Jul 22 02:33:40 localhost kernel: nouveau 0000:01:00.0: disp:         050c: 00000000              
Jul 22 02:33:40 localhost kernel: nouveau 0000:01:00.0: disp:         0510: 00000000              
Jul 22 02:33:40 localhost kernel: nouveau 0000:01:00.0: disp:         0514: 00000000              
Jul 22 02:33:40 localhost kernel: nouveau 0000:01:00.0: disp:         0518: 00010000              
Jul 22 02:33:40 localhost kernel: nouveau 0000:01:00.0: disp:         051c: 00000000              
Jul 22 02:33:40 localhost kernel: nouveau 0000:01:00.0: disp:         0520: 00000000              
Jul 22 02:33:40 localhost kernel: nouveau 0000:01:00.0: disp:         0524: 00000000              
Jul 22 02:33:40 localhost kernel: nouveau 0000:01:00.0: disp:         052c: 00000000              
Jul 22 02:33:40 localhost kernel: nouveau 0000:01:00.0: disp:         0530: 00000000              
Jul 22 02:33:40 localhost kernel: nouveau 0000:01:00.0: disp:         054c: 00000000              
Jul 22 02:33:40 localhost kernel: nouveau 0000:01:00.0: disp:         0550: 00000000              
Jul 22 02:33:40 localhost kernel: nouveau 0000:01:00.0: disp:         0554: 00000000              
Jul 22 02:33:40 localhost kernel: nouveau 0000:01:00.0: disp:         0558: 00000000              
Jul 22 02:33:40 localhost kernel: nouveau 0000:01:00.0: disp:         055c: 00000001              
Jul 22 02:33:40 localhost kernel: nouveau 0000:01:00.0: disp: Core - HEAD 1:
Jul 22 02:33:40 localhost kernel: nouveau 0000:01:00.0: disp:         0700: 00000000              
Jul 22 02:33:40 localhost kernel: nouveau 0000:01:00.0: disp:         0704: 00000000              
Jul 22 02:33:40 localhost kernel: nouveau 0000:01:00.0: disp:         0708: 21ec4000              
Jul 22 02:33:40 localhost kernel: nouveau 0000:01:00.0: disp:         070c: 00000000              
Jul 22 02:33:40 localhost kernel: nouveau 0000:01:00.0: disp:         0710: 00000000              
Jul 22 02:33:40 localhost kernel: nouveau 0000:01:00.0: disp:         0714: 00050008              
Jul 22 02:33:40 localhost kernel: nouveau 0000:01:00.0: disp:         0718: 00000001              
Jul 22 02:33:40 localhost kernel: nouveau 0000:01:00.0: disp:         071c: 00010003              
Jul 22 02:33:40 localhost kernel: nouveau 0000:01:00.0: disp:         0720: 00030004              
Jul 22 02:33:40 localhost kernel: nouveau 0000:01:00.0: disp:         0724: 00000001              
Jul 22 02:33:40 localhost kernel: nouveau 0000:01:00.0: disp:         0728: 00000000              
Jul 22 02:33:40 localhost kernel: nouveau 0000:01:00.0: disp:         072c: 00000000              
Jul 22 02:33:40 localhost kernel: nouveau 0000:01:00.0: disp:         0730: ffffff40              
Jul 22 02:33:40 localhost kernel: nouveau 0000:01:00.0: disp:         0734: 00000000              
Jul 22 02:33:40 localhost kernel: nouveau 0000:01:00.0: disp:         0738: 00000000              
Jul 22 02:33:40 localhost kernel: nouveau 0000:01:00.0: disp:         0740: 00000000              
Jul 22 02:33:40 localhost kernel: nouveau 0000:01:00.0: disp:         0744: 00000000              
Jul 22 02:33:40 localhost kernel: nouveau 0000:01:00.0: disp:         0748: 00000000              
Jul 22 02:33:40 localhost kernel: nouveau 0000:01:00.0: disp:         074c: 00000000              
Jul 22 02:33:40 localhost kernel: nouveau 0000:01:00.0: disp:         0750: 00000000              
Jul 22 02:33:40 localhost kernel: nouveau 0000:01:00.0: disp:         0754: 00000000              
Jul 22 02:33:40 localhost kernel: nouveau 0000:01:00.0: disp:         0758: 00000000              
Jul 22 02:33:40 localhost kernel: nouveau 0000:01:00.0: disp:         075c: 00000000              
Jul 22 02:33:40 localhost kernel: nouveau 0000:01:00.0: disp:         0760: 00000000              
Jul 22 02:33:40 localhost kernel: nouveau 0000:01:00.0: disp:         0768: 00000000              
Jul 22 02:33:40 localhost kernel: nouveau 0000:01:00.0: disp:         076c: 00000000              
Jul 22 02:33:40 localhost kernel: nouveau 0000:01:00.0: disp:         0770: 0000e900              
Jul 22 02:33:40 localhost kernel: nouveau 0000:01:00.0: disp:         0774: 00000000              
Jul 22 02:33:40 localhost kernel: nouveau 0000:01:00.0: disp:         077c: 00000000              
Jul 22 02:33:40 localhost kernel: nouveau 0000:01:00.0: disp:         0780: 20000000              
Jul 22 02:33:40 localhost kernel: nouveau 0000:01:00.0: disp:         0784: 00000000              
Jul 22 02:33:40 localhost kernel: nouveau 0000:01:00.0: disp:         0788: 00000000              
Jul 22 02:33:40 localhost kernel: nouveau 0000:01:00.0: disp:         078c: 00000000              
Jul 22 02:33:40 localhost kernel: nouveau 0000:01:00.0: disp:         0790: 00000000              
Jul 22 02:33:40 localhost kernel: nouveau 0000:01:00.0: disp:         0794: 00000000              
Jul 22 02:33:40 localhost kernel: nouveau 0000:01:00.0: disp:         0798: 00040000              
Jul 22 02:33:40 localhost kernel: nouveau 0000:01:00.0: disp:         07a0: 00000000              
Jul 22 02:33:40 localhost kernel: nouveau 0000:01:00.0: disp:         07b0: 00000000              
Jul 22 02:33:40 localhost kernel: nouveau 0000:01:00.0: disp:         07b8: 00000000              
Jul 22 02:33:40 localhost kernel: nouveau 0000:01:00.0: disp:         07bc: 00000000              
Jul 22 02:33:40 localhost kernel: nouveau 0000:01:00.0: disp:         07c0: 00000000              
Jul 22 02:33:40 localhost kernel: nouveau 0000:01:00.0: disp:         07c4: 00000000              
Jul 22 02:33:40 localhost kernel: nouveau 0000:01:00.0: disp:         07c8: 00000000              
Jul 22 02:33:40 localhost kernel: nouveau 0000:01:00.0: disp:         07d0: 00110300              
Jul 22 02:33:40 localhost kernel: nouveau 0000:01:00.0: disp:         07d4: 00001100              
Jul 22 02:33:40 localhost kernel: nouveau 0000:01:00.0: disp:         07e0: 00000000              
Jul 22 02:33:40 localhost kernel: nouveau 0000:01:00.0: disp:         07e4: 00000000              
Jul 22 02:33:40 localhost kernel: nouveau 0000:01:00.0: disp:         07e8: 00000000              
Jul 22 02:33:40 localhost kernel: nouveau 0000:01:00.0: disp:         07ec: 00000000              
Jul 22 02:33:40 localhost kernel: nouveau 0000:01:00.0: disp:         07f0: 00010000              
Jul 22 02:33:40 localhost kernel: nouveau 0000:01:00.0: disp:         07f4: 00000000              
Jul 22 02:33:40 localhost kernel: nouveau 0000:01:00.0: disp:         07f8: 00000000              
Jul 22 02:33:40 localhost kernel: nouveau 0000:01:00.0: disp:         07fc: 00000000              
Jul 22 02:33:40 localhost kernel: nouveau 0000:01:00.0: disp:         0800: 00000000              
Jul 22 02:33:40 localhost kernel: nouveau 0000:01:00.0: disp:         0804: 00010000              
Jul 22 02:33:40 localhost kernel: nouveau 0000:01:00.0: disp:         0808: 00000000              
Jul 22 02:33:40 localhost kernel: nouveau 0000:01:00.0: disp:         080c: 00000000              
Jul 22 02:33:40 localhost kernel: nouveau 0000:01:00.0: disp:         0810: 00000000              
Jul 22 02:33:40 localhost kernel: nouveau 0000:01:00.0: disp:         0814: 00000000              
Jul 22 02:33:40 localhost kernel: nouveau 0000:01:00.0: disp:         0818: 00010000              
Jul 22 02:33:40 localhost kernel: nouveau 0000:01:00.0: disp:         081c: 00000000              
Jul 22 02:33:40 localhost kernel: nouveau 0000:01:00.0: disp:         0820: 00000000              
Jul 22 02:33:40 localhost kernel: nouveau 0000:01:00.0: disp:         0824: 00000000              
Jul 22 02:33:40 localhost kernel: nouveau 0000:01:00.0: disp:         082c: 00000000              
Jul 22 02:33:40 localhost kernel: nouveau 0000:01:00.0: disp:         0830: 00000000              
Jul 22 02:33:40 localhost kernel: nouveau 0000:01:00.0: disp:         084c: 00000000              
Jul 22 02:33:40 localhost kernel: nouveau 0000:01:00.0: disp:         0850: 00000000              
Jul 22 02:33:40 localhost kernel: nouveau 0000:01:00.0: disp:         0854: 00000000              
