-- Logs begin at Mon 2016-07-18 22:35:05 PDT, end at Thu 2016-07-21 13:25:46 PDT. --
Jul 21 02:26:37 localhost systemd-journald[204]: Runtime journal (/run/log/journal/) is 8.0M, max 393.2M, 385.2M free.
Jul 21 02:26:37 localhost systemd-journald[204]: System journal (/var/log/journal/) is 160.0M, max 4.0G, 3.8G free.
Jul 21 02:26:37 localhost systemd-journald[204]: Time spent on flushing to /var is 478.368ms for 2 entries.
Jul 21 02:26:37 localhost kernel: microcode: microcode updated early to revision 0x20, date = 2016-03-16
Jul 21 02:26:37 localhost kernel: Linux version 4.6.4-1-ARCH (builduser@tobias) (gcc version 6.1.1 20160707 (GCC) ) #1 SMP PREEMPT Mon Jul 11 19:12:32 CEST 2016
Jul 21 02:26:37 localhost kernel: Command line: initrd=\intel-ucode.img initrd=\initramfs-linux.img root=PARTUUID=22d511b2-774e-4a5f-9cdc-6258f45f802c rw nouveau.nofbaccel=1
Jul 21 02:26:37 localhost kernel: x86/fpu: xstate_offset[2]:  576, xstate_sizes[2]:  256
Jul 21 02:26:37 localhost kernel: x86/fpu: Supporting XSAVE feature 0x001: 'x87 floating point registers'
Jul 21 02:26:37 localhost kernel: x86/fpu: Supporting XSAVE feature 0x002: 'SSE registers'
Jul 21 02:26:37 localhost kernel: x86/fpu: Supporting XSAVE feature 0x004: 'AVX registers'
Jul 21 02:26:37 localhost kernel: x86/fpu: Enabled xstate features 0x7, context size is 832 bytes, using 'standard' format.
Jul 21 02:26:37 localhost kernel: x86/fpu: Using 'eager' FPU context switches.
Jul 21 02:26:37 localhost kernel: e820: BIOS-provided physical RAM map:
Jul 21 02:26:37 localhost kernel: BIOS-e820: [mem 0x0000000000000000-0x0000000000057fff] usable
Jul 21 02:26:37 localhost kernel: BIOS-e820: [mem 0x0000000000058000-0x0000000000058fff] reserved
Jul 21 02:26:37 localhost kernel: BIOS-e820: [mem 0x0000000000059000-0x000000000009efff] usable
Jul 21 02:26:37 localhost kernel: BIOS-e820: [mem 0x000000000009f000-0x000000000009ffff] reserved
Jul 21 02:26:37 localhost kernel: BIOS-e820: [mem 0x0000000000100000-0x00000000a87c4fff] usable
Jul 21 02:26:37 localhost kernel: BIOS-e820: [mem 0x00000000a87c5000-0x00000000a87cbfff] ACPI NVS
Jul 21 02:26:37 localhost kernel: BIOS-e820: [mem 0x00000000a87cc000-0x00000000a8c2efff] usable
Jul 21 02:26:37 localhost kernel: BIOS-e820: [mem 0x00000000a8c2f000-0x00000000a908dfff] reserved
Jul 21 02:26:37 localhost kernel: BIOS-e820: [mem 0x00000000a908e000-0x00000000c8ab3fff] usable
Jul 21 02:26:37 localhost kernel: BIOS-e820: [mem 0x00000000c8ab4000-0x00000000c8b1dfff] reserved
Jul 21 02:26:37 localhost kernel: BIOS-e820: [mem 0x00000000c8b1e000-0x00000000c8b3bfff] ACPI data
Jul 21 02:26:37 localhost kernel: BIOS-e820: [mem 0x00000000c8b3c000-0x00000000c905ffff] ACPI NVS
Jul 21 02:26:37 localhost kernel: BIOS-e820: [mem 0x00000000c9060000-0x00000000c9ffefff] reserved
Jul 21 02:26:37 localhost kernel: BIOS-e820: [mem 0x00000000c9fff000-0x00000000c9ffffff] usable
Jul 21 02:26:37 localhost kernel: BIOS-e820: [mem 0x00000000cb000000-0x00000000cf1fffff] reserved
Jul 21 02:26:37 localhost kernel: BIOS-e820: [mem 0x00000000f8000000-0x00000000fbffffff] reserved
Jul 21 02:26:37 localhost kernel: BIOS-e820: [mem 0x00000000fec00000-0x00000000fec00fff] reserved
Jul 21 02:26:37 localhost kernel: BIOS-e820: [mem 0x00000000fed00000-0x00000000fed03fff] reserved
Jul 21 02:26:37 localhost kernel: BIOS-e820: [mem 0x00000000fed1c000-0x00000000fed1ffff] reserved
Jul 21 02:26:37 localhost kernel: BIOS-e820: [mem 0x00000000fee00000-0x00000000fee00fff] reserved
Jul 21 02:26:37 localhost kernel: BIOS-e820: [mem 0x00000000ff000000-0x00000000ffffffff] reserved
Jul 21 02:26:37 localhost kernel: BIOS-e820: [mem 0x0000000100000000-0x000000022fdfffff] usable
Jul 21 02:26:37 localhost kernel: NX (Execute Disable) protection: active
Jul 21 02:26:37 localhost kernel: e820: update [mem 0xa7928018-0xa7949c57] usable ==> usable
Jul 21 02:26:37 localhost kernel: e820: update [mem 0xa7917018-0xa7927057] usable ==> usable
Jul 21 02:26:37 localhost kernel: e820: update [mem 0xa7905018-0xa7916057] usable ==> usable
Jul 21 02:26:37 localhost kernel: extended physical RAM map:
Jul 21 02:26:37 localhost kernel: reserve setup_data: [mem 0x0000000000000000-0x0000000000057fff] usable
Jul 21 02:26:37 localhost kernel: reserve setup_data: [mem 0x0000000000058000-0x0000000000058fff] reserved
Jul 21 02:26:37 localhost kernel: reserve setup_data: [mem 0x0000000000059000-0x000000000009efff] usable
Jul 21 02:26:37 localhost kernel: reserve setup_data: [mem 0x000000000009f000-0x000000000009ffff] reserved
Jul 21 02:26:37 localhost kernel: reserve setup_data: [mem 0x0000000000100000-0x00000000a7905017] usable
Jul 21 02:26:37 localhost kernel: reserve setup_data: [mem 0x00000000a7905018-0x00000000a7916057] usable
Jul 21 02:26:37 localhost kernel: reserve setup_data: [mem 0x00000000a7916058-0x00000000a7917017] usable
Jul 21 02:26:37 localhost kernel: reserve setup_data: [mem 0x00000000a7917018-0x00000000a7927057] usable
Jul 21 02:26:37 localhost kernel: reserve setup_data: [mem 0x00000000a7927058-0x00000000a7928017] usable
Jul 21 02:26:37 localhost kernel: reserve setup_data: [mem 0x00000000a7928018-0x00000000a7949c57] usable
Jul 21 02:26:37 localhost kernel: reserve setup_data: [mem 0x00000000a7949c58-0x00000000a87c4fff] usable
Jul 21 02:26:37 localhost kernel: reserve setup_data: [mem 0x00000000a87c5000-0x00000000a87cbfff] ACPI NVS
Jul 21 02:26:37 localhost kernel: reserve setup_data: [mem 0x00000000a87cc000-0x00000000a8c2efff] usable
Jul 21 02:26:37 localhost kernel: reserve setup_data: [mem 0x00000000a8c2f000-0x00000000a908dfff] reserved
Jul 21 02:26:37 localhost kernel: reserve setup_data: [mem 0x00000000a908e000-0x00000000c8ab3fff] usable
Jul 21 02:26:37 localhost kernel: reserve setup_data: [mem 0x00000000c8ab4000-0x00000000c8b1dfff] reserved
Jul 21 02:26:37 localhost kernel: reserve setup_data: [mem 0x00000000c8b1e000-0x00000000c8b3bfff] ACPI data
Jul 21 02:26:37 localhost kernel: reserve setup_data: [mem 0x00000000c8b3c000-0x00000000c905ffff] ACPI NVS
Jul 21 02:26:37 localhost kernel: reserve setup_data: [mem 0x00000000c9060000-0x00000000c9ffefff] reserved
Jul 21 02:26:37 localhost kernel: reserve setup_data: [mem 0x00000000c9fff000-0x00000000c9ffffff] usable
Jul 21 02:26:37 localhost kernel: reserve setup_data: [mem 0x00000000cb000000-0x00000000cf1fffff] reserved
Jul 21 02:26:37 localhost kernel: reserve setup_data: [mem 0x00000000f8000000-0x00000000fbffffff] reserved
Jul 21 02:26:37 localhost kernel: reserve setup_data: [mem 0x00000000fec00000-0x00000000fec00fff] reserved
Jul 21 02:26:37 localhost kernel: reserve setup_data: [mem 0x00000000fed00000-0x00000000fed03fff] reserved
Jul 21 02:26:37 localhost kernel: reserve setup_data: [mem 0x00000000fed1c000-0x00000000fed1ffff] reserved
Jul 21 02:26:37 localhost kernel: reserve setup_data: [mem 0x00000000fee00000-0x00000000fee00fff] reserved
Jul 21 02:26:37 localhost kernel: reserve setup_data: [mem 0x00000000ff000000-0x00000000ffffffff] reserved
Jul 21 02:26:37 localhost kernel: reserve setup_data: [mem 0x0000000100000000-0x000000022fdfffff] usable
Jul 21 02:26:37 localhost kernel: efi: EFI v2.31 by American Megatrends
Jul 21 02:26:37 localhost kernel: efi:  ESRT=0xc9f56898  ACPI 2.0=0xc8b24000  ACPI=0xc8b24000  SMBIOS=0xf04d0  MPS=0xfd5b0 
Jul 21 02:26:37 localhost kernel: esrt: Reserving ESRT space from 0x00000000c9f56898 to 0x00000000c9f568d0.
Jul 21 02:26:37 localhost kernel: SMBIOS 2.8 present.
Jul 21 02:26:37 localhost kernel: DMI: ASUS All Series/Z97I-PLUS, BIOS 2703 12/07/2015
Jul 21 02:26:37 localhost kernel: e820: update [mem 0x00000000-0x00000fff] usable ==> reserved
Jul 21 02:26:37 localhost kernel: e820: remove [mem 0x000a0000-0x000fffff] usable
Jul 21 02:26:37 localhost kernel: e820: last_pfn = 0x22fe00 max_arch_pfn = 0x400000000
Jul 21 02:26:37 localhost kernel: MTRR default type: uncachable
Jul 21 02:26:37 localhost kernel: MTRR fixed ranges enabled:
Jul 21 02:26:37 localhost kernel:   00000-9FFFF write-back
Jul 21 02:26:37 localhost kernel:   A0000-BFFFF uncachable
Jul 21 02:26:37 localhost kernel:   C0000-CFFFF write-protect
Jul 21 02:26:37 localhost kernel:   D0000-DFFFF uncachable
Jul 21 02:26:37 localhost kernel:   E0000-FFFFF write-protect
Jul 21 02:26:37 localhost kernel: MTRR variable ranges enabled:
Jul 21 02:26:37 localhost kernel:   0 base 0000000000 mask 7E00000000 write-back
Jul 21 02:26:37 localhost kernel:   1 base 0200000000 mask 7FE0000000 write-back
Jul 21 02:26:37 localhost kernel:   2 base 0220000000 mask 7FF0000000 write-back
Jul 21 02:26:37 localhost kernel:   3 base 00E0000000 mask 7FE0000000 uncachable
Jul 21 02:26:37 localhost kernel:   4 base 00D0000000 mask 7FF0000000 uncachable
Jul 21 02:26:37 localhost kernel:   5 base 00CC000000 mask 7FFC000000 uncachable
Jul 21 02:26:37 localhost kernel:   6 base 00CB000000 mask 7FFF000000 uncachable
Jul 21 02:26:37 localhost kernel:   7 base 022FE00000 mask 7FFFE00000 uncachable
Jul 21 02:26:37 localhost kernel:   8 disabled
Jul 21 02:26:37 localhost kernel:   9 disabled
Jul 21 02:26:37 localhost kernel: x86/PAT: Configuration [0-7]: WB  WC  UC- UC  WB  WC  UC- WT  
Jul 21 02:26:37 localhost kernel: e820: update [mem 0xcb000000-0xffffffff] usable ==> reserved
Jul 21 02:26:37 localhost kernel: e820: last_pfn = 0xca000 max_arch_pfn = 0x400000000
Jul 21 02:26:37 localhost kernel: found SMP MP-table at [mem 0x000fd850-0x000fd85f] mapped at [ffff8800000fd850]
Jul 21 02:26:37 localhost kernel: Scanning 1 areas for low memory corruption
Jul 21 02:26:37 localhost kernel: Base memory trampoline at [ffff880000097000] 97000 size 24576
Jul 21 02:26:37 localhost kernel: Using GB pages for direct mapping
Jul 21 02:26:37 localhost kernel: BRK [0x01b4f000, 0x01b4ffff] PGTABLE
Jul 21 02:26:37 localhost kernel: BRK [0x01b50000, 0x01b50fff] PGTABLE
Jul 21 02:26:37 localhost kernel: BRK [0x01b51000, 0x01b51fff] PGTABLE
Jul 21 02:26:37 localhost kernel: BRK [0x01b52000, 0x01b52fff] PGTABLE
Jul 21 02:26:37 localhost kernel: BRK [0x01b53000, 0x01b53fff] PGTABLE
Jul 21 02:26:37 localhost kernel: BRK [0x01b54000, 0x01b54fff] PGTABLE
Jul 21 02:26:37 localhost kernel: RAMDISK: [mem 0x7f31a000-0x7fffffff]
Jul 21 02:26:37 localhost kernel: ACPI: Early table checksum verification disabled
Jul 21 02:26:37 localhost kernel: ACPI: RSDP 0x00000000C8B24000 000024 (v02 ALASKA)
Jul 21 02:26:37 localhost kernel: ACPI: XSDT 0x00000000C8B24088 000084 (v01 ALASKA A M I    01072009 AMI  00010013)
Jul 21 02:26:37 localhost kernel: ACPI: FACP 0x00000000C8B33330 00010C (v05 ALASKA A M I    01072009 AMI  00010013)
Jul 21 02:26:37 localhost kernel: ACPI: DSDT 0x00000000C8B241A0 00F18A (v02 ALASKA A M I    00000011 INTL 20120711)
Jul 21 02:26:37 localhost kernel: ACPI: FACS 0x00000000C905FF80 000040
Jul 21 02:26:37 localhost kernel: ACPI: APIC 0x00000000C8B33440 000072 (v03 ALASKA A M I    01072009 AMI  00010013)
Jul 21 02:26:37 localhost kernel: ACPI: FPDT 0x00000000C8B334B8 000044 (v01 ALASKA A M I    01072009 AMI  00010013)
Jul 21 02:26:37 localhost kernel: ACPI: SSDT 0x00000000C8B33500 000C7D (v01 Ther_R Ther_Rvp 00001000 INTL 20120711)
Jul 21 02:26:37 localhost kernel: ACPI: SSDT 0x00000000C8B34180 000539 (v01 PmRef  Cpu0Ist  00003000 INTL 20051117)
Jul 21 02:26:37 localhost kernel: ACPI: SSDT 0x00000000C8B346C0 000B74 (v01 CpuRef CpuSsdt  00003000 INTL 20051117)
Jul 21 02:26:37 localhost kernel: ACPI: MCFG 0x00000000C8B35238 00003C (v01 ALASKA A M I    01072009 MSFT 00000097)
Jul 21 02:26:37 localhost kernel: ACPI: HPET 0x00000000C8B35278 000038 (v01 ALASKA A M I    01072009 AMI. 00000005)
Jul 21 02:26:37 localhost kernel: ACPI: SSDT 0x00000000C8B352B0 00036D (v01 SataRe SataTabl 00001000 INTL 20120711)
Jul 21 02:26:37 localhost kernel: ACPI: SSDT 0x00000000C8B35620 005977 (v01 SaSsdt SaSsdt   00003000 INTL 20120711)
Jul 21 02:26:37 localhost kernel: ACPI: BGRT 0x00000000C8B3B038 000038 (v01 ALASKA A M I    01072009 AMI  00010013)
Jul 21 02:26:37 localhost kernel: ACPI: UEFI 0x00000000C8B3AFF0 000042 (v01 ALASKA A M I    01072009      00000000)
Jul 21 02:26:37 localhost kernel: ACPI: Local APIC address 0xfee00000
Jul 21 02:26:37 localhost kernel: No NUMA configuration found
Jul 21 02:26:37 localhost kernel: Faking a node at [mem 0x0000000000000000-0x000000022fdfffff]
Jul 21 02:26:37 localhost kernel: NODE_DATA(0) allocated [mem 0x22fdf7000-0x22fdfafff]
Jul 21 02:26:37 localhost kernel: Zone ranges:
Jul 21 02:26:37 localhost kernel:   DMA      [mem 0x0000000000001000-0x0000000000ffffff]
Jul 21 02:26:37 localhost kernel:   DMA32    [mem 0x0000000001000000-0x00000000ffffffff]
Jul 21 02:26:37 localhost kernel:   Normal   [mem 0x0000000100000000-0x000000022fdfffff]
Jul 21 02:26:37 localhost kernel: Movable zone start for each node
Jul 21 02:26:37 localhost kernel: Early memory node ranges
Jul 21 02:26:37 localhost kernel:   node   0: [mem 0x0000000000001000-0x0000000000057fff]
Jul 21 02:26:37 localhost kernel:   node   0: [mem 0x0000000000059000-0x000000000009efff]
Jul 21 02:26:37 localhost kernel:   node   0: [mem 0x0000000000100000-0x00000000a87c4fff]
Jul 21 02:26:37 localhost kernel:   node   0: [mem 0x00000000a87cc000-0x00000000a8c2efff]
Jul 21 02:26:37 localhost kernel:   node   0: [mem 0x00000000a908e000-0x00000000c8ab3fff]
Jul 21 02:26:37 localhost kernel:   node   0: [mem 0x00000000c9fff000-0x00000000c9ffffff]
Jul 21 02:26:37 localhost kernel:   node   0: [mem 0x0000000100000000-0x000000022fdfffff]
Jul 21 02:26:37 localhost kernel: Initmem setup node 0 [mem 0x0000000000001000-0x000000022fdfffff]
Jul 21 02:26:37 localhost kernel: On node 0 totalpages: 2065388
Jul 21 02:26:37 localhost kernel:   DMA zone: 64 pages used for memmap
Jul 21 02:26:37 localhost kernel:   DMA zone: 24 pages reserved
Jul 21 02:26:37 localhost kernel:   DMA zone: 3997 pages, LIFO batch:0
Jul 21 02:26:37 localhost kernel:   DMA32 zone: 12762 pages used for memmap
Jul 21 02:26:37 localhost kernel:   DMA32 zone: 816719 pages, LIFO batch:31
Jul 21 02:26:37 localhost kernel:   Normal zone: 19448 pages used for memmap
Jul 21 02:26:37 localhost kernel:   Normal zone: 1244672 pages, LIFO batch:31
Jul 21 02:26:37 localhost kernel: ACPI: PM-Timer IO Port: 0x1808
Jul 21 02:26:37 localhost kernel: ACPI: Local APIC address 0xfee00000
Jul 21 02:26:37 localhost kernel: ACPI: LAPIC_NMI (acpi_id[0xff] high edge lint[0x1])
Jul 21 02:26:37 localhost kernel: IOAPIC[0]: apic_id 8, version 32, address 0xfec00000, GSI 0-23
Jul 21 02:26:37 localhost kernel: ACPI: INT_SRC_OVR (bus 0 bus_irq 0 global_irq 2 dfl dfl)
Jul 21 02:26:37 localhost kernel: ACPI: INT_SRC_OVR (bus 0 bus_irq 9 global_irq 9 high level)
Jul 21 02:26:37 localhost kernel: ACPI: IRQ0 used by override.
Jul 21 02:26:37 localhost kernel: ACPI: IRQ9 used by override.
Jul 21 02:26:37 localhost kernel: Using ACPI (MADT) for SMP configuration information
Jul 21 02:26:37 localhost kernel: ACPI: HPET id: 0x8086a701 base: 0xfed00000
Jul 21 02:26:37 localhost kernel: smpboot: Allowing 4 CPUs, 0 hotplug CPUs
Jul 21 02:26:37 localhost kernel: PM: Registered nosave memory: [mem 0x00000000-0x00000fff]
Jul 21 02:26:37 localhost kernel: PM: Registered nosave memory: [mem 0x00058000-0x00058fff]
Jul 21 02:26:37 localhost kernel: PM: Registered nosave memory: [mem 0x0009f000-0x0009ffff]
Jul 21 02:26:37 localhost kernel: PM: Registered nosave memory: [mem 0x000a0000-0x000fffff]
Jul 21 02:26:37 localhost kernel: PM: Registered nosave memory: [mem 0xa7905000-0xa7905fff]
Jul 21 02:26:37 localhost kernel: PM: Registered nosave memory: [mem 0xa7916000-0xa7916fff]
Jul 21 02:26:37 localhost kernel: PM: Registered nosave memory: [mem 0xa7917000-0xa7917fff]
Jul 21 02:26:37 localhost kernel: PM: Registered nosave memory: [mem 0xa7927000-0xa7927fff]
Jul 21 02:26:37 localhost kernel: PM: Registered nosave memory: [mem 0xa7928000-0xa7928fff]
Jul 21 02:26:37 localhost kernel: PM: Registered nosave memory: [mem 0xa7949000-0xa7949fff]
Jul 21 02:26:37 localhost kernel: PM: Registered nosave memory: [mem 0xa87c5000-0xa87cbfff]
Jul 21 02:26:37 localhost kernel: PM: Registered nosave memory: [mem 0xa8c2f000-0xa908dfff]
Jul 21 02:26:37 localhost kernel: PM: Registered nosave memory: [mem 0xc8ab4000-0xc8b1dfff]
Jul 21 02:26:37 localhost kernel: PM: Registered nosave memory: [mem 0xc8b1e000-0xc8b3bfff]
Jul 21 02:26:37 localhost kernel: PM: Registered nosave memory: [mem 0xc8b3c000-0xc905ffff]
Jul 21 02:26:37 localhost kernel: PM: Registered nosave memory: [mem 0xc9060000-0xc9ffefff]
Jul 21 02:26:37 localhost kernel: PM: Registered nosave memory: [mem 0xca000000-0xcaffffff]
Jul 21 02:26:37 localhost kernel: PM: Registered nosave memory: [mem 0xcb000000-0xcf1fffff]
Jul 21 02:26:37 localhost kernel: PM: Registered nosave memory: [mem 0xcf200000-0xf7ffffff]
Jul 21 02:26:37 localhost kernel: PM: Registered nosave memory: [mem 0xf8000000-0xfbffffff]
Jul 21 02:26:37 localhost kernel: PM: Registered nosave memory: [mem 0xfc000000-0xfebfffff]
Jul 21 02:26:37 localhost kernel: PM: Registered nosave memory: [mem 0xfec00000-0xfec00fff]
Jul 21 02:26:37 localhost kernel: PM: Registered nosave memory: [mem 0xfec01000-0xfecfffff]
Jul 21 02:26:37 localhost kernel: PM: Registered nosave memory: [mem 0xfed00000-0xfed03fff]
Jul 21 02:26:37 localhost kernel: PM: Registered nosave memory: [mem 0xfed04000-0xfed1bfff]
Jul 21 02:26:37 localhost kernel: PM: Registered nosave memory: [mem 0xfed1c000-0xfed1ffff]
Jul 21 02:26:37 localhost kernel: PM: Registered nosave memory: [mem 0xfed20000-0xfedfffff]
Jul 21 02:26:37 localhost kernel: PM: Registered nosave memory: [mem 0xfee00000-0xfee00fff]
Jul 21 02:26:37 localhost kernel: PM: Registered nosave memory: [mem 0xfee01000-0xfeffffff]
Jul 21 02:26:37 localhost kernel: PM: Registered nosave memory: [mem 0xff000000-0xffffffff]
Jul 21 02:26:37 localhost kernel: e820: [mem 0xcf200000-0xf7ffffff] available for PCI devices
Jul 21 02:26:37 localhost kernel: Booting paravirtualized kernel on bare hardware
Jul 21 02:26:37 localhost kernel: clocksource: refined-jiffies: mask: 0xffffffff max_cycles: 0xffffffff, max_idle_ns: 6370452778343963 ns
Jul 21 02:26:37 localhost kernel: setup_percpu: NR_CPUS:128 nr_cpumask_bits:128 nr_cpu_ids:4 nr_node_ids:1
Jul 21 02:26:37 localhost kernel: percpu: Embedded 32 pages/cpu @ffff88022fa00000 s93464 r8192 d29416 u524288
Jul 21 02:26:37 localhost kernel: pcpu-alloc: s93464 r8192 d29416 u524288 alloc=1*2097152
Jul 21 02:26:37 localhost kernel: pcpu-alloc: [0] 0 1 2 3 
Jul 21 02:26:37 localhost kernel: Built 1 zonelists in Node order, mobility grouping on.  Total pages: 2033090
Jul 21 02:26:37 localhost kernel: Policy zone: Normal
Jul 21 02:26:37 localhost kernel: Kernel command line: initrd=\intel-ucode.img initrd=\initramfs-linux.img root=PARTUUID=22d511b2-774e-4a5f-9cdc-6258f45f802c rw nouveau.nofbaccel=1
Jul 21 02:26:37 localhost kernel: PID hash table entries: 4096 (order: 3, 32768 bytes)
Jul 21 02:26:37 localhost kernel: Calgary: detecting Calgary via BIOS EBDA area
Jul 21 02:26:37 localhost kernel: Calgary: Unable to locate Rio Grande table in EBDA - bailing!
Jul 21 02:26:37 localhost kernel: Memory: 7811840K/8261552K available (5935K kernel code, 974K rwdata, 1796K rodata, 1224K init, 1152K bss, 449712K reserved, 0K cma-reserved)
Jul 21 02:26:37 localhost kernel: SLUB: HWalign=64, Order=0-3, MinObjects=0, CPUs=4, Nodes=1
Jul 21 02:26:37 localhost kernel: Preemptible hierarchical RCU implementation.
Jul 21 02:26:37 localhost kernel:         Build-time adjustment of leaf fanout to 64.
Jul 21 02:26:37 localhost kernel:         RCU restricting CPUs from NR_CPUS=128 to nr_cpu_ids=4.
Jul 21 02:26:37 localhost kernel: RCU: Adjusting geometry for rcu_fanout_leaf=64, nr_cpu_ids=4
Jul 21 02:26:37 localhost kernel: NR_IRQS:8448 nr_irqs:456 16
Jul 21 02:26:37 localhost kernel: Console: colour dummy device 80x25
Jul 21 02:26:37 localhost kernel: console [tty0] enabled
Jul 21 02:26:37 localhost kernel: clocksource: hpet: mask: 0xffffffff max_cycles: 0xffffffff, max_idle_ns: 133484882848 ns
Jul 21 02:26:37 localhost kernel: hpet clockevent registered
Jul 21 02:26:37 localhost kernel: tsc: Fast TSC calibration using PIT
Jul 21 02:26:37 localhost kernel: tsc: Detected 3397.986 MHz processor
Jul 21 02:26:37 localhost kernel: Calibrating delay loop (skipped), value calculated using timer frequency.. 6798.13 BogoMIPS (lpj=11326620)
Jul 21 02:26:37 localhost kernel: pid_max: default: 32768 minimum: 301
Jul 21 02:26:37 localhost kernel: ACPI: Core revision 20160108
Jul 21 02:26:37 localhost kernel: ACPI: 6 ACPI AML tables successfully acquired and loaded
Jul 21 02:26:37 localhost kernel: 
Jul 21 02:26:37 localhost kernel: Security Framework initialized
Jul 21 02:26:37 localhost kernel: Yama: becoming mindful.
Jul 21 02:26:37 localhost kernel: Dentry cache hash table entries: 1048576 (order: 11, 8388608 bytes)
Jul 21 02:26:37 localhost kernel: Inode-cache hash table entries: 524288 (order: 10, 4194304 bytes)
Jul 21 02:26:37 localhost kernel: Mount-cache hash table entries: 16384 (order: 5, 131072 bytes)
Jul 21 02:26:37 localhost kernel: Mountpoint-cache hash table entries: 16384 (order: 5, 131072 bytes)
Jul 21 02:26:37 localhost kernel: CPU: Physical Processor ID: 0
Jul 21 02:26:37 localhost kernel: CPU: Processor Core ID: 0
Jul 21 02:26:37 localhost kernel: ENERGY_PERF_BIAS: Set to 'normal', was 'performance'
Jul 21 02:26:37 localhost kernel: ENERGY_PERF_BIAS: View and update with x86_energy_perf_policy(8)
Jul 21 02:26:37 localhost kernel: mce: CPU supports 9 MCE banks
Jul 21 02:26:37 localhost kernel: CPU0: Thermal monitoring enabled (TM1)
Jul 21 02:26:37 localhost kernel: process: using mwait in idle threads
Jul 21 02:26:37 localhost kernel: Last level iTLB entries: 4KB 1024, 2MB 1024, 4MB 1024
Jul 21 02:26:37 localhost kernel: Last level dTLB entries: 4KB 1024, 2MB 1024, 4MB 1024, 1GB 4
Jul 21 02:26:37 localhost kernel: Freeing SMP alternatives memory: 24K (ffffffff81a27000 - ffffffff81a2d000)
Jul 21 02:26:37 localhost kernel: ftrace: allocating 23494 entries in 92 pages
Jul 21 02:26:37 localhost kernel: smpboot: Max logical packages: 1
Jul 21 02:26:37 localhost kernel: smpboot: APIC(0) Converting physical 0 to logical package 0
Jul 21 02:26:37 localhost kernel: ..TIMER: vector=0x30 apic1=0 pin1=2 apic2=0 pin2=0
Jul 21 02:26:37 localhost kernel: TSC deadline timer enabled
Jul 21 02:26:37 localhost kernel: smpboot: CPU0: Intel(R) Core(TM) i5-4670K CPU @ 3.40GHz (family: 0x6, model: 0x3c, stepping: 0x3)
Jul 21 02:26:37 localhost kernel: Performance Events: PEBS fmt2+, 16-deep LBR, Haswell events, full-width counters, Intel PMU driver.
Jul 21 02:26:37 localhost kernel: ... version:                3
Jul 21 02:26:37 localhost kernel: ... bit width:              48
Jul 21 02:26:37 localhost kernel: ... generic registers:      8
Jul 21 02:26:37 localhost kernel: ... value mask:             0000ffffffffffff
Jul 21 02:26:37 localhost kernel: ... max period:             0000ffffffffffff
Jul 21 02:26:37 localhost kernel: ... fixed-purpose events:   3
Jul 21 02:26:37 localhost kernel: ... event mask:             00000007000000ff
Jul 21 02:26:37 localhost kernel: NMI watchdog: enabled on all CPUs, permanently consumes one hw-PMU counter.
Jul 21 02:26:37 localhost kernel: x86: Booting SMP configuration:
Jul 21 02:26:37 localhost kernel: .... node  #0, CPUs:      #1 #2 #3
Jul 21 02:26:37 localhost kernel: x86: Booted up 1 node, 4 CPUs
Jul 21 02:26:37 localhost kernel: smpboot: Total of 4 processors activated (27197.87 BogoMIPS)
Jul 21 02:26:37 localhost kernel: devtmpfs: initialized
Jul 21 02:26:37 localhost kernel: x86/mm: Memory block size: 128MB
Jul 21 02:26:37 localhost kernel: PM: Registering ACPI NVS region [mem 0xa87c5000-0xa87cbfff] (28672 bytes)
Jul 21 02:26:37 localhost kernel: PM: Registering ACPI NVS region [mem 0xc8b3c000-0xc905ffff] (5390336 bytes)
Jul 21 02:26:37 localhost kernel: clocksource: jiffies: mask: 0xffffffff max_cycles: 0xffffffff, max_idle_ns: 6370867519511994 ns
Jul 21 02:26:37 localhost kernel: pinctrl core: initialized pinctrl subsystem
Jul 21 02:26:37 localhost kernel: RTC time:  9:26:32, date: 07/21/16
Jul 21 02:26:37 localhost kernel: NET: Registered protocol family 16
Jul 21 02:26:37 localhost kernel: cpuidle: using governor ladder
Jul 21 02:26:37 localhost kernel: cpuidle: using governor menu
Jul 21 02:26:37 localhost kernel: ACPI FADT declares the system doesn't support PCIe ASPM, so disable it
Jul 21 02:26:37 localhost kernel: ACPI: bus type PCI registered
Jul 21 02:26:37 localhost kernel: acpiphp: ACPI Hot Plug PCI Controller Driver version: 0.5
Jul 21 02:26:37 localhost kernel: PCI: MMCONFIG for domain 0000 [bus 00-3f] at [mem 0xf8000000-0xfbffffff] (base 0xf8000000)
Jul 21 02:26:37 localhost kernel: PCI: MMCONFIG at [mem 0xf8000000-0xfbffffff] reserved in E820
Jul 21 02:26:37 localhost kernel: pmd_set_huge: Cannot satisfy [mem 0xf8000000-0xf8200000] with a huge-page mapping due to MTRR override.
Jul 21 02:26:37 localhost kernel: PCI: Using configuration type 1 for base access
Jul 21 02:26:37 localhost kernel: core: PMU erratum BJ122, BV98, HSD29 workaround disabled, HT off
Jul 21 02:26:37 localhost kernel: NMI watchdog: enabled on all CPUs, permanently consumes one hw-PMU counter.
Jul 21 02:26:37 localhost kernel: HugeTLB registered 1 GB page size, pre-allocated 0 pages
Jul 21 02:26:37 localhost kernel: HugeTLB registered 2 MB page size, pre-allocated 0 pages
Jul 21 02:26:37 localhost kernel: ACPI: Added _OSI(Module Device)
Jul 21 02:26:37 localhost kernel: ACPI: Added _OSI(Processor Device)
Jul 21 02:26:37 localhost kernel: ACPI: Added _OSI(3.0 _SCP Extensions)
Jul 21 02:26:37 localhost kernel: ACPI: Added _OSI(Processor Aggregator Device)
Jul 21 02:26:37 localhost kernel: ACPI: Executed 4 blocks of module-level executable AML code
Jul 21 02:26:37 localhost kernel: ACPI: Dynamic OEM Table Load:
Jul 21 02:26:37 localhost kernel: ACPI: SSDT 0xFFFF880225EF4800 0003D3 (v01 PmRef  Cpu0Cst  00003001 INTL 20051117)
Jul 21 02:26:37 localhost kernel: ACPI: Dynamic OEM Table Load:
Jul 21 02:26:37 localhost kernel: ACPI: SSDT 0xFFFF880225ED0800 0005AA (v01 PmRef  ApIst    00003000 INTL 20051117)
Jul 21 02:26:37 localhost kernel: ACPI: Dynamic OEM Table Load:
Jul 21 02:26:37 localhost kernel: ACPI: SSDT 0xFFFF880225EC5200 000119 (v01 PmRef  ApCst    00003000 INTL 20051117)
Jul 21 02:26:37 localhost kernel: ACPI: Interpreter enabled
Jul 21 02:26:37 localhost kernel: ACPI: (supports S0 S3 S4 S5)
Jul 21 02:26:37 localhost kernel: ACPI: Using IOAPIC for interrupt routing
Jul 21 02:26:37 localhost kernel: PCI: Using host bridge windows from ACPI; if necessary, use "pci=nocrs" and report a bug
Jul 21 02:26:37 localhost kernel: ACPI: Power Resource [PG00] (on)
Jul 21 02:26:37 localhost kernel: ACPI: Power Resource [PG01] (on)
Jul 21 02:26:37 localhost kernel: ACPI: Power Resource [PG02] (on)
Jul 21 02:26:37 localhost kernel: ACPI: Power Resource [FN00] (off)
Jul 21 02:26:37 localhost kernel: ACPI: Power Resource [FN01] (off)
Jul 21 02:26:37 localhost kernel: ACPI: Power Resource [FN02] (off)
Jul 21 02:26:37 localhost kernel: ACPI: Power Resource [FN03] (off)
Jul 21 02:26:37 localhost kernel: ACPI: Power Resource [FN04] (off)
Jul 21 02:26:37 localhost kernel: ACPI: PCI Root Bridge [PCI0] (domain 0000 [bus 00-3e])
Jul 21 02:26:37 localhost kernel: acpi PNP0A08:00: _OSC: OS supports [ExtendedConfig ASPM ClockPM Segments MSI]
Jul 21 02:26:38 localhost kernel: acpi PNP0A08:00: _OSC: platform does not support [PCIeHotplug PME]
Jul 21 02:26:38 localhost kernel: acpi PNP0A08:00: _OSC: OS now controls [AER PCIeCapability]
Jul 21 02:26:38 localhost kernel: acpi PNP0A08:00: FADT indicates ASPM is unsupported, using BIOS configuration
Jul 21 02:26:38 localhost kernel: PCI host bridge to bus 0000:00
Jul 21 02:26:38 localhost kernel: pci_bus 0000:00: root bus resource [io  0x0000-0x0cf7 window]
Jul 21 02:26:38 localhost kernel: pci_bus 0000:00: root bus resource [io  0x0d00-0xffff window]
Jul 21 02:26:38 localhost kernel: pci_bus 0000:00: root bus resource [mem 0x000a0000-0x000bffff window]
Jul 21 02:26:38 localhost kernel: pci_bus 0000:00: root bus resource [mem 0x000d0000-0x000d3fff window]
Jul 21 02:26:38 localhost kernel: pci_bus 0000:00: root bus resource [mem 0x000d4000-0x000d7fff window]
Jul 21 02:26:38 localhost kernel: pci_bus 0000:00: root bus resource [mem 0x000d8000-0x000dbfff window]
Jul 21 02:26:38 localhost kernel: pci_bus 0000:00: root bus resource [mem 0x000dc000-0x000dffff window]
Jul 21 02:26:38 localhost kernel: pci_bus 0000:00: root bus resource [mem 0xcf200000-0xfeafffff window]
Jul 21 02:26:38 localhost kernel: pci_bus 0000:00: root bus resource [bus 00-3e]
Jul 21 02:26:38 localhost kernel: pci 0000:00:00.0: [8086:0c00] type 00 class 0x060000
Jul 21 02:26:38 localhost kernel: pci 0000:00:01.0: [8086:0c01] type 01 class 0x060400
Jul 21 02:26:38 localhost kernel: pci 0000:00:01.0: PME# supported from D0 D3hot D3cold
Jul 21 02:26:38 localhost kernel: pci 0000:00:01.0: System wakeup disabled by ACPI
Jul 21 02:26:38 localhost kernel: pci 0000:00:02.0: [8086:0412] type 00 class 0x038000
Jul 21 02:26:38 localhost kernel: pci 0000:00:02.0: reg 0x10: [mem 0xf7400000-0xf77fffff 64bit]
Jul 21 02:26:38 localhost kernel: pci 0000:00:02.0: reg 0x18: [mem 0xd0000000-0xdfffffff 64bit pref]
Jul 21 02:26:38 localhost kernel: pci 0000:00:02.0: reg 0x20: [io  0xf000-0xf03f]
Jul 21 02:26:38 localhost kernel: pci 0000:00:03.0: [8086:0c0c] type 00 class 0x040300
Jul 21 02:26:38 localhost kernel: pci 0000:00:03.0: reg 0x10: [mem 0xf7b34000-0xf7b37fff 64bit]
Jul 21 02:26:38 localhost kernel: pci 0000:00:14.0: [8086:8cb1] type 00 class 0x0c0330
Jul 21 02:26:38 localhost kernel: pci 0000:00:14.0: reg 0x10: [mem 0xf7b20000-0xf7b2ffff 64bit]
Jul 21 02:26:38 localhost kernel: pci 0000:00:14.0: PME# supported from D3hot D3cold
Jul 21 02:26:38 localhost kernel: pci 0000:00:14.0: System wakeup disabled by ACPI
Jul 21 02:26:38 localhost kernel: pci 0000:00:16.0: [8086:8cba] type 00 class 0x078000
Jul 21 02:26:38 localhost kernel: pci 0000:00:16.0: reg 0x10: [mem 0xf7b3e000-0xf7b3e00f 64bit]
Jul 21 02:26:38 localhost kernel: pci 0000:00:16.0: PME# supported from D0 D3hot D3cold
Jul 21 02:26:38 localhost kernel: pci 0000:00:19.0: [8086:15a1] type 00 class 0x020000
Jul 21 02:26:38 localhost kernel: pci 0000:00:19.0: reg 0x10: [mem 0xf7b00000-0xf7b1ffff]
Jul 21 02:26:38 localhost kernel: pci 0000:00:19.0: reg 0x14: [mem 0xf7b3c000-0xf7b3cfff]
Jul 21 02:26:38 localhost kernel: pci 0000:00:19.0: reg 0x18: [io  0xf080-0xf09f]
Jul 21 02:26:38 localhost kernel: pci 0000:00:19.0: PME# supported from D0 D3hot D3cold
Jul 21 02:26:38 localhost kernel: pci 0000:00:19.0: System wakeup disabled by ACPI
Jul 21 02:26:38 localhost kernel: pci 0000:00:1a.0: [8086:8cad] type 00 class 0x0c0320
Jul 21 02:26:38 localhost kernel: pci 0000:00:1a.0: reg 0x10: [mem 0xf7b3b000-0xf7b3b3ff]
Jul 21 02:26:38 localhost kernel: pci 0000:00:1a.0: PME# supported from D0 D3hot D3cold
Jul 21 02:26:38 localhost kernel: pci 0000:00:1a.0: System wakeup disabled by ACPI
Jul 21 02:26:38 localhost kernel: pci 0000:00:1b.0: [8086:8ca0] type 00 class 0x040300
Jul 21 02:26:38 localhost kernel: pci 0000:00:1b.0: reg 0x10: [mem 0xf7b30000-0xf7b33fff 64bit]
Jul 21 02:26:38 localhost kernel: pci 0000:00:1b.0: PME# supported from D0 D3hot D3cold
Jul 21 02:26:38 localhost kernel: pci 0000:00:1b.0: System wakeup disabled by ACPI
Jul 21 02:26:38 localhost kernel: pci 0000:00:1c.0: [8086:8c90] type 01 class 0x060400
Jul 21 02:26:38 localhost kernel: pci 0000:00:1c.0: PME# supported from D0 D3hot D3cold
Jul 21 02:26:38 localhost kernel: pci 0000:00:1c.0: System wakeup disabled by ACPI
Jul 21 02:26:38 localhost kernel: pci 0000:00:1c.3: [8086:8c96] type 01 class 0x060400
Jul 21 02:26:38 localhost kernel: pci 0000:00:1c.3: PME# supported from D0 D3hot D3cold
Jul 21 02:26:38 localhost kernel: pci 0000:00:1c.3: System wakeup disabled by ACPI
Jul 21 02:26:38 localhost kernel: pci 0000:00:1d.0: [8086:8ca6] type 00 class 0x0c0320
Jul 21 02:26:38 localhost kernel: pci 0000:00:1d.0: reg 0x10: [mem 0xf7b3a000-0xf7b3a3ff]
Jul 21 02:26:38 localhost kernel: pci 0000:00:1d.0: PME# supported from D0 D3hot D3cold
Jul 21 02:26:38 localhost kernel: pci 0000:00:1d.0: System wakeup disabled by ACPI
Jul 21 02:26:38 localhost kernel: pci 0000:00:1f.0: [8086:8cc4] type 00 class 0x060100
Jul 21 02:26:38 localhost kernel: pci 0000:00:1f.2: [8086:8c82] type 00 class 0x010601
Jul 21 02:26:38 localhost kernel: pci 0000:00:1f.2: reg 0x10: [io  0xf0d0-0xf0d7]
Jul 21 02:26:38 localhost kernel: pci 0000:00:1f.2: reg 0x14: [io  0xf0c0-0xf0c3]
Jul 21 02:26:38 localhost kernel: pci 0000:00:1f.2: reg 0x18: [io  0xf0b0-0xf0b7]
Jul 21 02:26:38 localhost kernel: pci 0000:00:1f.2: reg 0x1c: [io  0xf0a0-0xf0a3]
Jul 21 02:26:38 localhost kernel: pci 0000:00:1f.2: reg 0x20: [io  0xf060-0xf07f]
Jul 21 02:26:38 localhost kernel: pci 0000:00:1f.2: reg 0x24: [mem 0xf7b39000-0xf7b397ff]
Jul 21 02:26:38 localhost kernel: pci 0000:00:1f.2: PME# supported from D3hot
Jul 21 02:26:38 localhost kernel: pci 0000:00:1f.3: [8086:8ca2] type 00 class 0x0c0500
Jul 21 02:26:38 localhost kernel: pci 0000:00:1f.3: reg 0x10: [mem 0xf7b38000-0xf7b380ff 64bit]
Jul 21 02:26:38 localhost kernel: pci 0000:00:1f.3: reg 0x20: [io  0xf040-0xf05f]
Jul 21 02:26:38 localhost kernel: pci 0000:01:00.0: [10de:13c2] type 00 class 0x030000
Jul 21 02:26:38 localhost kernel: pci 0000:01:00.0: reg 0x10: [mem 0xf6000000-0xf6ffffff]
Jul 21 02:26:38 localhost kernel: pci 0000:01:00.0: reg 0x14: [mem 0xe0000000-0xefffffff 64bit pref]
Jul 21 02:26:38 localhost kernel: pci 0000:01:00.0: reg 0x1c: [mem 0xf0000000-0xf1ffffff 64bit pref]
Jul 21 02:26:38 localhost kernel: pci 0000:01:00.0: reg 0x24: [io  0xe000-0xe07f]
Jul 21 02:26:38 localhost kernel: pci 0000:01:00.0: reg 0x30: [mem 0xf7000000-0xf707ffff pref]
Jul 21 02:26:38 localhost kernel: pci 0000:01:00.0: System wakeup disabled by ACPI
Jul 21 02:26:38 localhost kernel: pci 0000:01:00.1: [10de:0fbb] type 00 class 0x040300
Jul 21 02:26:38 localhost kernel: pci 0000:01:00.1: reg 0x10: [mem 0xf7080000-0xf7083fff]
Jul 21 02:26:38 localhost kernel: pci 0000:00:01.0: PCI bridge to [bus 01]
Jul 21 02:26:38 localhost kernel: pci 0000:00:01.0:   bridge window [io  0xe000-0xefff]
Jul 21 02:26:38 localhost kernel: pci 0000:00:01.0:   bridge window [mem 0xf6000000-0xf70fffff]
Jul 21 02:26:38 localhost kernel: pci 0000:00:01.0:   bridge window [mem 0xe0000000-0xf1ffffff 64bit pref]
Jul 21 02:26:38 localhost kernel: acpiphp: Slot [1] registered
Jul 21 02:26:38 localhost kernel: pci 0000:00:1c.0: PCI bridge to [bus 02]
Jul 21 02:26:38 localhost kernel: pci 0000:03:00.0: [14e4:43b1] type 00 class 0x028000
Jul 21 02:26:38 localhost kernel: pci 0000:03:00.0: reg 0x10: [mem 0xf7a00000-0xf7a07fff 64bit]
Jul 21 02:26:38 localhost kernel: pci 0000:03:00.0: reg 0x18: [mem 0xf7800000-0xf79fffff 64bit]
Jul 21 02:26:38 localhost kernel: pci 0000:03:00.0: supports D1 D2
Jul 21 02:26:38 localhost kernel: pci 0000:03:00.0: PME# supported from D0 D1 D2 D3hot D3cold
Jul 21 02:26:38 localhost kernel: pci 0000:03:00.0: System wakeup disabled by ACPI
Jul 21 02:26:38 localhost kernel: pci 0000:00:1c.3: PCI bridge to [bus 03]
Jul 21 02:26:38 localhost kernel: pci 0000:00:1c.3:   bridge window [mem 0xf7800000-0xf7afffff]
Jul 21 02:26:38 localhost kernel: ACPI: PCI Interrupt Link [LNKA] (IRQs 3 4 5 6 7 10 *11 12 14 15)
Jul 21 02:26:38 localhost kernel: ACPI: PCI Interrupt Link [LNKB] (IRQs 3 4 5 6 7 *10 11 12 14 15)
Jul 21 02:26:38 localhost kernel: ACPI: PCI Interrupt Link [LNKC] (IRQs 3 4 5 *6 7 10 11 12 14 15)
Jul 21 02:26:38 localhost kernel: ACPI: PCI Interrupt Link [LNKD] (IRQs 3 4 *5 6 7 10 11 12 14 15)
Jul 21 02:26:38 localhost kernel: ACPI: PCI Interrupt Link [LNKE] (IRQs *3 4 5 6 7 10 11 12 14 15)
Jul 21 02:26:38 localhost kernel: ACPI: PCI Interrupt Link [LNKF] (IRQs 3 4 5 6 7 10 11 12 14 *15)
Jul 21 02:26:38 localhost kernel: ACPI: PCI Interrupt Link [LNKG] (IRQs 3 *4 5 6 7 10 11 12 14 15)
Jul 21 02:26:38 localhost kernel: ACPI: PCI Interrupt Link [LNKH] (IRQs 3 4 5 6 7 10 11 12 *14 15)
Jul 21 02:26:38 localhost kernel: ACPI: Enabled 6 GPEs in block 00 to 3F
Jul 21 02:26:38 localhost kernel: vgaarb: setting as boot device: PCI:0000:01:00.0
Jul 21 02:26:38 localhost kernel: vgaarb: device added: PCI:0000:01:00.0,decodes=io+mem,owns=io+mem,locks=none
Jul 21 02:26:38 localhost kernel: vgaarb: loaded
Jul 21 02:26:38 localhost kernel: vgaarb: bridge control possible 0000:01:00.0
Jul 21 02:26:38 localhost kernel: PCI: Using ACPI for IRQ routing
Jul 21 02:26:38 localhost kernel: PCI: pci_cache_line_size set to 64 bytes
Jul 21 02:26:38 localhost kernel: e820: reserve RAM buffer [mem 0x00058000-0x0005ffff]
Jul 21 02:26:38 localhost kernel: e820: reserve RAM buffer [mem 0x0009f000-0x0009ffff]
Jul 21 02:26:38 localhost kernel: e820: reserve RAM buffer [mem 0xa7905018-0xa7ffffff]
Jul 21 02:26:38 localhost kernel: e820: reserve RAM buffer [mem 0xa7917018-0xa7ffffff]
Jul 21 02:26:38 localhost kernel: e820: reserve RAM buffer [mem 0xa7928018-0xa7ffffff]
Jul 21 02:26:38 localhost kernel: e820: reserve RAM buffer [mem 0xa87c5000-0xabffffff]
Jul 21 02:26:38 localhost kernel: e820: reserve RAM buffer [mem 0xa8c2f000-0xabffffff]
Jul 21 02:26:38 localhost kernel: e820: reserve RAM buffer [mem 0xc8ab4000-0xcbffffff]
Jul 21 02:26:38 localhost kernel: e820: reserve RAM buffer [mem 0xca000000-0xcbffffff]
Jul 21 02:26:38 localhost kernel: e820: reserve RAM buffer [mem 0x22fe00000-0x22fffffff]
Jul 21 02:26:38 localhost kernel: NetLabel: Initializing
Jul 21 02:26:38 localhost kernel: NetLabel:  domain hash size = 128
Jul 21 02:26:38 localhost kernel: NetLabel:  protocols = UNLABELED CIPSOv4
Jul 21 02:26:38 localhost kernel: NetLabel:  unlabeled traffic allowed by default
Jul 21 02:26:38 localhost kernel: hpet0: at MMIO 0xfed00000, IRQs 2, 8, 0, 0, 0, 0, 0, 0
Jul 21 02:26:38 localhost kernel: hpet0: 8 comparators, 64-bit 14.318180 MHz counter
Jul 21 02:26:38 localhost kernel: clocksource: Switched to clocksource hpet
Jul 21 02:26:38 localhost kernel: VFS: Disk quotas dquot_6.6.0
Jul 21 02:26:38 localhost kernel: VFS: Dquot-cache hash table entries: 512 (order 0, 4096 bytes)
Jul 21 02:26:38 localhost kernel: pnp: PnP ACPI init
Jul 21 02:26:38 localhost kernel: system 00:00: [mem 0xfed40000-0xfed44fff] has been reserved
Jul 21 02:26:38 localhost kernel: system 00:00: Plug and Play ACPI device, IDs PNP0c01 (active)
Jul 21 02:26:38 localhost kernel: system 00:01: [io  0x0800-0x087f] has been reserved
Jul 21 02:26:38 localhost kernel: system 00:01: Plug and Play ACPI device, IDs PNP0c02 (active)
Jul 21 02:26:38 localhost kernel: pnp 00:02: Plug and Play ACPI device, IDs PNP0b00 (active)
Jul 21 02:26:38 localhost kernel: system 00:03: [io  0x1854-0x1857] has been reserved
Jul 21 02:26:38 localhost kernel: system 00:03: Plug and Play ACPI device, IDs INT3f0d PNP0c02 (active)
Jul 21 02:26:38 localhost kernel: system 00:04: [io  0x0290-0x029f] has been reserved
Jul 21 02:26:38 localhost kernel: system 00:04: [io  0x02a0-0x02af] has been reserved
Jul 21 02:26:38 localhost kernel: system 00:04: [io  0x0a00-0x0aff] has been reserved
Jul 21 02:26:38 localhost kernel: system 00:04: Plug and Play ACPI device, IDs PNP0c02 (active)
Jul 21 02:26:38 localhost kernel: system 00:05: [io  0x04d0-0x04d1] has been reserved
Jul 21 02:26:38 localhost kernel: system 00:05: Plug and Play ACPI device, IDs PNP0c02 (active)
Jul 21 02:26:38 localhost kernel: system 00:06: [mem 0xfed1c000-0xfed1ffff] has been reserved
Jul 21 02:26:38 localhost kernel: system 00:06: [mem 0xfed10000-0xfed17fff] has been reserved
Jul 21 02:26:38 localhost kernel: system 00:06: [mem 0xfed18000-0xfed18fff] has been reserved
Jul 21 02:26:38 localhost kernel: system 00:06: [mem 0xfed19000-0xfed19fff] has been reserved
Jul 21 02:26:38 localhost kernel: system 00:06: [mem 0xf8000000-0xfbffffff] has been reserved
Jul 21 02:26:38 localhost kernel: system 00:06: [mem 0xfed20000-0xfed3ffff] has been reserved
Jul 21 02:26:38 localhost kernel: system 00:06: [mem 0xfed90000-0xfed93fff] has been reserved
Jul 21 02:26:38 localhost kernel: system 00:06: [mem 0xfed45000-0xfed8ffff] has been reserved
Jul 21 02:26:38 localhost kernel: system 00:06: [mem 0xff000000-0xffffffff] has been reserved
Jul 21 02:26:38 localhost kernel: system 00:06: [mem 0xfee00000-0xfeefffff] could not be reserved
Jul 21 02:26:38 localhost kernel: system 00:06: [mem 0xf7fe0000-0xf7feffff] has been reserved
Jul 21 02:26:38 localhost kernel: system 00:06: [mem 0xf7ff0000-0xf7ffffff] has been reserved
Jul 21 02:26:38 localhost kernel: system 00:06: Plug and Play ACPI device, IDs PNP0c02 (active)
Jul 21 02:26:38 localhost kernel: pnp: PnP ACPI: found 7 devices
Jul 21 02:26:38 localhost kernel: clocksource: acpi_pm: mask: 0xffffff max_cycles: 0xffffff, max_idle_ns: 2085701024 ns
Jul 21 02:26:38 localhost kernel: pci 0000:00:01.0: PCI bridge to [bus 01]
Jul 21 02:26:38 localhost kernel: pci 0000:00:01.0:   bridge window [io  0xe000-0xefff]
Jul 21 02:26:38 localhost kernel: pci 0000:00:01.0:   bridge window [mem 0xf6000000-0xf70fffff]
Jul 21 02:26:38 localhost kernel: pci 0000:00:01.0:   bridge window [mem 0xe0000000-0xf1ffffff 64bit pref]
Jul 21 02:26:38 localhost kernel: pci 0000:00:1c.0: PCI bridge to [bus 02]
Jul 21 02:26:38 localhost kernel: pci 0000:00:1c.3: PCI bridge to [bus 03]
Jul 21 02:26:38 localhost kernel: pci 0000:00:1c.3:   bridge window [mem 0xf7800000-0xf7afffff]
Jul 21 02:26:38 localhost kernel: pci_bus 0000:00: resource 4 [io  0x0000-0x0cf7 window]
Jul 21 02:26:38 localhost kernel: pci_bus 0000:00: resource 5 [io  0x0d00-0xffff window]
Jul 21 02:26:38 localhost kernel: pci_bus 0000:00: resource 6 [mem 0x000a0000-0x000bffff window]
Jul 21 02:26:38 localhost kernel: pci_bus 0000:00: resource 7 [mem 0x000d0000-0x000d3fff window]
Jul 21 02:26:38 localhost kernel: pci_bus 0000:00: resource 8 [mem 0x000d4000-0x000d7fff window]
Jul 21 02:26:38 localhost kernel: pci_bus 0000:00: resource 9 [mem 0x000d8000-0x000dbfff window]
Jul 21 02:26:38 localhost kernel: pci_bus 0000:00: resource 10 [mem 0x000dc000-0x000dffff window]
Jul 21 02:26:38 localhost kernel: pci_bus 0000:00: resource 11 [mem 0xcf200000-0xfeafffff window]
Jul 21 02:26:38 localhost kernel: pci_bus 0000:01: resource 0 [io  0xe000-0xefff]
Jul 21 02:26:38 localhost kernel: pci_bus 0000:01: resource 1 [mem 0xf6000000-0xf70fffff]
Jul 21 02:26:38 localhost kernel: pci_bus 0000:01: resource 2 [mem 0xe0000000-0xf1ffffff 64bit pref]
Jul 21 02:26:38 localhost kernel: pci_bus 0000:03: resource 1 [mem 0xf7800000-0xf7afffff]
Jul 21 02:26:38 localhost kernel: NET: Registered protocol family 2
Jul 21 02:26:38 localhost kernel: TCP established hash table entries: 65536 (order: 7, 524288 bytes)
Jul 21 02:26:38 localhost kernel: TCP bind hash table entries: 65536 (order: 8, 1048576 bytes)
Jul 21 02:26:38 localhost kernel: TCP: Hash tables configured (established 65536 bind 65536)
Jul 21 02:26:38 localhost kernel: UDP hash table entries: 4096 (order: 5, 131072 bytes)
Jul 21 02:26:38 localhost kernel: UDP-Lite hash table entries: 4096 (order: 5, 131072 bytes)
Jul 21 02:26:38 localhost kernel: NET: Registered protocol family 1
Jul 21 02:26:38 localhost kernel: pci 0000:01:00.0: Video device with shadowed ROM at [mem 0x000c0000-0x000dffff]
Jul 21 02:26:38 localhost kernel: PCI: CLS 64 bytes, default 64
Jul 21 02:26:38 localhost kernel: Unpacking initramfs...
Jul 21 02:26:38 localhost kernel: Freeing initrd memory: 13208K (ffff88007f31a000 - ffff880080000000)
Jul 21 02:26:38 localhost kernel: PCI-DMA: Using software bounce buffering for IO (SWIOTLB)
Jul 21 02:26:38 localhost kernel: software IO TLB [mem 0xb6694000-0xba694000] (64MB) mapped at [ffff8800b6694000-ffff8800ba693fff]
Jul 21 02:26:38 localhost kernel: RAPL PMU: API unit is 2^-32 Joules, 4 fixed counters, 655360 ms ovfl timer
Jul 21 02:26:38 localhost kernel: RAPL PMU: hw unit of domain pp0-core 2^-14 Joules
Jul 21 02:26:38 localhost kernel: RAPL PMU: hw unit of domain package 2^-14 Joules
Jul 21 02:26:38 localhost kernel: RAPL PMU: hw unit of domain dram 2^-14 Joules
Jul 21 02:26:38 localhost kernel: RAPL PMU: hw unit of domain pp1-gpu 2^-14 Joules
Jul 21 02:26:38 localhost kernel: Scanning for low memory corruption every 60 seconds
Jul 21 02:26:38 localhost kernel: futex hash table entries: 1024 (order: 4, 65536 bytes)
Jul 21 02:26:38 localhost kernel: Initialise system trusted keyring
Jul 21 02:26:38 localhost kernel: workingset: timestamp_bits=38 max_order=21 bucket_order=0
Jul 21 02:26:38 localhost kernel: zbud: loaded
Jul 21 02:26:38 localhost kernel: Key type big_key registered
Jul 21 02:26:38 localhost kernel: Block layer SCSI generic (bsg) driver version 0.4 loaded (major 249)
Jul 21 02:26:38 localhost kernel: io scheduler noop registered
Jul 21 02:26:38 localhost kernel: io scheduler deadline registered
Jul 21 02:26:38 localhost kernel: io scheduler cfq registered (default)
Jul 21 02:26:38 localhost kernel: pci_hotplug: PCI Hot Plug PCI Core version: 0.5
Jul 21 02:26:38 localhost kernel: pciehp: PCI Express Hot Plug Controller Driver version: 0.4
Jul 21 02:26:38 localhost kernel: efifb: probing for efifb
Jul 21 02:26:38 localhost kernel: efifb: framebuffer at 0xf1000000, mapped to 0xffffc90001000000, using 8100k, total 8100k
Jul 21 02:26:38 localhost kernel: efifb: mode is 1920x1080x32, linelength=7680, pages=1
Jul 21 02:26:38 localhost kernel: efifb: scrolling: redraw
Jul 21 02:26:38 localhost kernel: efifb: Truecolor: size=8:8:8:8, shift=24:16:8:0
Jul 21 02:26:38 localhost kernel: Console: switching to colour frame buffer device 240x67
Jul 21 02:26:38 localhost kernel: fb0: EFI VGA frame buffer device
Jul 21 02:26:38 localhost kernel: intel_idle: MWAIT substates: 0x42120
Jul 21 02:26:38 localhost kernel: intel_idle: v0.4.1 model 0x3C
Jul 21 02:26:38 localhost kernel: intel_idle: lapic_timer_reliable_states 0xffffffff
Jul 21 02:26:38 localhost kernel: GHES: HEST is not enabled!
Jul 21 02:26:38 localhost kernel: Serial: 8250/16550 driver, 4 ports, IRQ sharing disabled
Jul 21 02:26:38 localhost kernel: Linux agpgart interface v0.103
Jul 21 02:26:38 localhost kernel: rtc_cmos 00:02: RTC can wake from S4
Jul 21 02:26:38 localhost kernel: rtc_cmos 00:02: rtc core: registered rtc_cmos as rtc0
Jul 21 02:26:38 localhost kernel: rtc_cmos 00:02: alarms up to one month, y3k, 242 bytes nvram, hpet irqs
Jul 21 02:26:38 localhost kernel: Intel P-state driver initializing.
Jul 21 02:26:38 localhost kernel: ledtrig-cpu: registered to indicate activity on CPUs
Jul 21 02:26:38 localhost kernel: NET: Registered protocol family 10
Jul 21 02:26:38 localhost kernel: NET: Registered protocol family 17
Jul 21 02:26:38 localhost kernel: microcode: CPU0 sig=0x306c3, pf=0x2, revision=0x20
Jul 21 02:26:38 localhost kernel: microcode: CPU1 sig=0x306c3, pf=0x2, revision=0x20
Jul 21 02:26:38 localhost kernel: microcode: CPU2 sig=0x306c3, pf=0x2, revision=0x20
Jul 21 02:26:38 localhost kernel: microcode: CPU3 sig=0x306c3, pf=0x2, revision=0x20
Jul 21 02:26:38 localhost kernel: microcode: Microcode Update Driver: v2.01 <tigran@aivazian.fsnet.co.uk>, Peter Oruba
Jul 21 02:26:38 localhost kernel: registered taskstats version 1
Jul 21 02:26:38 localhost kernel: Loading compiled-in X.509 certificates
Jul 21 02:26:38 localhost kernel: zswap: loaded using pool lzo/zbud
Jul 21 02:26:38 localhost kernel:   Magic number: 8:910:424
Jul 21 02:26:38 localhost kernel: rtc_cmos 00:02: setting system clock to 2016-07-21 09:26:33 UTC (1469093193)
Jul 21 02:26:38 localhost kernel: PM: Hibernation image not present or could not be loaded.
Jul 21 02:26:38 localhost kernel: Freeing unused kernel memory: 1224K (ffffffff818f5000 - ffffffff81a27000)
Jul 21 02:26:38 localhost kernel: Write protecting the kernel read-only data: 8192k
Jul 21 02:26:38 localhost kernel: Freeing unused kernel memory: 192K (ffff8800015d0000 - ffff880001600000)
Jul 21 02:26:38 localhost kernel: Freeing unused kernel memory: 252K (ffff8800017c1000 - ffff880001800000)
Jul 21 02:26:38 localhost kernel: random: systemd-tmpfile urandom read with 1 bits of entropy available
Jul 21 02:26:38 localhost kernel: i8042: PNP: No PS/2 controller found. Probing ports directly.
Jul 21 02:26:38 localhost kernel: serio: i8042 KBD port at 0x60,0x64 irq 1
Jul 21 02:26:38 localhost kernel: serio: i8042 AUX port at 0x60,0x64 irq 12
Jul 21 02:26:38 localhost kernel: ACPI: bus type USB registered
Jul 21 02:26:38 localhost kernel: usbcore: registered new interface driver usbfs
Jul 21 02:26:38 localhost kernel: usbcore: registered new interface driver hub
Jul 21 02:26:38 localhost kernel: usbcore: registered new device driver usb
Jul 21 02:26:38 localhost kernel: ehci_hcd: USB 2.0 'Enhanced' Host Controller (EHCI) Driver
Jul 21 02:26:38 localhost kernel: ehci-pci: EHCI PCI platform driver
Jul 21 02:26:38 localhost kernel: ehci-pci 0000:00:1a.0: EHCI Host Controller
Jul 21 02:26:38 localhost kernel: ehci-pci 0000:00:1a.0: new USB bus registered, assigned bus number 1
Jul 21 02:26:38 localhost kernel: ehci-pci 0000:00:1a.0: debug port 2
Jul 21 02:26:38 localhost kernel: SCSI subsystem initialized
Jul 21 02:26:38 localhost kernel: libata version 3.00 loaded.
Jul 21 02:26:38 localhost kernel: ehci-pci 0000:00:1a.0: cache line size of 64 is not supported
Jul 21 02:26:38 localhost kernel: ehci-pci 0000:00:1a.0: irq 16, io mem 0xf7b3b000
Jul 21 02:26:38 localhost kernel: ehci-pci 0000:00:1a.0: USB 2.0 started, EHCI 1.00
Jul 21 02:26:38 localhost kernel: hub 1-0:1.0: USB hub found
Jul 21 02:26:38 localhost kernel: hub 1-0:1.0: 2 ports detected
Jul 21 02:26:38 localhost kernel: ehci-pci 0000:00:1d.0: EHCI Host Controller
Jul 21 02:26:38 localhost kernel: ehci-pci 0000:00:1d.0: new USB bus registered, assigned bus number 2
Jul 21 02:26:38 localhost kernel: ehci-pci 0000:00:1d.0: debug port 2
Jul 21 02:26:38 localhost kernel: ehci-pci 0000:00:1d.0: cache line size of 64 is not supported
Jul 21 02:26:38 localhost kernel: ehci-pci 0000:00:1d.0: irq 23, io mem 0xf7b3a000
Jul 21 02:26:38 localhost kernel: ehci-pci 0000:00:1d.0: USB 2.0 started, EHCI 1.00
Jul 21 02:26:38 localhost kernel: hub 2-0:1.0: USB hub found
Jul 21 02:26:38 localhost kernel: hub 2-0:1.0: 2 ports detected
Jul 21 02:26:38 localhost kernel: xhci_hcd 0000:00:14.0: xHCI Host Controller
Jul 21 02:26:38 localhost kernel: xhci_hcd 0000:00:14.0: new USB bus registered, assigned bus number 3
Jul 21 02:26:38 localhost kernel: xhci_hcd 0000:00:14.0: hcc params 0x200077c1 hci version 0x100 quirks 0x00009810
Jul 21 02:26:38 localhost kernel: xhci_hcd 0000:00:14.0: cache line size of 64 is not supported
Jul 21 02:26:38 localhost kernel: hub 3-0:1.0: USB hub found
Jul 21 02:26:38 localhost kernel: hub 3-0:1.0: 14 ports detected
Jul 21 02:26:38 localhost kernel: xhci_hcd 0000:00:14.0: xHCI Host Controller
Jul 21 02:26:38 localhost kernel: xhci_hcd 0000:00:14.0: new USB bus registered, assigned bus number 4
Jul 21 02:26:38 localhost kernel: hub 4-0:1.0: USB hub found
Jul 21 02:26:38 localhost kernel: hub 4-0:1.0: 6 ports detected
Jul 21 02:26:38 localhost kernel: ahci 0000:00:1f.2: version 3.0
Jul 21 02:26:38 localhost kernel: ahci 0000:00:1f.2: AHCI 0001.0300 32 slots 6 ports 6 Gbps 0x3 impl SATA mode
Jul 21 02:26:38 localhost kernel: ahci 0000:00:1f.2: flags: 64bit ncq led clo pio slum part ems apst 
Jul 21 02:26:38 localhost kernel: scsi host0: ahci
Jul 21 02:26:38 localhost kernel: scsi host1: ahci
Jul 21 02:26:38 localhost kernel: scsi host2: ahci
Jul 21 02:26:38 localhost kernel: scsi host3: ahci
Jul 21 02:26:38 localhost kernel: scsi host4: ahci
Jul 21 02:26:38 localhost kernel: scsi host5: ahci
Jul 21 02:26:38 localhost kernel: ata1: SATA max UDMA/133 abar m2048@0xf7b39000 port 0xf7b39100 irq 26
Jul 21 02:26:38 localhost kernel: ata2: SATA max UDMA/133 abar m2048@0xf7b39000 port 0xf7b39180 irq 26
Jul 21 02:26:38 localhost kernel: ata3: DUMMY
Jul 21 02:26:38 localhost kernel: ata4: DUMMY
Jul 21 02:26:38 localhost kernel: ata5: DUMMY
Jul 21 02:26:38 localhost kernel: ata6: DUMMY
Jul 21 02:26:38 localhost kernel: usb 4-2: new SuperSpeed USB device number 2 using xhci_hcd
Jul 21 02:26:38 localhost kernel: usb-storage 4-2:1.0: USB Mass Storage device detected
Jul 21 02:26:38 localhost kernel: scsi host6: usb-storage 4-2:1.0
Jul 21 02:26:38 localhost kernel: usbcore: registered new interface driver usb-storage
Jul 21 02:26:38 localhost kernel: usbcore: registered new interface driver uas
Jul 21 02:26:38 localhost kernel: usb 1-1: new high-speed USB device number 2 using ehci-pci
Jul 21 02:26:38 localhost kernel: usb 2-1: new high-speed USB device number 2 using ehci-pci
Jul 21 02:26:38 localhost kernel: ata2: SATA link up 6.0 Gbps (SStatus 133 SControl 300)
Jul 21 02:26:38 localhost kernel: ata1: SATA link up 6.0 Gbps (SStatus 133 SControl 300)
Jul 21 02:26:38 localhost kernel: ata2.00: ATA-9: TS256GSSD370S, N1114H, max UDMA/133
Jul 21 02:26:38 localhost kernel: ata2.00: 500118192 sectors, multi 2: LBA48 NCQ (depth 31/32), AA
Jul 21 02:26:38 localhost kernel: ata1.00: supports DRM functions and may not be fully accessible
Jul 21 02:26:38 localhost kernel: ata2.00: configured for UDMA/133
Jul 21 02:26:38 localhost kernel: ata1.00: disabling queued TRIM support
Jul 21 02:26:38 localhost kernel: ata1.00: ATA-9: Samsung SSD 850 EVO 250GB, EMT02B6Q, max UDMA/133
Jul 21 02:26:38 localhost kernel: ata1.00: 488397168 sectors, multi 1: LBA48 NCQ (depth 31/32), AA
Jul 21 02:26:38 localhost kernel: ata1.00: supports DRM functions and may not be fully accessible
Jul 21 02:26:38 localhost kernel: ata1.00: disabling queued TRIM support
Jul 21 02:26:38 localhost kernel: ata1.00: configured for UDMA/133
Jul 21 02:26:38 localhost kernel: scsi 0:0:0:0: Direct-Access     ATA      Samsung SSD 850  2B6Q PQ: 0 ANSI: 5
Jul 21 02:26:38 localhost kernel: scsi 1:0:0:0: Direct-Access     ATA      TS256GSSD370S    4H   PQ: 0 ANSI: 5
Jul 21 02:26:38 localhost kernel: usb 3-3: new full-speed USB device number 2 using xhci_hcd
Jul 21 02:26:38 localhost kernel: sd 0:0:0:0: [sda] 488397168 512-byte logical blocks: (250 GB/233 GiB)
Jul 21 02:26:38 localhost kernel: sd 1:0:0:0: [sdb] 500118192 512-byte logical blocks: (256 GB/238 GiB)
Jul 21 02:26:38 localhost kernel: sd 1:0:0:0: [sdb] Write Protect is off
Jul 21 02:26:38 localhost kernel: sd 1:0:0:0: [sdb] Mode Sense: 00 3a 00 00
Jul 21 02:26:38 localhost kernel: sd 0:0:0:0: [sda] Write Protect is off
Jul 21 02:26:38 localhost kernel: sd 0:0:0:0: [sda] Mode Sense: 00 3a 00 00
Jul 21 02:26:38 localhost kernel: sd 1:0:0:0: [sdb] Write cache: enabled, read cache: enabled, doesn't support DPO or FUA
Jul 21 02:26:38 localhost kernel: sd 0:0:0:0: [sda] Write cache: enabled, read cache: enabled, doesn't support DPO or FUA
Jul 21 02:26:38 localhost kernel:  sdb: sdb1 sdb2 sdb3 sdb4
Jul 21 02:26:38 localhost kernel: sd 1:0:0:0: [sdb] Attached SCSI disk
Jul 21 02:26:38 localhost kernel:  sda: sda1 sda2
Jul 21 02:26:38 localhost kernel: sd 0:0:0:0: [sda] Attached SCSI disk
Jul 21 02:26:38 localhost kernel: hub 1-1:1.0: USB hub found
Jul 21 02:26:38 localhost kernel: hub 1-1:1.0: 6 ports detected
Jul 21 02:26:38 localhost kernel: hub 2-1:1.0: USB hub found
Jul 21 02:26:38 localhost kernel: hub 2-1:1.0: 8 ports detected
Jul 21 02:26:38 localhost kernel: hidraw: raw HID events driver (C) Jiri Kosina
Jul 21 02:26:38 localhost kernel: usbcore: registered new interface driver usbhid
Jul 21 02:26:38 localhost kernel: usbhid: USB HID core driver
Jul 21 02:26:38 localhost kernel: input: Logitech Gaming Mouse G402 as /devices/pci0000:00/0000:00:14.0/usb3/3-3/3-3:1.0/0003:046D:C07E.0001/input/input2
Jul 21 02:26:38 localhost kernel: hid-generic 0003:046D:C07E.0001: input,hidraw0: USB HID v1.11 Mouse [Logitech Gaming Mouse G402] on usb-0000:00:14.0-3/input0
Jul 21 02:26:38 localhost kernel: input: Logitech Gaming Mouse G402 as /devices/pci0000:00/0000:00:14.0/usb3/3-3/3-3:1.1/0003:046D:C07E.0002/input/input3
Jul 21 02:26:38 localhost kernel: hid-generic 0003:046D:C07E.0002: input,hiddev0,hidraw1: USB HID v1.11 Keyboard [Logitech Gaming Mouse G402] on usb-0000:00:14.0-3/input1
Jul 21 02:26:38 localhost kernel: usb 3-4: new low-speed USB device number 3 using xhci_hcd
Jul 21 02:26:38 localhost kernel: tsc: Refined TSC clocksource calibration: 3398.030 MHz
Jul 21 02:26:38 localhost kernel: clocksource: tsc: mask: 0xffffffffffffffff max_cycles: 0x30fb0a05005, max_idle_ns: 440795375639 ns
Jul 21 02:26:38 localhost kernel: input: USB Keyboard as /devices/pci0000:00/0000:00:14.0/usb3/3-4/3-4:1.0/0003:04D9:0169.0003/input/input4
Jul 21 02:26:38 localhost kernel: hid-generic 0003:04D9:0169.0003: input,hidraw2: USB HID v1.10 Keyboard [USB Keyboard] on usb-0000:00:14.0-4/input0
Jul 21 02:26:38 localhost kernel: input: USB Keyboard as /devices/pci0000:00/0000:00:14.0/usb3/3-4/3-4:1.1/0003:04D9:0169.0004/input/input5
Jul 21 02:26:38 localhost kernel: hid-generic 0003:04D9:0169.0004: input,hidraw3: USB HID v1.10 Device [USB Keyboard] on usb-0000:00:14.0-4/input1
Jul 21 02:26:38 localhost kernel: usb 3-11: new full-speed USB device number 4 using xhci_hcd
Jul 21 02:26:38 localhost kernel: scsi 6:0:0:0: Direct-Access     SanDisk  Ultra Fit        1.00 PQ: 0 ANSI: 6
Jul 21 02:26:38 localhost kernel: sd 6:0:0:0: [sdc] 121307136 512-byte logical blocks: (62.1 GB/57.8 GiB)
Jul 21 02:26:38 localhost kernel: sd 6:0:0:0: [sdc] Write Protect is off
Jul 21 02:26:38 localhost kernel: sd 6:0:0:0: [sdc] Mode Sense: 43 00 00 00
Jul 21 02:26:38 localhost kernel: sd 6:0:0:0: [sdc] Write cache: disabled, read cache: enabled, doesn't support DPO or FUA
Jul 21 02:26:38 localhost kernel:  sdc: sdc1 sdc2 sdc3
Jul 21 02:26:38 localhost kernel: sd 6:0:0:0: [sdc] Attached SCSI removable disk
Jul 21 02:26:38 localhost kernel: clocksource: Switched to clocksource tsc
Jul 21 02:26:38 localhost kernel: EXT4-fs (sdc3): mounted filesystem with ordered data mode. Opts: (null)
Jul 21 02:26:38 localhost kernel: ip_tables: (C) 2000-2006 Netfilter Core Team
Jul 21 02:26:38 localhost systemd[1]: systemd 230 running in system mode. (+PAM -AUDIT -SELINUX -IMA -APPARMOR +SMACK -SYSVINIT +UTMP +LIBCRYPTSETUP +GCRYPT +GNUTLS +ACL +XZ +LZ4 +SECCOMP +BLKID +ELFUTILS +KMOD +IDN)
Jul 21 02:26:38 localhost systemd[1]: Detected architecture x86-64.
Jul 21 02:26:38 localhost systemd[1]: Set hostname to <localhost>.
Jul 21 02:26:38 localhost systemd[1]: Started Forward Password Requests to Wall Directory Watch.
Jul 21 02:26:38 localhost systemd[1]: Reached target Encrypted Volumes.
Jul 21 02:26:38 localhost systemd[1]: Listening on Process Core Dump Socket.
Jul 21 02:26:38 localhost systemd[1]: Listening on LVM2 metadata daemon socket.
Jul 21 02:26:38 localhost systemd[1]: Reached target Swap.
Jul 21 02:26:38 localhost systemd[1]: Listening on /dev/initctl Compatibility Named Pipe.
Jul 21 02:26:38 localhost systemd[1]: Created slice User and Session Slice.
Jul 21 02:26:38 localhost systemd[1]: Reached target Remote File Systems.
Jul 21 02:26:38 localhost systemd[1]: Listening on Journal Socket (/dev/log).
Jul 21 02:26:38 localhost systemd[1]: Set up automount Arbitrary Executable File Formats File System Automount Point.
Jul 21 02:26:38 localhost systemd[1]: Listening on Device-mapper event daemon FIFOs.
Jul 21 02:26:38 localhost systemd[1]: Started Dispatch Password Requests to Console Directory Watch.
Jul 21 02:26:38 localhost systemd[1]: Reached target Paths.
Jul 21 02:26:38 localhost systemd[1]: Listening on Journal Socket.
Jul 21 02:26:38 localhost systemd[1]: Listening on udev Kernel Socket.
Jul 21 02:26:38 localhost systemd[1]: Created slice System Slice.
Jul 21 02:26:38 localhost systemd[1]: Mounting Temporary Directory...
Jul 21 02:26:38 localhost systemd[1]: Starting Create list of required static device nodes for the current kernel...
Jul 21 02:26:38 localhost systemd[1]: Starting Journal Service...
Jul 21 02:26:38 localhost systemd[1]: Created slice system-systemd\x2dfsck.slice.
Jul 21 02:26:38 localhost systemd[1]: Created slice system-netctl\x2dauto.slice.
Jul 21 02:26:38 localhost systemd[1]: Mounting Configuration File System...
Jul 21 02:26:38 localhost systemd[1]: Mounting POSIX Message Queue File System...
Jul 21 02:26:38 localhost systemd[1]: Mounting Debug File System...
Jul 21 02:26:38 localhost systemd[1]: Created slice system-netctl\x2difplugd.slice.
Jul 21 02:26:38 localhost systemd[1]: Starting Setup Virtual Console...
Jul 21 02:26:38 localhost systemd[1]: Starting Apply Kernel Variables...
Jul 21 02:26:38 localhost systemd[1]: Mounting Huge Pages File System...
Jul 21 02:26:38 localhost systemd[1]: Reached target Slices.
Jul 21 02:26:38 localhost systemd[1]: Created slice system-getty.slice.
Jul 21 02:26:38 localhost systemd[1]: Starting Remount Root and Kernel File Systems...
Jul 21 02:26:38 localhost systemd[1]: Listening on udev Control Socket.
Jul 21 02:26:38 localhost systemd[1]: Started Create list of required static device nodes for the current kernel.
Jul 21 02:26:38 localhost systemd[1]: Mounted Debug File System.
Jul 21 02:26:38 localhost systemd[1]: Mounted Temporary Directory.
Jul 21 02:26:38 localhost systemd[1]: Mounted Configuration File System.
Jul 21 02:26:38 localhost systemd[1]: Mounted POSIX Message Queue File System.
Jul 21 02:26:38 localhost systemd[1]: Mounted Huge Pages File System.
Jul 21 02:26:38 localhost kernel: EXT4-fs (sdc3): re-mounted. Opts: data=ordered
Jul 21 02:26:38 localhost systemd[1]: Started Remount Root and Kernel File Systems.
Jul 21 02:26:38 localhost systemd[1]: Starting udev Coldplug all Devices...
Jul 21 02:26:38 localhost systemd[1]: Starting Create Static Device Nodes in /dev...
Jul 21 02:26:38 localhost systemd[1]: Starting Load/Save Random Seed...
Jul 21 02:26:38 localhost systemd[1]: Started Setup Virtual Console.
Jul 21 02:26:38 localhost systemd[1]: Started Load/Save Random Seed.
Jul 21 02:26:38 localhost systemd[1]: Started Apply Kernel Variables.
Jul 21 02:26:38 localhost systemd[1]: Started udev Coldplug all Devices.
Jul 21 02:26:38 localhost kernel: random: nonblocking pool is initialized
Jul 21 02:26:38 localhost systemd[1]: Started Create Static Device Nodes in /dev.
Jul 21 02:26:38 localhost systemd[1]: Reached target Local File Systems (Pre).
Jul 21 02:26:38 localhost systemd[1]: Starting udev Kernel Device Manager...
Jul 21 02:26:38 localhost systemd[1]: Started udev Kernel Device Manager.
Jul 21 02:26:38 localhost kernel: shpchp: Standard Hot Plug PCI Controller Driver version: 0.4
Jul 21 02:26:38 localhost kernel: ACPI Warning: SystemIO range 0x000000000000F040-0x000000000000F05F conflicts with OpRegion 0x000000000000F040-0x000000000000F04F (\_SB.PCI0.SBUS.SMBI) (20160108/utaddress-255)
Jul 21 02:26:38 localhost kernel: ACPI: If an ACPI driver is available for this device, you should use it instead of the native driver
Jul 21 02:26:38 localhost kernel: pps_core: LinuxPPS API ver. 1 registered
Jul 21 02:26:38 localhost kernel: pps_core: Software ver. 5.3.6 - Copyright 2005-2007 Rodolfo Giometti <giometti@linux.it>
Jul 21 02:26:38 localhost kernel: FUJITSU Extended Socket Network Device Driver - version 1.0 - Copyright (c) 2015 FUJITSU LIMITED
Jul 21 02:26:38 localhost kernel: wmi: Mapper loaded
Jul 21 02:26:38 localhost kernel: input: Power Button as /devices/LNXSYSTM:00/LNXSYBUS:00/PNP0C0C:00/input/input6
Jul 21 02:26:38 localhost kernel: ACPI: Power Button [PWRB]
Jul 21 02:26:38 localhost kernel: input: Power Button as /devices/LNXSYSTM:00/LNXPWRBN:00/input/input7
Jul 21 02:26:38 localhost kernel: ACPI: Power Button [PWRF]
Jul 21 02:26:38 localhost kernel: thermal LNXTHERM:00: registered as thermal_zone0
Jul 21 02:26:38 localhost kernel: ACPI: Thermal Zone [TZ00] (28 C)
Jul 21 02:26:38 localhost kernel: ACPI: Video Device [GFX0] (multi-head: yes  rom: no  post: no)
Jul 21 02:26:38 localhost kernel: acpi device:16: registered as cooling_device9
Jul 21 02:26:38 localhost kernel: input: Video Bus as /devices/LNXSYSTM:00/LNXSYBUS:00/PNP0A08:00/LNXVIDEO:00/input/input8
Jul 21 02:26:38 localhost kernel: PTP clock support registered
Jul 21 02:26:38 localhost kernel: e1000e: Intel(R) PRO/1000 Network Driver - 3.2.6-k
Jul 21 02:26:38 localhost kernel: e1000e: Copyright(c) 1999 - 2015 Intel Corporation.
Jul 21 02:26:38 localhost kernel: e1000e 0000:00:19.0: Interrupt Throttling Rate (ints/sec) set to dynamic conservative mode
Jul 21 02:26:38 localhost kernel: [drm] Initialized drm 1.1.0 20060810
Jul 21 02:26:38 localhost kernel: input: PC Speaker as /devices/platform/pcspkr/input/input10
Jul 21 02:26:38 localhost kernel: MXM: GUID detected in BIOS
Jul 21 02:26:38 localhost kernel: checking generic (f1000000 7e9000) vs hw (e0000000 10000000)
Jul 21 02:26:38 localhost kernel: checking generic (f1000000 7e9000) vs hw (f0000000 2000000)
Jul 21 02:26:38 localhost kernel: fb: switching to nouveaufb from EFI VGA
Jul 21 02:26:38 localhost kernel: Console: switching to colour dummy device 80x25
Jul 21 02:26:38 localhost kernel: nouveau 0000:01:00.0: NVIDIA GM204 (124020a1)
Jul 21 02:26:38 localhost systemd-journald[204]: Journal started
Jul 21 02:26:38 localhost systemd[1]: Started Journal Service.
Jul 21 02:26:38 localhost kernel: e1000e 0000:00:19.0 eth0: registered PHC clock
Jul 21 02:26:38 localhost kernel: e1000e 0000:00:19.0 eth0: (PCI Express:2.5GT/s:Width x1) 78:24:af:3c:f7:b4
Jul 21 02:26:38 localhost kernel: e1000e 0000:00:19.0 eth0: Intel(R) PRO/1000 Network Connection
Jul 21 02:26:38 localhost kernel: e1000e 0000:00:19.0 eth0: MAC: 11, PHY: 12, PBA No: FFFFFF-0FF
Jul 21 02:26:38 localhost kernel: i915 0000:00:02.0: enabling device (0000 -> 0003)
Jul 21 02:26:38 localhost kernel: [drm] Memory usable by graphics device = 2048M
Jul 21 02:26:38 localhost kernel: [drm] Replacing VGA console driver
Jul 21 02:26:38 localhost systemd[1]: Starting Flush Journal to Persistent Storage...
Jul 21 02:26:38 localhost kernel: [drm] Supports vblank timestamp caching Rev 2 (21.10.2013).
Jul 21 02:26:38 localhost kernel: [drm] Driver supports precise vblank timestamp query.
Jul 21 02:26:38 localhost kernel: [drm] Initialized i915 1.6.0 20160229 for 0000:00:02.0 on minor 0
Jul 21 02:26:38 localhost kernel: nouveau 0000:01:00.0: bios: version 84.04.36.00.50
Jul 21 02:26:38 localhost kernel: nouveau 0000:01:00.0: disp: dcb 15 type 8 unknown
Jul 21 02:26:38 localhost kernel: thermal LNXTHERM:01: registered as thermal_zone1
Jul 21 02:26:38 localhost kernel: ACPI: Thermal Zone [TZ01] (30 C)
Jul 21 02:26:38 localhost kernel: Bluetooth: Core ver 2.21
Jul 21 02:26:38 localhost kernel: NET: Registered protocol family 31
Jul 21 02:26:38 localhost kernel: Bluetooth: HCI device and connection manager initialized
Jul 21 02:26:38 localhost kernel: Bluetooth: HCI socket layer initialized
Jul 21 02:26:38 localhost kernel: Bluetooth: L2CAP socket layer initialized
Jul 21 02:26:38 localhost kernel: Bluetooth: SCO socket layer initialized
Jul 21 02:26:38 localhost kernel: i915 0000:00:02.0: No connectors reported connected with modes
Jul 21 02:26:39 localhost kernel: [drm] Cannot find any crtc or sizes - going 1024x768
Jul 21 02:26:39 localhost kernel: mousedev: PS/2 mouse device common for all mice
Jul 21 02:26:39 localhost kernel: Console: switching to colour frame buffer device 128x48
Jul 21 02:26:39 localhost kernel: nouveau 0000:01:00.0: fb: 4096 MiB GDDR5
Jul 21 02:26:39 localhost kernel: snd_hda_intel 0000:00:03.0: enabling device (0000 -> 0002)
Jul 21 02:26:39 localhost kernel: snd_hda_intel 0000:00:1b.0: enabling device (0000 -> 0002)
Jul 21 02:26:39 localhost kernel: AVX2 version of gcm_enc/dec engaged.
Jul 21 02:26:39 localhost kernel: AES CTR mode by8 optimization enabled
Jul 21 02:26:39 localhost kernel: snd_hda_codec_realtek hdaudioC1D0: autoconfig for ALC892: line_outs=1 (0x14/0x0/0x0/0x0/0x0) type:line
Jul 21 02:26:39 localhost kernel: snd_hda_codec_realtek hdaudioC1D0:    speaker_outs=0 (0x0/0x0/0x0/0x0/0x0)
Jul 21 02:26:39 localhost kernel: snd_hda_codec_realtek hdaudioC1D0:    hp_outs=1 (0x1b/0x0/0x0/0x0/0x0)
Jul 21 02:26:39 localhost kernel: snd_hda_codec_realtek hdaudioC1D0:    mono: mono_out=0x0
Jul 21 02:26:39 localhost kernel: snd_hda_codec_realtek hdaudioC1D0:    dig-out=0x11/0x1e
Jul 21 02:26:39 localhost kernel: snd_hda_codec_realtek hdaudioC1D0:    inputs:
Jul 21 02:26:39 localhost kernel: snd_hda_codec_realtek hdaudioC1D0:      Front Mic=0x19
Jul 21 02:26:39 localhost kernel: snd_hda_codec_realtek hdaudioC1D0:      Rear Mic=0x18
Jul 21 02:26:39 localhost kernel: snd_hda_codec_realtek hdaudioC1D0:      Line=0x1a
Jul 21 02:26:39 localhost kernel: input: HDA Intel PCH Front Mic as /devices/pci0000:00/0000:00:1b.0/sound/card1/input11
Jul 21 02:26:39 localhost kernel: input: HDA Intel PCH Rear Mic as /devices/pci0000:00/0000:00:1b.0/sound/card1/input12
Jul 21 02:26:39 localhost kernel: input: HDA Intel PCH Line as /devices/pci0000:00/0000:00:1b.0/sound/card1/input13
Jul 21 02:26:39 localhost kernel: input: HDA Intel PCH Line Out as /devices/pci0000:00/0000:00:1b.0/sound/card1/input14
Jul 21 02:26:39 localhost kernel: input: HDA Intel PCH Front Headphone as /devices/pci0000:00/0000:00:1b.0/sound/card1/input15
Jul 21 02:26:39 localhost kernel: snd_hda_intel 0000:00:03.0: bound 0000:00:02.0 (ops i915_audio_component_bind_ops [i915])
Jul 21 02:26:39 localhost kernel: i915 0000:00:02.0: fb0: inteldrmfb frame buffer device
Jul 21 02:26:39 localhost kernel: asus_wmi: ASUS WMI generic driver loaded
Jul 21 02:26:39 localhost kernel: iTCO_vendor_support: vendor-support=0
Jul 21 02:26:39 localhost kernel: input: HDA Intel HDMI HDMI/DP,pcm=3 as /devices/pci0000:00/0000:00:03.0/sound/card0/input16
Jul 21 02:26:39 localhost kernel: input: HDA Intel HDMI HDMI/DP,pcm=7 as /devices/pci0000:00/0000:00:03.0/sound/card0/input17
Jul 21 02:26:39 localhost kernel: input: HDA Intel HDMI HDMI/DP,pcm=8 as /devices/pci0000:00/0000:00:03.0/sound/card0/input18
Jul 21 02:26:39 localhost kernel: wl: module license 'MIXED/Proprietary' taints kernel.
Jul 21 02:26:39 localhost kernel: Disabling lock debugging due to kernel taint
Jul 21 02:26:39 localhost kernel: wl 0000:03:00.0: enabling device (0000 -> 0002)
Jul 21 02:26:39 localhost kernel: asus_wmi: Initialization: 0x0
Jul 21 02:26:39 localhost kernel: asus_wmi: BIOS WMI version: 0.9
Jul 21 02:26:39 localhost kernel: asus_wmi: SFUN value: 0x0
Jul 21 02:26:39 localhost kernel: input: Eee PC WMI hotkeys as /devices/platform/eeepc-wmi/input/input19
Jul 21 02:26:39 localhost kernel: asus_wmi: Number of fans: 1
Jul 21 02:26:39 localhost kernel: usbcore: registered new interface driver btusb
Jul 21 02:26:39 localhost kernel: [TTM] Zone  kernel: Available graphics memory: 4026670 kiB
Jul 21 02:26:39 localhost kernel: [TTM] Zone   dma32: Available graphics memory: 2097152 kiB
Jul 21 02:26:39 localhost kernel: [TTM] Initializing pool allocator
Jul 21 02:26:39 localhost kernel: [TTM] Initializing DMA pool allocator
Jul 21 02:26:39 localhost kernel: nouveau 0000:01:00.0: DRM: VRAM: 4096 MiB
Jul 21 02:26:39 localhost kernel: nouveau 0000:01:00.0: DRM: GART: 1048576 MiB
Jul 21 02:26:39 localhost kernel: nouveau 0000:01:00.0: DRM: TMDS table version 2.0
Jul 21 02:26:39 localhost kernel: nouveau 0000:01:00.0: DRM: DCB version 4.1
Jul 21 02:26:39 localhost kernel: nouveau 0000:01:00.0: DRM: DCB outp 00: 01000f02 00020030
Jul 21 02:26:39 localhost kernel: nouveau 0000:01:00.0: DRM: DCB outp 01: 02000f00 00000000
Jul 21 02:26:39 localhost kernel: nouveau 0000:01:00.0: DRM: DCB outp 02: 02811f76 04400020
Jul 21 02:26:39 localhost kernel: nouveau 0000:01:00.0: DRM: DCB outp 03: 02011f72 00020020
Jul 21 02:26:39 localhost kernel: nouveau 0000:01:00.0: DRM: DCB outp 04: 04822f86 04400010
Jul 21 02:26:39 localhost kernel: nouveau 0000:01:00.0: DRM: DCB outp 05: 04022f82 00020010
Jul 21 02:26:39 localhost kernel: nouveau 0000:01:00.0: DRM: DCB outp 06: 04833f96 04400020
Jul 21 02:26:39 localhost kernel: nouveau 0000:01:00.0: DRM: DCB outp 07: 04033f92 00020020
Jul 21 02:26:39 localhost kernel: nouveau 0000:01:00.0: DRM: DCB outp 08: 02044f62 00020010
Jul 21 02:26:39 localhost kernel: nouveau 0000:01:00.0: DRM: DCB outp 15: 01df5ff8 00000000
Jul 21 02:26:39 localhost kernel: nouveau 0000:01:00.0: DRM: DCB conn 00: 00001030
Jul 21 02:26:39 localhost kernel: nouveau 0000:01:00.0: DRM: DCB conn 01: 00020146
Jul 21 02:26:39 localhost kernel: nouveau 0000:01:00.0: DRM: DCB conn 02: 01000246
Jul 21 02:26:39 localhost kernel: nouveau 0000:01:00.0: DRM: DCB conn 03: 02000346
Jul 21 02:26:39 localhost kernel: nouveau 0000:01:00.0: DRM: DCB conn 04: 00010461
Jul 21 02:26:39 localhost kernel: nouveau 0000:01:00.0: DRM: DCB conn 05: 00000570
Jul 21 02:26:39 localhost kernel: nouveau 0000:01:00.0: DRM: Pointer to flat panel table invalid
Jul 21 02:26:39 localhost kernel: wlan0: Broadcom BCM43b1 802.11 Hybrid Wireless Controller 6.30.223.271 (r587334)
Jul 21 02:26:39 localhost kernel: iTCO_wdt: Intel TCO WatchDog Timer Driver v1.11
Jul 21 02:26:39 localhost kernel: iTCO_wdt: Found a 9 Series TCO device (Version=2, TCOBASE=0x1860)
Jul 21 02:26:39 localhost kernel: iTCO_wdt: initialized. heartbeat=30 sec (nowayout=0)
Jul 21 02:26:39 localhost kernel: Bluetooth: hci0: BCM: chip id 63
Jul 21 02:26:39 localhost kernel: nouveau 0000:01:00.0: DRM: unknown connector type 70
Jul 21 02:26:39 localhost kernel: nouveau 0000:01:00.0: DRM: failed to create encoder 1/8/0: -19
Jul 21 02:26:39 localhost kernel: nouveau 0000:01:00.0: DRM: Unknown-1 has no encoders, removing
Jul 21 02:26:39 localhost kernel: [drm] Supports vblank timestamp caching Rev 2 (21.10.2013).
Jul 21 02:26:39 localhost kernel: [drm] Driver supports precise vblank timestamp query.
Jul 21 02:26:39 localhost kernel: kvm: disabled by bios
Jul 21 02:26:39 localhost kernel: Bluetooth: hci0: Warren
Jul 21 02:26:39 localhost kernel: Bluetooth: hci0: BCM20702A1 (001.002.014) build 1469
Jul 21 02:26:39 localhost kernel: bluetooth hci0: Direct firmware load for brcm/BCM20702A1-0b05-17cf.hcd failed with error -2
Jul 21 02:26:39 localhost kernel: Bluetooth: hci0: BCM: Patch brcm/BCM20702A1-0b05-17cf.hcd not found
Jul 21 02:26:39 localhost kernel: wl 0000:03:00.0 wlp3s0: renamed from wlan0
Jul 21 02:26:39 localhost kernel: kvm: disabled by bios
Jul 21 02:26:39 localhost kernel: nouveau 0000:01:00.0: DRM: MM: using COPY for buffer copies
Jul 21 02:26:39 localhost systemd[1]: Started Flush Journal to Persistent Storage.
Jul 21 02:26:39 localhost systemd[1]: Listening on Load/Save RF Kill Switch Status /dev/rfkill Watch.
Jul 21 02:26:39 localhost systemd[1]: Created slice system-systemd\x2dbacklight.slice.
Jul 21 02:26:39 localhost systemd[1]: Starting Load/Save Screen Backlight Brightness of backlight:acpi_video0...
Jul 21 02:26:39 localhost systemd-fsck[299]: fsck.fat 4.0 (2016-05-06)
Jul 21 02:26:39 localhost systemd-fsck[299]: /dev/sdc2: 14 files, 9067/130812 clusters
Jul 21 02:26:39 localhost systemd[1]: Found device Ultra_Fit 2.
Jul 21 02:26:39 localhost systemd[1]: Starting File System Check on /dev/disk/by-uuid/1416-EF79...
Jul 21 02:26:39 localhost systemd[1]: Starting Load/Save RF Kill Switch Status...
Jul 21 02:26:39 localhost systemd-backlight[296]: Failed to get backlight or LED device 'backlight:acpi_video0': No such device
Jul 21 02:26:39 localhost systemd[1]: Started Load/Save RF Kill Switch Status.
Jul 21 02:26:39 localhost systemd[1]: systemd-backlight@backlight:acpi_video0.service: Main process exited, code=exited, status=1/FAILURE
Jul 21 02:26:39 localhost systemd[1]: Failed to start Load/Save Screen Backlight Brightness of backlight:acpi_video0.
Jul 21 02:26:39 localhost systemd[1]: systemd-backlight@backlight:acpi_video0.service: Unit entered failed state.
Jul 21 02:26:39 localhost systemd[1]: systemd-backlight@backlight:acpi_video0.service: Failed with result 'exit-code'.
Jul 21 02:26:39 localhost systemd[1]: Started File System Check on /dev/disk/by-uuid/1416-EF79.
Jul 21 02:26:39 localhost systemd[1]: Found device BCM4352 802.11ac Wireless Network Adapter.
Jul 21 02:26:39 localhost systemd[1]: Mounting /boot...
Jul 21 02:26:39 localhost systemd[1]: Reached target Bluetooth.
Jul 21 02:26:39 localhost kernel: intel_rapl: Found RAPL domain package
Jul 21 02:26:39 localhost kernel: intel_rapl: Found RAPL domain core
Jul 21 02:26:39 localhost kernel: intel_rapl: Found RAPL domain uncore
Jul 21 02:26:39 localhost kernel: intel_rapl: Found RAPL domain dram
Jul 21 02:26:39 localhost kernel: e1000e 0000:00:19.0 eno1: renamed from eth0
Jul 21 02:26:39 localhost systemd[1]: Found device Ethernet Connection (2) I218-V.
Jul 21 02:26:39 localhost systemd[1]: Mounted /boot.
Jul 21 02:26:39 localhost systemd[1]: Reached target Local File Systems.
Jul 21 02:26:39 localhost systemd[1]: Starting Create Volatile Files and Directories...
Jul 21 02:26:39 localhost systemd[1]: Started Create Volatile Files and Directories.
Jul 21 02:26:39 localhost systemd[1]: Starting Update UTMP about System Boot/Shutdown...
Jul 21 02:26:39 localhost systemd[1]: Started Update UTMP about System Boot/Shutdown.
Jul 21 02:26:39 localhost systemd[1]: Reached target System Initialization.
Jul 21 02:26:39 localhost systemd[1]: Started Daily Cleanup of Temporary Directories.
Jul 21 02:26:39 localhost systemd[1]: Listening on D-Bus System Message Bus Socket.
Jul 21 02:26:39 localhost systemd[1]: Reached target Sockets.
Jul 21 02:26:39 localhost systemd[1]: Started Daily rotation of log files.
Jul 21 02:26:39 localhost systemd[1]: Reached target Basic System.
Jul 21 02:26:39 localhost systemd[1]: Starting Login Service...
Jul 21 02:26:39 localhost systemd[1]: Started Automatic wired network connection using netctl profiles.
Jul 21 02:26:39 localhost systemd[1]: Starting dhcpcd on all interfaces...
Jul 21 02:26:39 localhost systemd[1]: Starting Save/Restore Sound Card State...
Jul 21 02:26:39 localhost systemd[1]: Starting Automatic wireless network connection using netctl profiles...
Jul 21 02:26:39 localhost systemd[1]: Started D-Bus System Message Bus.
Jul 21 02:26:39 localhost ifplugd[327]: ifplugd 0.28 initializing.
Jul 21 02:26:39 localhost kernel: nouveau 0000:01:00.0: DRM: allocated 1920x1080 fb: 0x60000, bo ffff88022515a400
Jul 21 02:26:39 localhost kernel: fbcon: nouveaufb (fb1) is primary device
Jul 21 02:26:39 localhost kernel: fbcon: Remapping primary device, fb1, to tty 1-63
Jul 21 02:26:39 localhost dhcpcd[328]: dev: loaded udev
Jul 21 02:26:39 localhost systemd[1]: Started Daily verification of password and group files.
Jul 21 02:26:39 localhost ifplugd[327]: Using interface eno1/78:24:AF:3C:F7:B4 with driver <e1000e> (version: 3.2.6-k)
Jul 21 02:26:39 localhost ifplugd[327]: Using detection mode: SIOCETHTOOL
Jul 21 02:26:39 localhost ifplugd[327]: Initialization complete, link beat not detected.
Jul 21 02:26:39 localhost dhcpcd[328]: forked to background, child pid 341
Jul 21 02:26:39 localhost netctl-auto[330]: Included profile 'wlp3s0-NETGEAR95'
Jul 21 02:26:39 localhost dhcpcd[341]: eno1: waiting for carrier
Jul 21 02:26:39 localhost dhcpcd[341]: wlp3s0: waiting for carrier
Jul 21 02:26:39 localhost dhcpcd[341]: wlp3s0: carrier acquired
Jul 21 02:26:39 localhost dhcpcd[341]: wlp3s0: adding address fe80::bff4:73c4:57d1:3a3d
Jul 21 02:26:39 localhost dhcpcd[341]: DUID 00:01:00:01:1f:20:78:8e:78:24:af:3c:f7:b4
Jul 21 02:26:39 localhost dhcpcd[341]: wlp3s0: IAID 1e:ef:ad:dc
Jul 21 02:26:39 localhost dhcpcd[341]: wlp3s0: carrier lost
Jul 21 02:26:39 localhost dhcpcd[341]: wlp3s0: deleting address fe80::bff4:73c4:57d1:3a3d
Jul 21 02:26:39 localhost wpa_actiond[366]: Starting wpa_actiond session for interface 'wlp3s0'
Jul 21 02:26:40 localhost kernel: IPv6: ADDRCONF(NETDEV_UP): eno1: link is not ready
Jul 21 02:26:40 localhost kernel: nouveau 0000:01:00.0: fb1: nouveaufb frame buffer device
Jul 21 02:26:40 localhost kernel: [drm] Initialized nouveau 1.3.1 20120801 for 0000:01:00.0 on minor 1
Jul 21 02:26:40 localhost kernel: snd_hda_intel 0000:01:00.1: Disabling MSI
Jul 21 02:26:40 localhost kernel: snd_hda_intel 0000:01:00.1: Handle vga_switcheroo audio client
Jul 21 02:26:40 localhost systemd[1]: Reached target Timers.
Jul 21 02:26:40 localhost systemd[1]: Started dhcpcd on all interfaces.
Jul 21 02:26:40 localhost systemd[1]: Started Save/Restore Sound Card State.
Jul 21 02:26:40 localhost systemd[1]: Started Automatic wireless network connection using netctl profiles.
Jul 21 02:26:40 localhost systemd-logind[326]: New seat seat0.
Jul 21 02:26:40 localhost systemd-logind[326]: Watching system buttons on /dev/input/event5 (Power Button)
Jul 21 02:26:40 localhost systemd-logind[326]: Watching system buttons on /dev/input/event6 (Video Bus)
Jul 21 02:26:40 localhost systemd-logind[326]: Watching system buttons on /dev/input/event4 (Power Button)
Jul 21 02:26:40 localhost systemd-logind[326]: Watching system buttons on /dev/input/event16 (Eee PC WMI hotkeys)
Jul 21 02:26:40 localhost systemd[1]: Starting Verify integrity of password and group files...
Jul 21 02:26:40 localhost systemd[1]: Starting Rotate log files...
Jul 21 02:26:40 localhost systemd[1]: Reached target Network.
Jul 21 02:26:40 localhost systemd[1]: Starting Permit User Sessions...
Jul 21 02:26:40 localhost systemd[1]: Started Login Service.
Jul 21 02:26:40 localhost systemd[1]: Reached target Sound Card.
Jul 21 02:26:40 localhost systemd[1]: Started Rotate log files.
Jul 21 02:26:40 localhost systemd[1]: Started Permit User Sessions.
Jul 21 02:26:40 localhost systemd[1]: Started Getty on tty1.
Jul 21 02:26:40 localhost systemd[1]: Reached target Login Prompts.
Jul 21 02:26:40 localhost systemd[1]: Reached target Multi-User System.
Jul 21 02:26:40 localhost systemd[1]: Reached target Graphical Interface.
Jul 21 02:26:40 localhost pwck[367]: user 'lightdm': directory '/var/lib/lightdm' does not exist
Jul 21 02:26:40 localhost pwck[367]: pwck: no changes
Jul 21 02:26:40 localhost systemd[1]: shadow.service: Main process exited, code=exited, status=2/INVALIDARGUMENT
Jul 21 02:26:40 localhost systemd[1]: Failed to start Verify integrity of password and group files.
Jul 21 02:26:40 localhost systemd[1]: Startup finished in 3.142s (kernel) + 4.577s (userspace) = 19.979s.
Jul 21 02:26:40 localhost systemd[1]: shadow.service: Unit entered failed state.
Jul 21 02:26:40 localhost systemd[1]: shadow.service: Failed with result 'exit-code'.
Jul 21 02:26:40 localhost kernel: input: HDA NVidia HDMI/DP,pcm=3 as /devices/pci0000:00/0000:00:01.0/0000:01:00.1/sound/card2/input20
Jul 21 02:26:40 localhost kernel: input: HDA NVidia HDMI/DP,pcm=7 as /devices/pci0000:00/0000:00:01.0/0000:01:00.1/sound/card2/input21
Jul 21 02:26:40 localhost kernel: input: HDA NVidia HDMI/DP,pcm=8 as /devices/pci0000:00/0000:00:01.0/0000:01:00.1/sound/card2/input22
Jul 21 02:26:40 localhost kernel: input: HDA NVidia HDMI/DP,pcm=9 as /devices/pci0000:00/0000:00:01.0/0000:01:00.1/sound/card2/input23
Jul 21 02:26:44 localhost dhcpcd[341]: wlp3s0: carrier acquired
Jul 21 02:26:44 localhost wpa_actiond[366]: Interface 'wlp3s0' connected to network 'NETGEAR95'
Jul 21 02:26:44 localhost dhcpcd[341]: wlp3s0: adding address fe80::d9e7:6891:5b4b:800b
Jul 21 02:26:44 localhost dhcpcd[341]: wlp3s0: IAID 1e:ef:ad:dc
Jul 21 02:26:45 localhost dhcpcd[410]: sending commands to master dhcpcd process
Jul 21 02:26:45 localhost dhcpcd[341]: control command: dhcpcd -4 -q -t 30 -K -L wlp3s0
Jul 21 02:26:45 localhost dhcpcd[341]: wlp3s0: rebinding lease of 10.1.10.20
Jul 21 02:26:45 localhost dhcpcd[341]: wlp3s0: probing address 10.1.10.20/24
Jul 21 02:26:45 localhost dhcpcd[341]: wlp3s0: soliciting an IPv6 router
Jul 21 02:26:46 localhost dhcpcd[341]: wlp3s0: Router Advertisement from fe80::c639:3aff:fe04:c02
Jul 21 02:26:46 localhost dhcpcd[341]: wlp3s0: adding address 2601:646:8103:b600:b2f2:25eb:231c:af49/64
Jul 21 02:26:46 localhost dhcpcd[341]: wlp3s0: adding route to 2601:646:8103:b600::1/64
Jul 21 02:26:46 localhost dhcpcd[341]: wlp3s0: adding default route via fe80::c639:3aff:fe04:c02
Jul 21 02:26:46 localhost dhcpcd[341]: wlp3s0: confirming prior DHCPv6 lease
Jul 21 02:26:46 localhost dhcpcd[341]: wlp3s0: REPLY6 received from fe80::c639:3aff:fe04:c02
Jul 21 02:26:46 localhost dhcpcd[341]: wlp3s0: adding address 2601:646:8103:b600:b701:57c6:32e9:4b15/128
Jul 21 02:26:46 localhost dhcpcd[341]: wlp3s0: renew in 124353, rebind in 198965, expire in 248707 seconds
Jul 21 02:26:51 localhost dhcpcd[341]: wlp3s0: leased 10.1.10.20 for 604800 seconds
Jul 21 02:26:51 localhost dhcpcd[341]: wlp3s0: adding route to 10.1.10.0/24
Jul 21 02:26:51 localhost dhcpcd[341]: wlp3s0: adding default route via 10.1.10.1
Jul 21 02:26:52 localhost login[382]: pam_unix(login:session): session opened for user warren by LOGIN(uid=0)
Jul 21 02:26:52 localhost systemd[1]: Created slice User Slice of warren.
Jul 21 02:26:52 localhost systemd[1]: Starting User Manager for UID 1000...
Jul 21 02:26:52 localhost systemd-logind[326]: New session c1 of user warren.
Jul 21 02:26:52 localhost systemd[1]: Started Session c1 of user warren.
Jul 21 02:26:52 localhost systemd[530]: pam_unix(systemd-user:session): session opened for user warren by (uid=0)
Jul 21 02:26:52 localhost systemd[530]: Reached target Timers.
Jul 21 02:26:52 localhost login[382]: LOGIN ON tty1 BY warren
Jul 21 02:26:52 localhost systemd[530]: Starting D-Bus User Message Bus Socket.
Jul 21 02:26:52 localhost systemd[530]: Reached target Paths.
Jul 21 02:26:52 localhost systemd[530]: Listening on Sound System.
Jul 21 02:26:52 localhost systemd[530]: Listening on D-Bus User Message Bus Socket.
Jul 21 02:26:52 localhost systemd[530]: Reached target Sockets.
Jul 21 02:26:52 localhost systemd[530]: Reached target Basic System.
Jul 21 02:26:52 localhost systemd[530]: Reached target Default.
Jul 21 02:26:52 localhost systemd[530]: Startup finished in 56ms.
Jul 21 02:26:52 localhost systemd[1]: Started User Manager for UID 1000.
Jul 21 02:29:18 localhost sudo[552]:   warren : TTY=tty1 ; PWD=/home/warren ; USER=root ; COMMAND=/usr/bin/shutdown now
Jul 21 02:29:18 localhost sudo[552]: pam_unix(sudo:session): session opened for user root by warren(uid=0)
Jul 21 02:29:18 localhost systemd[1]: Removed slice system-systemd\x2dbacklight.slice.
Jul 21 02:29:18 localhost systemd[1]: Stopping User Manager for UID 1000...
Jul 21 02:29:18 localhost systemd[1]: Stopping Session c1 of user warren.
Jul 21 02:29:18 localhost sudo[552]: pam_unix(sudo:session): session closed for user root
Jul 21 02:29:18 localhost systemd[530]: Stopped target Default.
Jul 21 02:29:18 localhost systemd[530]: Stopped target Basic System.
Jul 21 02:29:18 localhost systemd[530]: Stopped target Paths.
Jul 21 02:29:18 localhost systemd[530]: Stopped target Sockets.
Jul 21 02:29:18 localhost login[382]: pam_unix(login:session): session closed for user warren
Jul 21 02:29:18 localhost ifplugd[327]: Exiting.
Jul 21 02:29:18 localhost systemd[530]: Closed Sound System.
Jul 21 02:29:18 localhost systemd[532]: pam_unix(systemd-user:session): session closed for user warren
Jul 21 02:29:18 localhost systemd[530]: Closed D-Bus User Message Bus Socket.
Jul 21 02:29:18 localhost systemd[530]: Reached target Shutdown.
Jul 21 02:29:18 localhost systemd[1]: Stopped target Graphical Interface.
Jul 21 02:29:18 localhost systemd[530]: Starting Exit the Session...
Jul 21 02:29:18 localhost systemd[530]: Stopped target Timers.
Jul 21 02:29:18 localhost systemd[1]: Stopping Save/Restore Sound Card State...
Jul 21 02:29:18 localhost systemd[1]: Starting Generate shutdown-ramfs...
Jul 21 02:29:18 localhost systemd[1]: Stopped target Bluetooth.
Jul 21 02:29:18 localhost systemd[530]: Received SIGRTMIN+24 from PID 555 (kill).
Jul 21 02:29:18 localhost systemd[1]: Stopped target Multi-User System.
Jul 21 02:29:18 localhost dhcpcd[577]: sending signal TERM to pid 341
Jul 21 02:29:18 localhost systemd[1]: Stopping Automatic wired network connection using netctl profiles...
Jul 21 02:29:18 localhost dhcpcd[577]: waiting for pid 341 to exit
Jul 21 02:29:18 localhost systemd[1]: Stopping D-Bus System Message Bus...
Jul 21 02:29:18 localhost dhcpcd[341]: received SIGTERM, stopping
Jul 21 02:29:18 localhost systemd-logind[326]: Failed to abandon session scope: Connection reset by peer
Jul 21 02:29:18 localhost dhcpcd[341]: eno1: removing interface
Jul 21 02:29:18 localhost systemd[1]: Stopped target Timers.
Jul 21 02:29:18 localhost systemd[1]: Stopped Daily rotation of log files.
Jul 21 02:29:18 localhost systemd[1]: Stopped Daily verification of password and group files.
Jul 21 02:29:18 localhost dhcpcd[341]: wlp3s0: removing interface
Jul 21 02:29:18 localhost systemd[1]: Stopped target Sound Card.
Jul 21 02:29:18 localhost systemd[1]: Closed Load/Save RF Kill Switch Status /dev/rfkill Watch.
Jul 21 02:29:18 localhost systemd[1]: Stopped target Login Prompts.
Jul 21 02:29:18 localhost systemd[1]: Stopping Getty on tty1...
Jul 21 02:29:18 localhost systemd[1]: Stopped Daily Cleanup of Temporary Directories.
Jul 21 02:29:18 localhost systemd[1]: Stopped Automatic wired network connection using netctl profiles.
Jul 21 02:29:18 localhost systemd[1]: Stopped D-Bus System Message Bus.
Jul 21 02:29:18 localhost systemd[1]: Stopped Getty on tty1.
Jul 21 02:29:18 localhost systemd[1]: Stopped User Manager for UID 1000.
Jul 21 02:29:18 localhost systemd[1]: Stopped Session c1 of user warren.
Jul 21 02:29:18 localhost systemd[1]: Stopped Save/Restore Sound Card State.
Jul 21 02:29:18 localhost systemd[1]: Failed to propagate agent release message: Transport endpoint is not connected
Jul 21 02:29:18 localhost systemd[1]: Failed to propagate agent release message: Transport endpoint is not connected
Jul 21 02:29:18 localhost systemd[1]: Failed to propagate agent release message: Transport endpoint is not connected
Jul 21 02:29:18 localhost systemd[1]: Failed to propagate agent release message: Transport endpoint is not connected
Jul 21 02:29:18 localhost systemd[1]: Failed to propagate agent release message: Transport endpoint is not connected
Jul 21 02:29:18 localhost systemd[1]: Failed to propagate agent release message: Transport endpoint is not connected
Jul 21 02:29:18 localhost systemd[1]: Failed to propagate agent release message: Transport endpoint is not connected
Jul 21 02:29:18 localhost systemd[1]: Failed to propagate agent release message: Transport endpoint is not connected
Jul 21 02:29:18 localhost systemd[1]: Failed to propagate agent release message: Transport endpoint is not connected
Jul 21 02:29:18 localhost systemd[1]: Failed to propagate agent release message: Transport endpoint is not connected
Jul 21 02:29:18 localhost systemd[1]: Failed to propagate agent release message: Transport endpoint is not connected
Jul 21 02:29:18 localhost systemd[1]: Removed slice User Slice of warren.
Jul 21 02:29:18 localhost systemd[1]: Stopping Login Service...
Jul 21 02:29:18 localhost systemd[1]: Stopping Permit User Sessions...
Jul 21 02:29:18 localhost systemd[1]: Removed slice system-getty.slice.
Jul 21 02:29:18 localhost systemd[1]: Removed slice system-netctl\x2difplugd.slice.
Jul 21 02:29:18 localhost systemd[1]: Stopped Permit User Sessions.
Jul 21 02:29:18 localhost systemd[1]: Stopped target Network.
Jul 21 02:29:18 localhost systemd[1]: Stopping dhcpcd on all interfaces...
Jul 21 02:29:18 localhost systemd[1]: Stopping Automatic wireless network connection using netctl profiles...
Jul 21 02:29:18 localhost wpa_actiond[366]: Interface 'wlp3s0' disconnected from network 'NETGEAR95'
Jul 21 02:29:18 localhost systemd[1]: Stopped target Remote File Systems.
Jul 21 02:29:18 localhost wpa_actiond[366]: Terminating wpa_actiond session for interface 'wlp3s0'
Jul 21 02:29:18 localhost mkinitcpio[557]: ==> Starting build: none
Jul 21 02:29:18 localhost mkinitcpio[557]:   -> Running build hook: [sd-shutdown]
Jul 21 02:29:18 localhost dhcpcd[577]: sending signal TERM to pid 341
Jul 21 02:29:18 localhost dhcpcd[577]: waiting for pid 341 to exit
Jul 21 02:29:18 localhost systemd[1]: Stopped dhcpcd on all interfaces.
Jul 21 02:29:18 localhost systemd[1]: Stopped Login Service.
Jul 21 02:29:18 localhost mkinitcpio[557]: ==> Build complete.
Jul 21 02:29:18 localhost systemd[1]: Started Generate shutdown-ramfs.
Jul 21 02:29:19 localhost systemd[1]: Stopped Automatic wireless network connection using netctl profiles.
Jul 21 02:29:19 localhost systemd[1]: Removed slice system-netctl\x2dauto.slice.
Jul 21 02:29:19 localhost systemd[1]: Stopped target Basic System.
Jul 21 02:29:19 localhost systemd[1]: Stopped target Sockets.
Jul 21 02:29:19 localhost systemd[1]: Closed D-Bus System Message Bus Socket.
Jul 21 02:29:19 localhost systemd[1]: Stopped target Paths.
Jul 21 02:29:19 localhost systemd[1]: Stopped Dispatch Password Requests to Console Directory Watch.
Jul 21 02:29:19 localhost systemd[1]: Stopped Forward Password Requests to Wall Directory Watch.
Jul 21 02:29:19 localhost systemd[1]: Stopped target Slices.
Jul 21 02:29:19 localhost systemd[1]: Removed slice User and Session Slice.
Jul 21 02:29:19 localhost systemd[1]: Stopped target System Initialization.
Jul 21 02:29:19 localhost systemd[1]: Stopped target Encrypted Volumes.
Jul 21 02:29:19 localhost systemd[1]: Stopped Setup Virtual Console.
Jul 21 02:29:19 localhost systemd[1]: Stopping Load/Save Random Seed...
Jul 21 02:29:19 localhost systemd[1]: Stopping Update UTMP about System Boot/Shutdown...
Jul 21 02:29:19 localhost systemd[1]: Stopped Apply Kernel Variables.
Jul 21 02:29:19 localhost systemd[1]: Stopped Load/Save Random Seed.
Jul 21 02:29:19 localhost systemd[1]: Stopped Update UTMP about System Boot/Shutdown.
Jul 21 02:29:19 localhost systemd[1]: Stopped Create Volatile Files and Directories.
Jul 21 02:29:19 localhost systemd[1]: Stopped target Local File Systems.
Jul 21 02:29:19 localhost systemd[1]: Unmounting Temporary Directory...
Jul 21 02:29:19 localhost systemd[1]: Unmounting /run/user/1000...
Jul 21 02:29:19 localhost systemd[1]: Unmounting /boot...
Jul 21 02:29:19 localhost systemd[1]: Unmounted Temporary Directory.
Jul 21 02:29:19 localhost systemd[1]: Stopped target Swap.
Jul 21 02:29:19 localhost systemd[1]: Unmounted /run/user/1000.
Jul 21 02:29:19 localhost systemd[1]: Unmounted /boot.
Jul 21 02:29:19 localhost systemd[1]: Reached target Unmount All Filesystems.
Jul 21 02:29:19 localhost systemd[1]: Stopped File System Check on /dev/disk/by-uuid/1416-EF79.
Jul 21 02:29:19 localhost systemd[1]: Removed slice system-systemd\x2dfsck.slice.
Jul 21 02:29:19 localhost systemd[1]: Stopped target Local File Systems (Pre).
Jul 21 02:29:19 localhost systemd[1]: Stopped Create Static Device Nodes in /dev.
Jul 21 02:29:19 localhost systemd[1]: Stopped Remount Root and Kernel File Systems.
Jul 21 02:29:19 localhost systemd[1]: Reached target Shutdown.
Jul 21 02:29:19 localhost systemd[1]: Reached target Final Step.
Jul 21 02:29:19 localhost systemd[1]: Starting Power-Off...
Jul 21 02:29:19 localhost systemd[1]: Shutting down.
Jul 21 02:29:19 localhost systemd-shutdown[1]: Sending SIGTERM to remaining processes...
Jul 21 02:29:19 localhost systemd-journald[204]: Journal stopped
-- Reboot --
Jul 21 10:04:03 localhost systemd-journald[182]: Runtime journal (/run/log/journal/) is 8.0M, max 192.8M, 184.8M free.
Jul 21 10:04:04 localhost systemd-journald[182]: System journal (/var/log/journal/) is 168.0M, max 4.0G, 3.8G free.
Jul 21 10:04:04 localhost systemd-journald[182]: Time spent on flushing to /var is 705.764ms for 2 entries.
Jul 21 10:04:04 localhost kernel: microcode: microcode updated early to revision 0x1f, date = 2016-04-01
Jul 21 10:04:04 localhost kernel: Linux version 4.6.4-1-ARCH (builduser@tobias) (gcc version 6.1.1 20160707 (GCC) ) #1 SMP PREEMPT Mon Jul 11 19:12:32 CEST 2016
Jul 21 10:04:04 localhost kernel: Command line: initrd=\intel-ucode.img initrd=\initramfs-linux.img root=PARTUUID=22d511b2-774e-4a5f-9cdc-6258f45f802c rw nouveau.nofbaccel=1
Jul 21 10:04:04 localhost kernel: x86/fpu: xstate_offset[2]:  576, xstate_sizes[2]:  256
Jul 21 10:04:04 localhost kernel: x86/fpu: Supporting XSAVE feature 0x001: 'x87 floating point registers'
Jul 21 10:04:04 localhost kernel: x86/fpu: Supporting XSAVE feature 0x002: 'SSE registers'
Jul 21 10:04:04 localhost kernel: x86/fpu: Supporting XSAVE feature 0x004: 'AVX registers'
Jul 21 10:04:04 localhost kernel: x86/fpu: Enabled xstate features 0x7, context size is 832 bytes, using 'standard' format.
Jul 21 10:04:04 localhost kernel: x86/fpu: Using 'eager' FPU context switches.
Jul 21 10:04:04 localhost kernel: e820: BIOS-provided physical RAM map:
Jul 21 10:04:04 localhost kernel: BIOS-e820: [mem 0x0000000000000000-0x0000000000057fff] usable
Jul 21 10:04:04 localhost kernel: BIOS-e820: [mem 0x0000000000058000-0x0000000000058fff] reserved
Jul 21 10:04:04 localhost kernel: BIOS-e820: [mem 0x0000000000059000-0x000000000009bfff] usable
Jul 21 10:04:04 localhost kernel: BIOS-e820: [mem 0x000000000009c000-0x000000000009cfff] reserved
Jul 21 10:04:04 localhost kernel: BIOS-e820: [mem 0x000000000009d000-0x000000000009dfff] usable
Jul 21 10:04:04 localhost kernel: BIOS-e820: [mem 0x000000000009e000-0x00000000000bffff] reserved
Jul 21 10:04:04 localhost kernel: BIOS-e820: [mem 0x0000000000100000-0x00000000d0293fff] usable
Jul 21 10:04:04 localhost kernel: BIOS-e820: [mem 0x00000000d0294000-0x00000000d0495fff] reserved
Jul 21 10:04:04 localhost kernel: BIOS-e820: [mem 0x00000000d0496000-0x00000000da966fff] usable
Jul 21 10:04:04 localhost kernel: BIOS-e820: [mem 0x00000000da967000-0x00000000dcd3efff] reserved
Jul 21 10:04:04 localhost kernel: BIOS-e820: [mem 0x00000000dcd3f000-0x00000000dce7efff] ACPI NVS
Jul 21 10:04:04 localhost kernel: BIOS-e820: [mem 0x00000000dce7f000-0x00000000dcefefff] ACPI data
Jul 21 10:04:04 localhost kernel: BIOS-e820: [mem 0x00000000dceff000-0x00000000dcefffff] usable
Jul 21 10:04:04 localhost kernel: BIOS-e820: [mem 0x00000000dcf00000-0x00000000df9fffff] reserved
Jul 21 10:04:04 localhost kernel: BIOS-e820: [mem 0x00000000f80f8000-0x00000000f80f8fff] reserved
Jul 21 10:04:04 localhost kernel: BIOS-e820: [mem 0x00000000fe101000-0x00000000fe112fff] reserved
Jul 21 10:04:04 localhost kernel: BIOS-e820: [mem 0x00000000fed1c000-0x00000000fed1ffff] reserved
Jul 21 10:04:04 localhost kernel: BIOS-e820: [mem 0x0000000100000000-0x000000011f5fffff] usable
Jul 21 10:04:04 localhost kernel: NX (Execute Disable) protection: active
Jul 21 10:04:04 localhost kernel: e820: update [mem 0xd1753018-0xd1763057] usable ==> usable
Jul 21 10:04:04 localhost kernel: e820: update [mem 0xd1742018-0xd1752657] usable ==> usable
Jul 21 10:04:04 localhost kernel: extended physical RAM map:
Jul 21 10:04:04 localhost kernel: reserve setup_data: [mem 0x0000000000000000-0x0000000000057fff] usable
Jul 21 10:04:04 localhost kernel: reserve setup_data: [mem 0x0000000000058000-0x0000000000058fff] reserved
Jul 21 10:04:04 localhost kernel: reserve setup_data: [mem 0x0000000000059000-0x000000000009bfff] usable
Jul 21 10:04:04 localhost kernel: reserve setup_data: [mem 0x000000000009c000-0x000000000009cfff] reserved
Jul 21 10:04:04 localhost kernel: reserve setup_data: [mem 0x000000000009d000-0x000000000009dfff] usable
Jul 21 10:04:04 localhost kernel: reserve setup_data: [mem 0x000000000009e000-0x00000000000bffff] reserved
Jul 21 10:04:04 localhost kernel: reserve setup_data: [mem 0x0000000000100000-0x00000000d0293fff] usable
Jul 21 10:04:04 localhost kernel: reserve setup_data: [mem 0x00000000d0294000-0x00000000d0495fff] reserved
Jul 21 10:04:04 localhost kernel: reserve setup_data: [mem 0x00000000d0496000-0x00000000d1742017] usable
Jul 21 10:04:04 localhost kernel: reserve setup_data: [mem 0x00000000d1742018-0x00000000d1752657] usable
Jul 21 10:04:04 localhost kernel: reserve setup_data: [mem 0x00000000d1752658-0x00000000d1753017] usable
Jul 21 10:04:04 localhost kernel: reserve setup_data: [mem 0x00000000d1753018-0x00000000d1763057] usable
Jul 21 10:04:04 localhost kernel: reserve setup_data: [mem 0x00000000d1763058-0x00000000da966fff] usable
Jul 21 10:04:04 localhost kernel: reserve setup_data: [mem 0x00000000da967000-0x00000000dcd3efff] reserved
Jul 21 10:04:04 localhost kernel: reserve setup_data: [mem 0x00000000dcd3f000-0x00000000dce7efff] ACPI NVS
